Archive member included to satisfy reference by file (symbol)

../../Compiler/COMMON/SGL_302j/LIB_ELF/SEGA_SYS.A(sys_exit.o)
                              ../../jo_engine/core.o (SYS_Exit)
../../Compiler/COMMON/SGL_302j/LIB_ELF/SEGA_SYS.A(sys_sub.o)
                              ../../Compiler/COMMON/SGL_302j/LIB_ELF/SEGA_SYS.A(sys_exit.o) (SYSUB_SetStackptr)
../../Compiler/COMMON/SGL_302j/LIB_ELF/LIBCD.A(CDC_CMN.O)
                              pcmsys.o (CDC_GetCurStat)
../../Compiler/COMMON/SGL_302j/LIB_ELF/LIBCD.A(CDC_DRV.O)
                              main.o (CDC_CdPlay)
../../Compiler/COMMON/SGL_302j/LIB_ELF/LIBCD.A(CDC_CFS.O)
                              ../../Compiler/COMMON/SGL_302j/LIB_ELF/SEGA_SYS.A(sys_exit.o) (CDC_ChgDir)
../../Compiler/COMMON/SGL_302j/LIB_ELF/LIBCD.A(CDC_REG.O)
                              ../../Compiler/COMMON/SGL_302j/LIB_ELF/SEGA_SYS.A(sys_exit.o) (CDC_GetHirqReq)
../../Compiler/COMMON/SGL_302j/LIB_ELF/LIBCD.A(CDC_SUB.O)
                              ../../Compiler/COMMON/SGL_302j/LIB_ELF/LIBCD.A(CDC_CMN.O) (CDSUB_UpdStatus)
../../Compiler/COMMON/SGL_302j/LIB_ELF/LIBCD.A(GFS.O)
                              pcmsys.o (GFS_Init)
../../Compiler/COMMON/SGL_302j/LIB_ELF/LIBCD.A(GFS_BUF.O)
                              ../../Compiler/COMMON/SGL_302j/LIB_ELF/LIBCD.A(GFS.O) (GFBF_GetNumData)
../../Compiler/COMMON/SGL_302j/LIB_ELF/LIBCD.A(GFS_CDB.O)
                              ../../Compiler/COMMON/SGL_302j/LIB_ELF/LIBCD.A(GFS.O) (GFCB_Close)
../../Compiler/COMMON/SGL_302j/LIB_ELF/LIBCD.A(GFS_CDC.O)
                              ../../Compiler/COMMON/SGL_302j/LIB_ELF/LIBCD.A(GFS.O) (GFCD_SetCdbfs)
../../Compiler/COMMON/SGL_302j/LIB_ELF/LIBCD.A(GFS_CDF.O)
                              ../../Compiler/COMMON/SGL_302j/LIB_ELF/LIBCD.A(GFS.O) (GFCF_Init)
../../Compiler/COMMON/SGL_302j/LIB_ELF/LIBCD.A(GFS_DIR.O)
                              ../../Compiler/COMMON/SGL_302j/LIB_ELF/LIBCD.A(GFS.O) (GFDR_SetupDirTbl)
../../Compiler/COMMON/SGL_302j/LIB_ELF/LIBCD.A(GFS_TRN.O)
                              ../../Compiler/COMMON/SGL_302j/LIB_ELF/LIBCD.A(GFS.O) (GFTR_Setup)
../../Compiler/COMMON/SGL_302j/LIB_ELF/LIBCD.A(CDC_DEV.O)
                              ../../Compiler/COMMON/SGL_302j/LIB_ELF/LIBCD.A(GFS_CDC.O) (CDC_CdSetCon)
../../Compiler/COMMON/SGL_302j/LIB_ELF/LIBCD.A(CDC_SEL.O)
                              ../../Compiler/COMMON/SGL_302j/LIB_ELF/LIBCD.A(GFS_CDC.O) (CDC_SetFiltRange)
../../Compiler/COMMON/SGL_302j/LIB_ELF/LIBCD.A(CDC_BIF.O)
                              ../../Compiler/COMMON/SGL_302j/LIB_ELF/LIBCD.A(GFS_CDC.O) (CDC_GetBufSiz)
../../Compiler/COMMON/SGL_302j/LIB_ELF/LIBCD.A(CDC_BIO.O)
                              ../../Compiler/COMMON/SGL_302j/LIB_ELF/LIBCD.A(GFS_CDC.O) (CDC_SetSctLen)
../../Compiler/COMMON/SGL_302j/LIB_ELF/LIBSGL.A(sglA01.o)
                              ../../jo_engine/math.o (slSin)
../../Compiler/COMMON/SGL_302j/LIB_ELF/LIBSGL.A(sglA20.o)
                              ../../jo_engine/core.o (slUnitMatrix)
../../Compiler/COMMON/SGL_302j/LIB_ELF/LIBSGL.A(sglA21.o)
                              ../../jo_engine/map.o (slPushMatrix)
../../Compiler/COMMON/SGL_302j/LIB_ELF/LIBSGL.A(sglA27.o)
                              ../../jo_engine/map.o (slTranslate)
../../Compiler/COMMON/SGL_302j/LIB_ELF/LIBSGL.A(sglB001.o)
                              ../../jo_engine/core.o (slTVOn)
../../Compiler/COMMON/SGL_302j/LIB_ELF/LIBSGL.A(sglB011.o)
                              ../../jo_engine/vdp2.o (slBitMapNbg1)
../../Compiler/COMMON/SGL_302j/LIB_ELF/LIBSGL.A(sglB014.o)
                              ../../jo_engine/vdp2.o (slScrTransparent)
../../Compiler/COMMON/SGL_302j/LIB_ELF/LIBSGL.A(sglB015.o)
                              ../../jo_engine/vdp2.o (slScrAutoDisp)
../../Compiler/COMMON/SGL_302j/LIB_ELF/LIBSGL.A(sglB016.o)
                              ../../jo_engine/vdp2.o (slBack1ColSet)
../../Compiler/COMMON/SGL_302j/LIB_ELF/LIBSGL.A(sglB020.o)
                              ../../jo_engine/vdp2.o (slColorCalc)
../../Compiler/COMMON/SGL_302j/LIB_ELF/LIBSGL.A(sglB021.o)
                              ../../jo_engine/vdp2.o (slColorCalcOn)
../../Compiler/COMMON/SGL_302j/LIB_ELF/LIBSGL.A(sglB023.o)
                              ../../jo_engine/vdp2.o (slColRate)
../../Compiler/COMMON/SGL_302j/LIB_ELF/LIBSGL.A(sglB032.o)
                              ../../jo_engine/vdp2.o (slMapNbg1)
../../Compiler/COMMON/SGL_302j/LIB_ELF/LIBSGL.A(sglB035.o)
                              ../../jo_engine/vdp2.o (sl1MapRA)
../../Compiler/COMMON/SGL_302j/LIB_ELF/LIBSGL.A(sglB036.o)
                              ../../jo_engine/vdp2.o (sl1MapRB)
../../Compiler/COMMON/SGL_302j/LIB_ELF/LIBSGL.A(sglB038.o)
                              ../../jo_engine/vdp2.o (slRparaInitSet)
../../Compiler/COMMON/SGL_302j/LIB_ELF/LIBSGL.A(sglB039.o)
                              ../../jo_engine/vdp2.o (slMakeKtable)
[...]
Memory Configuration

Name             Origin             Length             Attributes
*default*        0x00000000         0xffffffff

Linker script and memory map


SLSTART         0x06004000       0x30
                0x06004000                ___Start = .
 *(SLSTART)
 SLSTART        0x06004000       0x28 ../../Compiler/COMMON/SGL_302j/LIB_ELF/LIBSGL.A(sglI00.o)
                0x06004000                SGL_Start
                0x06004002                slStartSGL

.text           0x06004040    0x143e0
 *(.text)
 .text          0x06004040        0x0 ../../Compiler/COMMON/SGL_302j/LIB_ELF/SGLAREA.O
 .text          0x06004040     0x1c68 main.o
                0x06004040                my_tga_palette_handling
                0x06004668                random_in_range
                0x060046a0                get_digit_from_left
                0x060046b8                jo_main
                0x06004c50                title_fruits
                0x06004dac                frutordia_title
                0x06004e50                game_fruits
                0x06004e6c                fruit_hud
                0x06005094                play_track
                0x060050d0                Play
                0x06005128                draw_menu
                0x0600537c                draw_story
                0x06005424                draw_game
                0x06005bb4                player_jump
                0x06005bd0                the_end_is_near
                0x06005bec                ending
                0x06005c60                state_loop
 .text          0x06005ca8      0xa88 pcmsys.o
                0x06005ca8                set_master_volume
                0x06005cd0                pcm_play
                0x06005d08                pcm_parameter_change
                0x06005d38                pcm_cease
                0x06005d70                pcm_reset
                0x06005e08                cd_init
                0x06005e40                smpc_wait_till_ready
                0x06005e54                smpc_issue_command
                0x06005e68                load_driver_binary
                0x06005f54                load_drv
                0x06005fd8                calculate_bytes_per_blank
                0x06006028                convert_bitrate_to_pitchword
                0x06006084                load_16bit_pcm
                0x06006200                load_8bit_pcm
                0x0600637c                gcd
                0x060063a8                lcm
                0x060063ec                load_adx
                0x06006614                sdrv_vblank_rq
                0x06006624                CDDA_SetVolume
                0x0600664c                CDDA_SetChannelVolPan
                0x06006660                CDGetTableOfContents
                0x0600666c                CDDA_Play
                0x060066f8                CDDA_Stop
                0x06006720                CDDA_PlaySingle
 .text          0x06006730      0xaf0 ../../jo_engine/tga.o
                0x060069ac                jo_set_tga_default_palette
                0x060069b8                jo_set_tga_palette_handling
                0x060069c4                __jo_tga_load
                0x06006ae4                __jo_tga_any_loader_from_stream
                0x06006b2c                jo_tga_8bits_loader_from_stream
                0x06006b44                jo_tga_loader_from_stream
                0x06006b5c                __jo_tga_any_loader
                0x06006bac                jo_tga_8bits_loader
                0x06006bc8                jo_tga_loader
                0x06006be4                jo_tga_8bits_tileset_loader
                0x06006e20                jo_sprite_add_tga_tileset
                0x06007078                jo_sprite_add_tga_from_stream
                0x06007130                jo_sprite_add_tga
 .text          0x06007220      0xa3c ../../jo_engine/3d.o
                0x06007288                jo_3d_init
                0x060072b8                jo_3d_create_triangle
                0x060072f4                jo_3d_create_plane
                0x06007334                jo_3d_create_mesh_from_vertices_and_normals
                0x06007448                jo_3d_free_mesh
                0x0600749c                jo_3d_create_cube
                0x060074f8                jo_3d_set_mesh_polygon_transparency
                0x0600756c                jo_3d_set_mesh_transparency
                0x060075d8                jo_3d_set_mesh_polygon_screen_doors
                0x06007650                jo_3d_set_mesh_polygon_high_speed_shrink
                0x060076c8                jo_3d_set_mesh_high_speed_shrink
                0x06007734                jo_3d_set_mesh_screen_doors
                0x060077a0                jo_3d_set_mesh_polygon_light
                0x06007810                jo_3d_set_mesh_light
                0x0600787c                jo_3d_set_mesh_polygon_texture
                0x06007948                jo_3d_set_mesh_texture
                0x060079b4                jo_3d_set_mesh_polygon_wireframe
                0x06007a08                jo_3d_set_mesh_polygon_color_ex
                0x06007ac4                jo_3d_set_mesh_color
                0x06007b34                jo_3d_free_sprite_quad
                0x06007b60                jo_3d_create_sprite_quad
 .text          0x06007c5c      0x960 ../../jo_engine/fs.o
                0x06007cc4                jo_fs_init
                0x06007d74                jo_fs_do_background_jobs
                0x06007e30                jo_fs_read_file_async_ptr
                0x06007fd4                jo_fs_cd
                0x06008044                jo_fs_read_file_ptr
                0x060081e0                jo_fs_read_file_in_dir
                0x0600822c                jo_fs_open
                0x06008328                jo_fs_seek_forward
                0x06008438                jo_fs_read_next_bytes
                0x06008530                jo_fs_close
                0x0600857c                jo_fs_set_read_sector_count
 .text          0x060085bc      0x574 ../../jo_engine/font.o
                0x06008624                jo_font_load
                0x060088b4                jo_font_print
                0x060089d8                jo_font_print_centered
 .text          0x06008b30      0x224 ../../jo_engine/input.o
                0x06008b98                jo_get_inputs_vblank
                0x06008be0                jo_get_input_type
                0x06008c74                jo_get_input_count
                0x06008ca8                jo_get_input_axis
 .text          0x06008d54        0x0 ../../jo_engine/physics.o
 .text          0x06008d54      0x888 ../../jo_engine/core.o
                0x06008de0                __jo_core_set_screens_order
                0x06008f18                jo_goto_boot_menu
                0x06008f24                jo_core_suspend
                0x06009004                __jo_core_error
                0x06009124                jo_core_add_vblank_callback
                0x060091a8                jo_core_init
                0x06009394                jo_core_remove_vblank_callback
                0x060093f4                jo_core_add_callback
                0x06009444                jo_core_remove_callback
                0x06009484                jo_core_set_restart_game_callback
                0x06009490                jo_core_run
                0x06009524                jo_dump_vdp1_registers
                0x06009580                jo_dump_vdp2_registers
 .text          0x060095dc      0xb90 ../../jo_engine/math.o
                0x06009644                jo_fixed_mult
                0x06009658                jo_fixed_dot
                0x06009670                jo_fixed_pow
                0x060096a8                jo_fixed_div
                0x060096d0                jo_fixed_sin
                0x0600972c                jo_fixed_cos
                0x06009788                jo_gcd
                0x060097f0                jo_atan2f_rad
                0x060099b4                jo_planar_rotate
                0x06009bac                jo_random
                0x06009c1c                jo_vector_fixed_compute_bezier_point
                0x06009dac                jo_vectorf_compute_bezier_point
                0x06009efc                jo_fixed_sqrt
                0x06009fac                jo_sqrt
                0x06009fec                jo_fixed_rsqrt
                0x0600a0fc                jo_rsqrt
 .text          0x0600a16c      0x4b4 ../../jo_engine/malloc.o
                0x0600a1d4                jo_add_memory_zone
                0x0600a244                jo_malloc_with_behaviour
                0x0600a390                jo_reduce_memory_fragmentation
                0x0600a404                jo_free
                0x0600a480                jo_memory_usage_percent
                0x0600a584                jo_memory_fragmentation
 .text          0x0600a620      0x4a8 ../../jo_engine/tools.o
                0x0600a688                jo_print
                0x0600a6d8                jo_clear_screen_line
                0x0600a720                jo_clear_screen
                0x0600a744                jo_getdate
                0x0600a7e0                jo_get_current_language
                0x0600a804                jo_tools_atoi
                0x0600a884                jo_strlen
                0x0600a8d4                jo_endwith
                0x0600a980                jo_strcmp
                0x0600a9b0                jo_memset
                0x0600aa54                jo_map_to_vram
 .text          0x0600aac8      0x134 ../../jo_engine/palette.o
                0x0600ab30                jo_create_palette
                0x0600ab84                jo_set_palette_register
                0x0600abe8                jo_get_palette_register
 .text          0x0600abfc      0xa30 ../../jo_engine/sprites.o
                0x0600ad98                jo_sprite_usage_percent
                0x0600ae24                jo_get_last_sprite_id
                0x0600ae30                jo_sprite_init
                0x0600aeb4                jo_sprite_name2id
                0x0600af2c                jo_sprite_replace
                0x0600b04c                jo_sprite_add
                0x0600b098                jo_sprite_add_8bits_image
                0x0600b0e4                jo_sprite_free_from
                0x0600b18c                jo_set_gouraud_shading_colors
                0x0600b1b4                jo_set_gouraud_shading_brightness
                0x0600b1f4                jo_sprite_draw_4p_fixed
                0x0600b30c                jo_sprite_draw
                0x0600b458                jo_sprite_draw_rotate
                0x0600b5f8                jo_sprite_set_clipping_area
 .text          0x0600b62c      0xb38 ../../jo_engine/map.o
                0x0600b75c                jo_map_per_pixel_vertical_collision
                0x0600b8f0                jo_map_hitbox_detection_custom_boundaries
                0x0600b960                jo_map_create
                0x0600b9dc                jo_map_add_tile
                0x0600ba00                jo_map_add_animated_tile
                0x0600ba24                jo_map_draw_background
                0x0600babc                jo_map_3d_draw
                0x0600bbf8                jo_map_draw
                0x0600bcf4                jo_map_free
                0x0600bd0c                jo_map_load_from_file
                0x0600c0e4                jo_map_move_tiles_by_attribute
 .text          0x0600c164      0x200 ../../jo_engine/list.o
                0x0600c1cc                jo_list_init
                0x0600c1dc                jo_list_add
                0x0600c254                jo_list_insert_at
                0x0600c304                jo_list_remove
 .text          0x0600c364      0x358 ../../jo_engine/sprite_animator.o
                0x0600c478                jo_replace_sprite_anim
                0x0600c52c                jo_create_sprite_anim
                0x0600c5f8                jo_remove_sprite_anim
                0x0600c68c                jo_clear_all_sprite_anim
 .text          0x0600c6bc      0x7b0 ../../jo_engine/image.o
                0x0600c724                __jo_bin_load
                0x0600c774                jo_free_img
                0x0600c7bc                jo_bin_loader_from_stream
                0x0600c88c                jo_bin_loader
                0x0600c910                jo_replace_color
                0x0600c97c                jo_sprite_add_bin_tileset
                0x0600cb74                jo_sprite_add_bin
                0x0600cc40                jo_sprite_add_bin_from_stream
                0x0600ccd8                jo_sprite_add_image_pack
 .text          0x0600ce6c      0xcfc ../../jo_engine/vdp2.o
                0x0600cf50                jo_set_default_background_color
                0x0600cf90                jo_img_to_vdp2_cells
                0x0600d0b4                jo_vdp2_replace_rbg0_plane_a_8bits_image
                0x0600d0c8                jo_vdp2_replace_rbg0_plane_b_8bits_image
                0x0600d0dc                jo_vdp2_set_rbg0_plane_a_8bits_image
                0x0600d1a4                jo_vdp2_set_rbg0_plane_b_8bits_image
                0x0600d26c                jo_vdp2_enable_rbg0
                0x0600d340                jo_vdp2_disable_rbg0
                0x0600d39c                jo_init_nbg0_printf
                0x0600d420                __jo_init_vdp2
                0x0600d484                jo_vdp2_disable_nbg0_line_scroll
                0x0600d4a8                jo_vdp2_compute_nbg0_line_scroll
                0x0600d4c0                jo_vdp2_enable_nbg0_line_scroll
                0x0600d530                jo_vdp2_draw_bitmap_nbg1_line
                0x0600d604                jo_vdp2_clear_bitmap_nbg1
                0x0600d674                jo_vdp2_set_nbg1_8bits_image
                0x0600d764                jo_vdp2_set_nbg1_image
                0x0600d954                jo_vdp2_disable_nbg1_line_scroll
                0x0600d978                jo_vdp2_compute_nbg1_line_scroll
                0x0600d990                jo_vdp2_enable_nbg1_line_scroll
                0x0600da00                jo_set_displayed_screens
                0x0600da10                jo_disable_all_screens_transparency
                0x0600da34                jo_enable_screen_transparency
 .text          0x0600db68      0x280 ../../jo_engine/time.o
                0x0600dbd0                jo_time_init
                0x0600dbfc                jo_get_ticks
                0x0600dcdc                jo_fixed_point_time
 .text          0x0600dde8       0x68 ../../jo_engine/vdp1_command_pipeline.o
 .text          0x0600de50      0x334 ../../jo_engine/vdp2_malloc.o
                0x0600deb8                jo_vdp2_malloc_init
                0x0600def0                jo_vdp2_free
                0x0600dfb0                jo_vdp2_malloc
 *fill*         0x0600e184        0xc 
 .text          0x0600e190      0x238 ../../Compiler/COMMON/SGL_302j/LIB_ELF/SEGA_SYS.A(sys_exit.o)
                0x0600e190                sys_version
                0x0600e1b0                SYS_Exit
 *fill*         0x0600e3c8        0x8 
 .text          0x0600e3d0        0x6 ../../Compiler/COMMON/SGL_302j/LIB_ELF/SEGA_SYS.A(sys_sub.o)
                0x0600e3d0                SYSUB_SetStackptr
 *fill*         0x0600e3d6        0xa 
 .text          0x0600e3e0      0x3a0 ../../Compiler/COMMON/SGL_302j/LIB_ELF/LIBCD.A(CDC_CMN.O)
                0x0600e3e0                CDC_GetCurStat
                0x0600e430                CDC_GetLastStat
                0x0600e448                CDC_GetPeriStat
                0x0600e51c                CDC_GetHwInfo
                0x0600e584                CDC_TgetToc
                0x0600e5d4                CDC_GetSes
                0x0600e610                CDC_CdInit
                0x0600e694                CDC_CdOpen
                0x0600e6bc                CDC_DataReady
                0x0600e728                CDC_DataEnd
 .text          0x0600e780      0x130 ../../Compiler/COMMON/SGL_302j/LIB_ELF/LIBCD.A(CDC_DRV.O)
                0x0600e780                CDC_CdPlay
                0x0600e84c                CDC_CdSeek
                0x0600e880                CDC_CdScan
 .text          0x0600e8b0      0x194 ../../Compiler/COMMON/SGL_302j/LIB_ELF/LIBCD.A(CDC_CFS.O)
                0x0600e8b0                CDC_ChgDir
                0x0600e8e4                CDC_ReadDir
                0x0600e918                CDC_GetFileScope
                0x0600e978                CDC_TgetFileInfo
                0x0600e9d4                CDC_ReadFile
                0x0600ea08                CDC_AbortFile
 *fill*         0x0600ea44        0xc 
 .text          0x0600ea50      0x2dc ../../Compiler/COMMON/SGL_302j/LIB_ELF/LIBCD.A(CDC_REG.O)
                0x0600ea50                CDC_GetDataPtr
                0x0600ea60                CDC_GetHirqReq
                0x0600ea74                CDC_ClrHirqReq
                0x0600eaa4                CDREG_ClrHirqReq
                0x0600eab4                CDREG_InitHirqReq
                0x0600eadc                CDREG_SetHirqFlag
                0x0600eaf0                CDC_GetHirqMsk
                0x0600eb04                CDC_SetHirqMsk
                0x0600eb14                CDC_GetMpegPtr
                0x0600eb24                CDREG_TgetData
                0x0600eb80                CDREG_CmdRsp
                0x0600ec80                CDREG_WaitHirq
                0x0600ecf0                CDREG_ReadRsp
 *fill*         0x0600ed2c        0x4 
 .text          0x0600ed30      0x152 ../../Compiler/COMMON/SGL_302j/LIB_ELF/LIBCD.A(CDC_SUB.O)
                0x0600ed30                CDSUB_UpdStatus
                0x0600ed48                CDSUB_UpdCdstat
                0x0600ed68                CDSUB_CdCmd
                0x0600edd8                CDSUB_GetCdstat
                0x0600ee18                CDSUB_RspToCdstat
                0x0600ee60                CDSUB_SoftTimer
 *fill*         0x0600ee82        0xe 
 .text          0x0600ee90     0x1adc ../../Compiler/COMMON/SGL_302j/LIB_ELF/LIBCD.A(GFS.O)
                0x0600ee90                gfs_version
                0x0600eeb0                GFS_Init
                0x0600ef98                GFS_LoadDir
                0x0600f040                GFS_SetDir
                0x0600f0a8                GFS_NameToId
                0x0600f10c                GFS_IdToName
                0x0600f178                GFS_GetDirInfo
                0x0600f1e8                GFS_Reset
                0x0600f26c                GFS_Open
                0x0600f320                GFS_Close
                0x0600f358                GFS_Seek
                0x0600f40c                GFS_Tell
                0x0600f45c                GFS_IsEof
                0x0600f4b0                GFS_ByteToSct
                0x0600f50c                GFS_GetFileSize
                0x0600f568                GFS_GetFileInfo
                0x0600f5dc                GFS_GetNumCdbuf
                0x0600f604                GFS_Load
                0x0600f6c8                GFS_Fread
                0x0600f764                gfs_waitRead
                0x0600f80c                GFS_NwFread
                0x0600f918                GFS_NwCdRead
                0x0600f990                GFS_NwIsComplete
                0x0600f9c8                GFS_NwStop
                0x0600fa34                GFS_NwGetStat
                0x0600fab0                gfs_recovRdErr
                0x0600fae0                GFS_NwExecOne
                0x0600fba0                GFS_NwExecServer
                0x0600fc1c                GFS_SetGmode
                0x0600fc80                GFS_SetTmode
                0x0600fcec                GFS_SetReadPara
                0x0600fd50                GFS_SetTransPara
                0x0600fdbc                GFS_SetTrFunc
                0x0600fe20                GFS_StartTrans
                0x0600fe6c                GFS_CdMovePickup
                0x0600fed8                GFS_SetErrFunc
                0x0600ff04                GFS_GetErrStat
                0x0600ff28                GFS_ConvTno
                0x0600ff50                gfs_chgRoot
                0x0601001c                gfs_aborttrans
                0x06010028                gfs_mngSetupFuncTbl
                0x0601005c                gfs_mngInitWork
                0x06010100                gfs_mngGetNumFile
                0x06010168                GFS_mngAllocGrp
                0x060101b0                gfs_mngFreeGrp
                0x060101bc                gfs_mngTermAccess
                0x06010240                gfs_mngSetErrCode
                0x060102c0                gfs_svrSearchHndl
                0x06010300                gfs_svrAddHndl
                0x0601033c                gfs_svrRemoveHndl
                0x06010398                GFS_OpenSub
                0x060103f0                gfs_loadVol
                0x060104b4                gfs_getRootDir
                0x060105b0                gfs_loadRootDir
                0x06010638                gfs_flowIn
                0x060106e0                gfs_transData
                0x06010784                GFS_GetFad
                0x060107dc                gfs_SetSct
                0x0601081c                gfs_GetFinfo
                0x0601085c                gfs_closeSub
                0x06010898                gfs_getGmode
                0x060108a4                gfs_isTaskDone
                0x060108f8                gfs_convFinStat
 *fill*         0x0601096c        0x4 
 .text          0x06010970      0x106 ../../Compiler/COMMON/SGL_302j/LIB_ELF/LIBCD.A(GFS_BUF.O)
                0x060109a0                GFBF_GetTranData
                0x060109c8                GFBF_GetNumData
                0x060109f8                GFBF_GetSrcPk
                0x06010a20                GFBF_GetSctData
                0x06010a44                GFBF_RtnPk
                0x06010a6c                gfbf_getSctDt
 *fill*         0x06010a76        0xa 
 .text          0x06010a80      0x600 ../../Compiler/COMMON/SGL_302j/LIB_ELF/LIBCD.A(GFS_CDB.O)
                0x06010a80                GFCB_Setup
                0x06010ba0                GFCB_Close
                0x06010bc8                GFCB_GetLenData
                0x06010c74                GFCB_GetLenRoom
                0x06010c80                GFCB_SetFilt
                0x06010ce8                GFCB_DeleteAllData
                0x06010d10                GFCB_Tell
                0x06010d20                gfcb_getSctNum
                0x06010d70                GFCB_Seek
                0x06010e6c                GFCB_GetSrcPack
                0x06010f4c                GFCB_GetSctData
                0x06010f84                GFCB_GetDstPack
                0x06010f90                GFCB_RtnPk
                0x06010fd8                GFCB_MovePickup
                0x06010ff4                GFCB_SetCon
                0x06011028                GFCB_GetPickup
                0x06011050                GFCB_IsPuOwner
                0x06011068                GFCB_UngetPickup
 .text          0x06011080     0x1a10 ../../Compiler/COMMON/SGL_302j/LIB_ELF/LIBCD.A(GFS_CDC.O)
                0x06011080                GFCD_SetCdbfs
                0x060110ac                GFCD_Init
                0x060112b0                GFCD_AllocFilt
                0x060112ec                GFCD_FreeFilt
                0x0601131c                GFCD_AllocBuf
                0x06011350                GFCD_FreeBuf
                0x060113f4                GFCD_GetBaseFad
                0x06011428                GFCD_GetPickup
                0x0601145c                GFCD_UngetPickup
                0x06011488                GFCD_IsPuOwner
                0x060114ac                GFCD_SetFilt
                0x06011570                GFCD_GetFilt
                0x060115b8                GFCD_SetCon
                0x06011610                GFCD_Play
                0x06011670                GFCD_GetLenData
                0x060116d8                GFCD_ReqData
                0x06011734                GFCD_EndData
                0x0601177c                GFCD_DelSctData
                0x060117d4                GFCD_CheckDelSctData
                0x06011804                GFCD_GetStat
                0x060118b8                GFCD_MovePickup
                0x06011904                GFCD_MoveSctData
                0x06011978                GFCD_CheckMove
                0x0601199c                GFCD_GetSctInfo
                0x060119e4                GFCD_ChgDir
                0x06011a58                GFCD_SetFiltCon
                0x06011b40                GFCD_GetFileInfo
                0x06011c1c                GFCD_GetBufSiz
                0x06011c54                GFCD_ExecServer
                0x06011d28                gfcd_isIdleTask
                0x06011db4                gfcd_doTask
                0x06011e60                GFCD_SetTimer
                0x06011e74                GFCD_WaitServer
                0x06011eb0                gfcd_doSetFiltTsk
                0x06012074                gfcd_doSetConTsk
                0x06012104                gfcd_doGetLenDataTsk
                0x06012258                gfcd_doReqDataTsk
                0x060122f8                gfcd_doDelSctDataTsk
                0x0601242c                gfcd_doMoveSctTsk
                0x06012590                gfcd_doChgDirTsk
                0x0601278c                gfcd_doSetFiltConTsk
                0x060128d0                gfcd_checkEflag
                0x060128f4                gfcd_initCdbMng
                0x06012974                gfcd_setStat
                0x060129a0                GFCD_SetCsctFunc
                0x060129bc                GFCD_ChkScdqFlag
                0x060129e0                GFCD_ClrScdqFlag
                0x060129fc                GFCD_WaitScdqFlag
                0x06012a40                GFCD_WaitPause
 .text          0x06012a90      0x8d8 ../../Compiler/COMMON/SGL_302j/LIB_ELF/LIBCD.A(GFS_CDF.O)
                0x06012a90                GFCF_Init
                0x06012b30                GFCF_Setup
                0x06012c78                GFCF_SetSct
                0x06012cbc                GFCF_GetFileInfo
                0x06012d30                GFCF_FlowInBuf
                0x06012e84                GFCF_StopInBuf
                0x06012f24                GFCF_Recover
                0x06012f6c                GFCF_Tell
                0x06012f84                GFCF_Seek
                0x06012f9c                GFCF_MovePickup
                0x06013038                GFCF_cnvIntlvOfs
                0x0601308c                GFCF_GetStat
                0x06013124                gfcf_getSctSize
                0x06013160                gfcf_isCdOk
                0x06013220                gfcf_getPlayRange
 *fill*         0x06013368        0x8 
 .text          0x06013370      0x92c ../../Compiler/COMMON/SGL_302j/LIB_ELF/LIBCD.A(GFS_DIR.O)
                0x06013370                GFDR_SetupDirTbl
                0x060133e4                GFDR_NameToId
                0x06013444                GFDR_GetInfoDirId
                0x06013458                GFDR_GetInfoDirName
                0x0601346c                GFDR_GetAtrDirId
                0x06013484                GFDR_GetAtrDirName
                0x0601349c                GFDR_ChgRoot
                0x060134b4                GFDR_ChgDir
                0x06013528                gfdr_setupDirIdTbl
                0x060135ac                gfdr_setupDirNameTbl
                0x06013658                gfdr_open
                0x06013680                gfdr_read
                0x06013740                gfdr_readByte
                0x0601376c                gfdr_readWord
                0x06013798                gfdr_readWordNB
                0x060137ec                gfdr_readLongNB
                0x06013838                gfdr_readLongNM
                0x06013860                gfdr_setNextRec
                0x060138e4                gfdr_readDirEnt
                0x06013c60                gfdr_setDirrecCd
 *fill*         0x06013c9c        0x4 
 .text          0x06013ca0      0x9c6 ../../Compiler/COMMON/SGL_302j/LIB_ELF/LIBCD.A(GFS_TRN.O)
                0x06013cd0                GFTR_Setup
                0x06013d14                GFTR_SetMode
                0x06013d28                GFTR_SetUnit
                0x06013d34                GFTR_SetTransPara
                0x06013d68                GFTR_GetTransPara
                0x06013d74                GFTR_GetNumTrans
                0x06013d80                GFTR_SetTransMax
                0x06013d8c                GFTR_Start
                0x06013d98                GFTR_Pause
                0x06013da4                GFTR_Stop
                0x06013e5c                GFTR_Exec
                0x06013ee0                GFTR_Idle
                0x06013f58                GFTR_ExecSvr
                0x06014060                gftr_getSrcPack
                0x060140e8                gftr_getDstPack
                0x06014144                gftr_reqScu
                0x06014150                gftr_execScu
                0x060141ec                gftr_remScu
                0x06014220                gfdma_canUse
                0x0601422c                gfdma_exec
                0x0601429c                gfdma_getBytecnt
                0x060142d4                gftr_reqDma0
                0x060142ec                gftr_execSdma0
                0x06014310                gftr_remDma0
                0x06014328                gftr_reqDma1
                0x06014340                gftr_execSdma1
                0x06014364                gftr_remDma1
                0x0601437c                gftr_reqCpu
                0x06014388                gftr_execCpu
                0x060143c8                gftr_remCpu
                0x060143d4                gftr_reqTrn
                0x06014444                gftr_execTrn
                0x0601451c                gftr_remTrn
                0x06014590                gftr_copyFrac
                0x060145b8                GFTR_GetLenData
                0x060145c4                GFTR_GetLenRoom
                0x060145dc                GFTR_GetDstPack
                0x06014610                GFTR_RtnDstPk
                0x0601462c                GFTR_GetData
                0x06014640                GFTR_SetData
                0x06014654                GFTR_SetTransFunc
 *fill*         0x06014666        0xa 
 .text          0x06014670       0xa8 ../../Compiler/COMMON/SGL_302j/LIB_ELF/LIBCD.A(CDC_DEV.O)
                0x06014670                CDC_CdSetCon
                0x060146a0                CDC_CdGetCon
                0x060146dc                CDC_CdGetLastBuf
 *fill*         0x06014718        0x8 
 .text          0x06014720      0x2b8 ../../Compiler/COMMON/SGL_302j/LIB_ELF/LIBCD.A(CDC_SEL.O)
                0x06014720                CDC_SetFiltRange
                0x06014754                CDC_GetFiltRange
                0x060147ac                CDC_SetFiltSubh
                0x0601481c                CDC_GetFiltSubh
                0x06014898                CDC_SetFiltMode
                0x060148cc                CDC_GetFiltMode
                0x06014910                CDC_SetFiltCon
                0x06014950                CDC_GetFiltCon
                0x060149a4                CDC_ResetSelector
 *fill*         0x060149d8        0x8 
 .text          0x060149e0      0x270 ../../Compiler/COMMON/SGL_302j/LIB_ELF/LIBCD.A(CDC_BIF.O)
                0x060149e0                CDC_GetBufSiz
                0x06014a3c                CDC_GetSctNum
                0x06014a80                CDC_CalActSiz
                0x06014abc                CDC_GetActSiz
                0x06014b3c                CDC_GetSctInfo
                0x06014bbc                CDC_ExeFadSearch
                0x06014bf4                CDC_GetFadSearch
 .text          0x06014c50      0x1e4 ../../Compiler/COMMON/SGL_302j/LIB_ELF/LIBCD.A(CDC_BIO.O)
                0x06014c50                CDC_SetSctLen
                0x06014c84                CDC_GetSctData
                0x06014cc0                CDC_DelSctData
                0x06014cfc                CDC_GetdelSctData
                0x06014d38                CDC_PutSctData
                0x06014d70                CDC_CopySctData
                0x06014db4                CDC_MoveSctData
                0x06014df8                CDC_GetCopyErr
 *fill*         0x06014e34        0xc 
 .text          0x06014e40        0x0 ../../Compiler/COMMON/SGL_302j/LIB_ELF/LIBSGL.A(sglA01.o)
 .text          0x06014e40        0x0 ../../Compiler/COMMON/SGL_302j/LIB_ELF/LIBSGL.A(sglA20.o)
 .text          0x06014e40        0x0 ../../Compiler/COMMON/SGL_302j/LIB_ELF/LIBSGL.A(sglA21.o)
 .text          0x06014e40        0x0 ../../Compiler/COMMON/SGL_302j/LIB_ELF/LIBSGL.A(sglA27.o)
 .text          0x06014e40        0x0 ../../Compiler/COMMON/SGL_302j/LIB_ELF/LIBSGL.A(sglB001.o)
 .text          0x06014e40        0x0 ../../Compiler/COMMON/SGL_302j/LIB_ELF/LIBSGL.A(sglB011.o)
 .text          0x06014e40        0x0 ../../Compiler/COMMON/SGL_302j/LIB_ELF/LIBSGL.A(sglB014.o)
 .text          0x06014e40        0x0 ../../Compiler/COMMON/SGL_302j/LIB_ELF/LIBSGL.A(sglB015.o)
 .text          0x06014e40        0x0 ../../Compiler/COMMON/SGL_302j/LIB_ELF/LIBSGL.A(sglB016.o)
 .text          0x06014e40        0x0 ../../Compiler/COMMON/SGL_302j/LIB_ELF/LIBSGL.A(sglB020.o)
 .text          0x06014e40        0x0 ../../Compiler/COMMON/SGL_302j/LIB_ELF/LIBSGL.A(sglB021.o)
 .text          0x06014e40        0x0 ../../Compiler/COMMON/SGL_302j/LIB_ELF/LIBSGL.A(sglB023.o)
 .text          0x06014e40        0x0 ../../Compiler/COMMON/SGL_302j/LIB_ELF/LIBSGL.A(sglB032.o)
 .text          0x06014e40        0x0 ../../Compiler/COMMON/SGL_302j/LIB_ELF/LIBSGL.A(sglB035.o)
 .text          0x06014e40        0x0 ../../Compiler/COMMON/SGL_302j/LIB_ELF/LIBSGL.A(sglB036.o)
 .text          0x06014e40        0x0 ../../Compiler/COMMON/SGL_302j/LIB_ELF/LIBSGL.A(sglB038.o)
 .text          0x06014e40        0x0 ../../Compiler/COMMON/SGL_302j/LIB_ELF/LIBSGL.A(sglB039.o)
 .text          0x06014e40        0x0 ../../Compiler/COMMON/SGL_302j/LIB_ELF/LIBSGL.A(sglB040.o)
 .text          0x06014e40        0x0 ../../Compiler/COMMON/SGL_302j/LIB_ELF/LIBSGL.A(sglB041.o)
 .text          0x06014e40        0x0 ../../Compiler/COMMON/SGL_302j/LIB_ELF/LIBSGL.A(sglB043.o)
 .text          0x06014e40        0x0 ../../Compiler/COMMON/SGL_302j/LIB_ELF/LIBSGL.A(sglB047.o)
 .text          0x06014e40        0x0 ../../Compiler/COMMON/SGL_302j/LIB_ELF/LIBSGL.A(sglB048.o)
 .text          0x06014e40        0x0 ../../Compiler/COMMON/SGL_302j/LIB_ELF/LIBSGL.A(sglB056.o)
 .text          0x06014e40        0x0 ../../Compiler/COMMON/SGL_302j/LIB_ELF/LIBSGL.A(sglB059.o)
 .text          0x06014e40        0x0 ../../Compiler/COMMON/SGL_302j/LIB_ELF/LIBSGL.A(sglB060.o)
 .text          0x06014e40        0x0 ../../Compiler/COMMON/SGL_302j/LIB_ELF/LIBSGL.A(sglB063.o)
 .text          0x06014e40        0x0 ../../Compiler/COMMON/SGL_302j/LIB_ELF/LIBSGL.A(sglB087.o)
 .text          0x06014e40        0x0 ../../Compiler/COMMON/SGL_302j/LIB_ELF/LIBSGL.A(sglB088.o)
 .text          0x06014e40        0x0 ../../Compiler/COMMON/SGL_302j/LIB_ELF/LIBSGL.A(sglB090.o)
 .text          0x06014e40        0x0 ../../Compiler/COMMON/SGL_302j/LIB_ELF/LIBSGL.A(sglB200.o)
 .text          0x06014e40        0x0 ../../Compiler/COMMON/SGL_302j/LIB_ELF/LIBSGL.A(sglC04.o)
 .text          0x06014e40        0x0 ../../Compiler/COMMON/SGL_302j/LIB_ELF/LIBSGL.A(sglC05.o)
 .text          0x06014e40        0x0 ../../Compiler/COMMON/SGL_302j/LIB_ELF/LIBSGL.A(sglC06.o)
 .text          0x06014e40        0x0 ../../Compiler/COMMON/SGL_302j/LIB_ELF/LIBSGL.A(sglC07.o)
 .text          0x06014e40        0x0 ../../Compiler/COMMON/SGL_302j/LIB_ELF/LIBSGL.A(sglC08.o)
 .text          0x06014e40        0x0 ../../Compiler/COMMON/SGL_302j/LIB_ELF/LIBSGL.A(sglC16.o)
 .text          0x06014e40        0x0 ../../Compiler/COMMON/SGL_302j/LIB_ELF/LIBSGL.A(sglC17.o)
 .text          0x06014e40        0x0 ../../Compiler/COMMON/SGL_302j/LIB_ELF/LIBSGL.A(sglC19.o)
 .text          0x06014e40        0x0 ../../Compiler/COMMON/SGL_302j/LIB_ELF/LIBSGL.A(sglC20.o)
 .text          0x06014e40        0x0 ../../Compiler/COMMON/SGL_302j/LIB_ELF/LIBSGL.A(sglC21.o)
 .text          0x06014e40        0x0 ../../Compiler/COMMON/SGL_302j/LIB_ELF/LIBSGL.A(sglD00.o)
 .text          0x06014e40        0x0 ../../Compiler/COMMON/SGL_302j/LIB_ELF/LIBSGL.A(sglD01.o)
 .text          0x06014e40        0x0 ../../Compiler/COMMON/SGL_302j/LIB_ELF/LIBSGL.A(sglD02.o)
 .text          0x06014e40        0x0 ../../Compiler/COMMON/SGL_302j/LIB_ELF/LIBSGL.A(sglD03.o)
 .text          0x06014e40        0x0 ../../Compiler/COMMON/SGL_302j/LIB_ELF/LIBSGL.A(sglD15.o)
 .text          0x06014e40        0x0 ../../Compiler/COMMON/SGL_302j/LIB_ELF/LIBSGL.A(sglD16.o)
 .text          0x06014e40        0x0 ../../Compiler/COMMON/SGL_302j/LIB_ELF/LIBSGL.A(sglD17.o)
 .text          0x06014e40        0x0 ../../Compiler/COMMON/SGL_302j/LIB_ELF/LIBSGL.A(sglD18.o)
 .text          0x06014e40        0x0 ../../Compiler/COMMON/SGL_302j/LIB_ELF/LIBSGL.A(sglF00.o)
 .text          0x06014e40        0x0 ../../Compiler/COMMON/SGL_302j/LIB_ELF/LIBSGL.A(sglF05.o)
 .text          0x06014e40        0x0 ../../Compiler/COMMON/SGL_302j/LIB_ELF/LIBSGL.A(sglF08.o)
 .text          0x06014e40        0x0 ../../Compiler/COMMON/SGL_302j/LIB_ELF/LIBSGL.A(sglH00.o)
 .text          0x06014e40        0x0 ../../Compiler/COMMON/SGL_302j/LIB_ELF/LIBSGL.A(sglH01.o)
 .text          0x06014e40        0x0 ../../Compiler/COMMON/SGL_302j/LIB_ELF/LIBSGL.A(sglH02.o)
 .text          0x06014e40        0x0 ../../Compiler/COMMON/SGL_302j/LIB_ELF/LIBSGL.A(sglH04.o)
 .text          0x06014e40        0x0 ../../Compiler/COMMON/SGL_302j/LIB_ELF/LIBSGL.A(sglI01.o)
 .text          0x06014e40        0x0 ../../Compiler/COMMON/SGL_302j/LIB_ELF/LIBSGL.A(sglI04.o)
 .text          0x06014e40      0x128 ../../Compiler/COMMON/SGL_302j/LIB_ELF/LIBSGL.A(sglIc0.o)
                0x06014e40                slInitSystem
 *fill*         0x06014f68        0x8 
 .text          0x06014f70        0x0 ../../Compiler/COMMON/SGL_302j/LIB_ELF/LIBSGL.A(sglJ00.o)
 .text          0x06014f70        0x0 ../../Compiler/COMMON/SGL_302j/LIB_ELF/LIBSGL.A(sglJ01.o)
 .text          0x06014f70        0x0 ../../Compiler/COMMON/SGL_302j/LIB_ELF/LIBSGL.A(sglJ02.o)
 .text          0x06014f70        0x0 ../../Compiler/COMMON/SGL_302j/LIB_ELF/LIBSGL.A(sglJ03.o)
 .text          0x06014f70        0x0 ../../Compiler/COMMON/SGL_302j/LIB_ELF/LIBSGL.A(sglJ04.o)
 .text          0x06014f70        0x0 ../../Compiler/COMMON/SGL_302j/LIB_ELF/LIBSGL.A(sglJ05.o)
 .text          0x06014f70        0x0 ../../Compiler/COMMON/SGL_302j/LIB_ELF/LIBSGL.A(sglK01.o)
 .text          0x06014f70        0x0 ../../Compiler/COMMON/SGL_302j/LIB_ELF/LIBSGL.A(sglM01.o)
 .text          0x06014f70        0x0 ../../Compiler/COMMON/SGL_302j/LIB_ELF/LIBSGL.A(sglA00.o)
 .text          0x06014f70        0x0 ../../Compiler/COMMON/SGL_302j/LIB_ELF/LIBSGL.A(sglB000.o)
 .text          0x06014f70        0x0 ../../Compiler/COMMON/SGL_302j/LIB_ELF/LIBSGL.A(sglC00.o)
 .text          0x06014f70        0x0 ../../Compiler/COMMON/SGL_302j/LIB_ELF/LIBSGL.A(sglI00.o)
 .text          0x06014f70        0x0 ../../Compiler/COMMON/SGL_302j/LIB_ELF/LIBSGL.A(sglH03.o)
 .text          0x06014f70       0x52 c:/users/usuario/desktop/joengine-master/joengine-master/compiler/windows/bin/../lib/gcc/sh-elf/9.3.0\libgcc.a(_ashiftrt.o)
                0x06014f70                __ashiftrt_r4_31
                0x06014f70                __ashiftrt_r4_32
                0x06014f76                __ashiftrt_r4_30
                0x06014f78                __ashiftrt_r4_29
                0x06014f7a                __ashiftrt_r4_28
                0x06014f7c                __ashiftrt_r4_27
                0x06014f7e                __ashiftrt_r4_26
                0x06014f80                __ashiftrt_r4_25
                0x06014f82                __ashiftrt_r4_24
                0x06014f8a                __ashiftrt_r4_23
                0x06014f8c                __ashiftrt_r4_22
                0x06014f8e                __ashiftrt_r4_21
                0x06014f90                __ashiftrt_r4_20
                0x06014f92                __ashiftrt_r4_19
                0x06014f94                __ashiftrt_r4_18
                0x06014f96                __ashiftrt_r4_17
                0x06014f98                __ashiftrt_r4_16
                0x06014f9e                __ashiftrt_r4_15
                0x06014fa0                __ashiftrt_r4_14
                0x06014fa2                __ashiftrt_r4_13
                0x06014fa4                __ashiftrt_r4_12
                0x06014fa6                __ashiftrt_r4_11
                0x06014fa8                __ashiftrt_r4_10
                0x06014faa                __ashiftrt_r4_9
                0x06014fac                __ashiftrt_r4_8
                0x06014fae                __ashiftrt_r4_7
                0x06014fb0                __ashiftrt_r4_6
                0x06014fb2                __ashiftrt_r4_5
                0x06014fb4                __ashiftrt_r4_4
                0x06014fb6                __ashiftrt_r4_3
                0x06014fb8                __ashiftrt_r4_2
                0x06014fba                __ashiftrt_r4_1
                0x06014fbe                __ashiftrt_r4_0
 *fill*         0x06014fc2        0x2 
 .text          0x06014fc4       0x80 c:/users/usuario/desktop/joengine-master/joengine-master/compiler/windows/bin/../lib/gcc/sh-elf/9.3.0\libgcc.a(_ashiftrt_n.o)
                0x06014fc4                __ashrsi3
 .text          0x06015044       0xbc c:/users/usuario/desktop/joengine-master/joengine-master/compiler/windows/bin/../lib/gcc/sh-elf/9.3.0\libgcc.a(_ashiftlt.o)
                0x06015044                __ashlsi3
                0x06015048                __ashlsi3_r0
 .text          0x06015100       0xbc c:/users/usuario/desktop/joengine-master/joengine-master/compiler/windows/bin/../lib/gcc/sh-elf/9.3.0\libgcc.a(_lshiftrt.o)
                0x06015100                __lshrsi3
                0x06015104                __lshrsi3_r0
 .text          0x060151bc       0xa0 c:/users/usuario/desktop/joengine-master/joengine-master/compiler/windows/bin/../lib/gcc/sh-elf/9.3.0\libgcc.a(_sdivsi3.o)
                0x060151bc                __sdivsi3
 .text          0x0601525c       0x6c c:/users/usuario/desktop/joengine-master/joengine-master/compiler/windows/bin/../lib/gcc/sh-elf/9.3.0\libgcc.a(_udivsi3.o)
                0x0601527e                __udivsi3
 .text          0x060152c8      0x21c c:/users/usuario/desktop/joengine-master/joengine-master/compiler/windows/bin/../lib/gcc/sh-elf/9.3.0\libgcc.a(_addsub_sf.o)
                0x06015448                __addsf3
                0x06015494                __subsf3
 .text          0x060154e4      0x134 c:/users/usuario/desktop/joengine-master/joengine-master/compiler/windows/bin/../lib/gcc/sh-elf/9.3.0\libgcc.a(_mul_sf.o)
                0x060154e4                __mulsf3
 .text          0x06015618       0xdc c:/users/usuario/desktop/joengine-master/joengine-master/compiler/windows/bin/../lib/gcc/sh-elf/9.3.0\libgcc.a(_div_sf.o)
                0x06015618                __divsf3
 .text          0x060156f4       0x54 c:/users/usuario/desktop/joengine-master/joengine-master/compiler/windows/bin/../lib/gcc/sh-elf/9.3.0\libgcc.a(_ne_sf.o)
                0x060156f4                __nesf2
 .text          0x06015748       0x54 c:/users/usuario/desktop/joengine-master/joengine-master/compiler/windows/bin/../lib/gcc/sh-elf/9.3.0\libgcc.a(_gt_sf.o)
                0x06015748                __gtsf2
 .text          0x0601579c       0x54 c:/users/usuario/desktop/joengine-master/joengine-master/compiler/windows/bin/../lib/gcc/sh-elf/9.3.0\libgcc.a(_ge_sf.o)
                0x0601579c                __gesf2
 .text          0x060157f0       0x54 c:/users/usuario/desktop/joengine-master/joengine-master/compiler/windows/bin/../lib/gcc/sh-elf/9.3.0\libgcc.a(_lt_sf.o)
                0x060157f0                __ltsf2
 .text          0x06015844       0x54 c:/users/usuario/desktop/joengine-master/joengine-master/compiler/windows/bin/../lib/gcc/sh-elf/9.3.0\libgcc.a(_le_sf.o)
                0x06015844                __lesf2
 .text          0x06015898       0x84 c:/users/usuario/desktop/joengine-master/joengine-master/compiler/windows/bin/../lib/gcc/sh-elf/9.3.0\libgcc.a(_si_to_sf.o)
                0x06015898                __floatsisf
 .text          0x0601591c       0x70 c:/users/usuario/desktop/joengine-master/joengine-master/compiler/windows/bin/../lib/gcc/sh-elf/9.3.0\libgcc.a(_sf_to_si.o)
                0x0601591c                __fixsfsi
 .text          0x0601598c       0x3c c:/users/usuario/desktop/joengine-master/joengine-master/compiler/windows/bin/../lib/gcc/sh-elf/9.3.0\libgcc.a(_sf_to_df.o)
                0x0601598c                __extendsfdf2
 .text          0x060159c8        0x0 c:/users/usuario/desktop/joengine-master/joengine-master/compiler/windows/bin/../lib/gcc/sh-elf/9.3.0\libgcc.a(_thenan_sf.o)
 .text          0x060159c8       0x94 c:/users/usuario/desktop/joengine-master/joengine-master/compiler/windows/bin/../lib/gcc/sh-elf/9.3.0\libgcc.a(_usi_to_sf.o)
                0x060159c8                __floatunsisf
 .text          0x06015a5c      0x3e0 c:/users/usuario/desktop/joengine-master/joengine-master/compiler/windows/bin/../lib/gcc/sh-elf/9.3.0\libgcc.a(_addsub_df.o)
                0x06015d98                __adddf3
                0x06015de8                __subdf3
 .text          0x06015e3c      0x208 c:/users/usuario/desktop/joengine-master/joengine-master/compiler/windows/bin/../lib/gcc/sh-elf/9.3.0\libgcc.a(_mul_df.o)
                0x06015e3c                __muldf3
 .text          0x06016044       0xa8 c:/users/usuario/desktop/joengine-master/joengine-master/compiler/windows/bin/../lib/gcc/sh-elf/9.3.0\libgcc.a(_si_to_df.o)
                0x06016044                __floatsidf
 .text          0x060160ec       0xa0 c:/users/usuario/desktop/joengine-master/joengine-master/compiler/windows/bin/../lib/gcc/sh-elf/9.3.0\libgcc.a(_df_to_si.o)
                0x060160ec                __fixdfsi
 .text          0x0601618c       0x28 c:/users/usuario/desktop/joengine-master/joengine-master/compiler/windows/bin/../lib/gcc/sh-elf/9.3.0\libgcc.a(_make_df.o)
                0x0601618c                __make_dp
 .text          0x060161b4       0x4c c:/users/usuario/desktop/joengine-master/joengine-master/compiler/windows/bin/../lib/gcc/sh-elf/9.3.0\libgcc.a(_df_to_sf.o)
                0x060161b4                __truncdfsf2
 .text          0x06016200        0x0 c:/users/usuario/desktop/joengine-master/joengine-master/compiler/windows/bin/../lib/gcc/sh-elf/9.3.0\libgcc.a(_thenan_df.o)
 .text          0x06016200       0x54 c:/users/usuario/desktop/joengine-master/joengine-master/compiler/windows/bin/../lib/gcc/sh-elf/9.3.0\libgcc.a(_clzsi2.o)
                0x06016200                __clzsi2
 .text          0x06016254      0x11c c:/users/usuario/desktop/joengine-master/joengine-master/compiler/windows/bin/../lib/gcc/sh-elf/9.3.0\libgcc.a(_pack_sf.o)
                0x06016254                __pack_f
 .text          0x06016370       0xa0 c:/users/usuario/desktop/joengine-master/joengine-master/compiler/windows/bin/../lib/gcc/sh-elf/9.3.0\libgcc.a(_unpack_sf.o)
                0x06016370                __unpack_f
 .text          0x06016410       0xac c:/users/usuario/desktop/joengine-master/joengine-master/compiler/windows/bin/../lib/gcc/sh-elf/9.3.0\libgcc.a(_fpcmp_parts_sf.o)
                0x06016410                __fpcmp_parts_f
 .text          0x060164bc       0x20 c:/users/usuario/desktop/joengine-master/joengine-master/compiler/windows/bin/../lib/gcc/sh-elf/9.3.0\libgcc.a(_make_sf.o)
                0x060164bc                __make_fp
 .text          0x060164dc      0x274 c:/users/usuario/desktop/joengine-master/joengine-master/compiler/windows/bin/../lib/gcc/sh-elf/9.3.0\libgcc.a(_pack_df.o)
                0x060164dc                __pack_d
 .text          0x06016750       0xcc c:/users/usuario/desktop/joengine-master/joengine-master/compiler/windows/bin/../lib/gcc/sh-elf/9.3.0\libgcc.a(_unpack_df.o)
                0x06016750                __unpack_d
 .text          0x0601681c        0x0 c:/users/usuario/desktop/joengine-master/joengine-master/compiler/windows/bin/../lib/gcc/sh-elf/9.3.0\libgcc.a(_clz.o)
 .text          0x0601681c        0x0 c:/users/usuario/desktop/joengine-master/joengine-master/compiler/windows/bin/../lib/gcc/sh-elf/9.3.0/../../../../sh-elf/lib\libc.a(lib_a-impure.o)
 .text          0x0601681c       0x1e c:/users/usuario/desktop/joengine-master/joengine-master/compiler/windows/bin/../lib/gcc/sh-elf/9.3.0/../../../../sh-elf/lib\libc.a(lib_a-memcmp.o)
                0x0601681c                memcmp
 *fill*         0x0601683a        0x2 
 .text          0x0601683c       0x94 c:/users/usuario/desktop/joengine-master/joengine-master/compiler/windows/bin/../lib/gcc/sh-elf/9.3.0/../../../../sh-elf/lib\libc.a(lib_a-memcpy.o)
                0x0601683c                memcpy
 .text          0x060168d0       0x40 c:/users/usuario/desktop/joengine-master/joengine-master/compiler/windows/bin/../lib/gcc/sh-elf/9.3.0/../../../../sh-elf/lib\libc.a(lib_a-memset.o)
                0x060168d0                memset
 .text          0x06016910       0x58 c:/users/usuario/desktop/joengine-master/joengine-master/compiler/windows/bin/../lib/gcc/sh-elf/9.3.0/../../../../sh-elf/lib\libc.a(lib_a-rand.o)
                0x06016910                srand
                0x06016924                rand
 .text          0x06016968       0x60 c:/users/usuario/desktop/joengine-master/joengine-master/compiler/windows/bin/../lib/gcc/sh-elf/9.3.0/../../../../sh-elf/lib\libc.a(lib_a-rget.o)
                0x06016968                __srget_r
                0x060169b4                __srget
 .text          0x060169c8       0x8c c:/users/usuario/desktop/joengine-master/joengine-master/compiler/windows/bin/../lib/gcc/sh-elf/9.3.0/../../../../sh-elf/lib\libc.a(lib_a-sprintf.o)
                0x060169c8                _siprintf_r
                0x060169c8                _sprintf_r
                0x06016a08                siprintf
                0x06016a08                sprintf
 .text          0x06016a54       0x2a c:/users/usuario/desktop/joengine-master/joengine-master/compiler/windows/bin/../lib/gcc/sh-elf/9.3.0/../../../../sh-elf/lib\libc.a(lib_a-strncmp.o)
                0x06016a54                strncmp
 .text          0x06016a7e       0x36 c:/users/usuario/desktop/joengine-master/joengine-master/compiler/windows/bin/../lib/gcc/sh-elf/9.3.0/../../../../sh-elf/lib\libc.a(lib_a-strncpy.o)
                0x06016a7e                strncpy
 .text          0x06016ab4       0xdc c:/users/usuario/desktop/joengine-master/joengine-master/compiler/windows/bin/../lib/gcc/sh-elf/9.3.0/../../../../sh-elf/lib\libc.a(lib_a-wbuf.o)
                0x06016ab4                __swbuf_r
                0x06016b7c                __swbuf
 .text          0x06016b90       0xcc c:/users/usuario/desktop/joengine-master/joengine-master/compiler/windows/bin/../lib/gcc/sh-elf/9.3.0/../../../../sh-elf/lib\libc.a(lib_a-wsetup.o)
                0x06016b90                __swsetup_r
 .text          0x06016c5c      0x1a4 c:/users/usuario/desktop/joengine-master/joengine-master/compiler/windows/bin/../lib/gcc/sh-elf/9.3.0/../../../../sh-elf/lib\libc.a(lib_a-fflush.o)
                0x06016c5c                __sflush_r
                0x06016d98                _fflush_r
                0x06016dd8                fflush
 .text          0x06016e00      0x1d0 c:/users/usuario/desktop/joengine-master/joengine-master/compiler/windows/bin/../lib/gcc/sh-elf/9.3.0/../../../../sh-elf/lib\libc.a(lib_a-findfp.o)
                0x06016e58                _cleanup_r
                0x06016e68                __sfmoreglue
                0x06016eb4                _cleanup
                0x06016ec8                __sinit
                0x06016f1c                __sfp
 .text          0x06016fd0       0xb0 c:/users/usuario/desktop/joengine-master/joengine-master/compiler/windows/bin/../lib/gcc/sh-elf/9.3.0/../../../../sh-elf/lib\libc.a(lib_a-fwalk.o)
                0x06016fd0                _fwalk
                0x06017024                _fwalk_reent
 .text          0x06017080      0x108 c:/users/usuario/desktop/joengine-master/joengine-master/compiler/windows/bin/../lib/gcc/sh-elf/9.3.0/../../../../sh-elf/lib\libc.a(lib_a-makebuf.o)
                0x06017080                __swhatbuf_r
                0x060170dc                __smakebuf_r
 .text          0x06017188       0xd0 c:/users/usuario/desktop/joengine-master/joengine-master/compiler/windows/bin/../lib/gcc/sh-elf/9.3.0/../../../../sh-elf/lib\libc.a(lib_a-nano-freer.o)
                0x06017188                _free_r
 .text          0x06017258       0xf8 c:/users/usuario/desktop/joengine-master/joengine-master/compiler/windows/bin/../lib/gcc/sh-elf/9.3.0/../../../../sh-elf/lib\libc.a(lib_a-nano-mallocr.o)
                0x06017258                _malloc_r
 .text          0x06017350      0x444 c:/users/usuario/desktop/joengine-master/joengine-master/compiler/windows/bin/../lib/gcc/sh-elf/9.3.0/../../../../sh-elf/lib\libc.a(lib_a-nano-svfprintf.o)
                0x06017350                __ssputs_r
                0x06017444                __ssprint_r
                0x06017578                _svfprintf_r
                0x06017578                _svfiprintf_r
 .text          0x06017794      0x380 c:/users/usuario/desktop/joengine-master/joengine-master/compiler/windows/bin/../lib/gcc/sh-elf/9.3.0/../../../../sh-elf/lib\libc.a(lib_a-nano-vfprintf_i.o)
                0x06017794                _printf_common
                0x06017894                _printf_i
 .text          0x06017b14      0x150 c:/users/usuario/desktop/joengine-master/joengine-master/compiler/windows/bin/../lib/gcc/sh-elf/9.3.0/../../../../sh-elf/lib\libc.a(lib_a-refill.o)
                0x06017b2c                __srefill_r
 .text          0x06017c64       0x30 c:/users/usuario/desktop/joengine-master/joengine-master/compiler/windows/bin/../lib/gcc/sh-elf/9.3.0/../../../../sh-elf/lib\libc.a(lib_a-sbrkr.o)
                0x06017c64                _sbrk_r
 .text          0x06017c94       0xe0 c:/users/usuario/desktop/joengine-master/joengine-master/compiler/windows/bin/../lib/gcc/sh-elf/9.3.0/../../../../sh-elf/lib\libc.a(lib_a-stdio.o)
                0x06017c94                __sread
                0x06017cd0                __seofread
                0x06017cd4                __swrite
                0x06017d24                __sseek
                0x06017d64                __sclose
 .text          0x06017d74      0x25c c:/users/usuario/desktop/joengine-master/joengine-master/compiler/windows/bin/../lib/gcc/sh-elf/9.3.0/../../../../sh-elf/lib\libc.a(lib_a-syscalls.o)
                0x06017dec                _read
                0x06017dfc                _lseek
                0x06017e0c                _write
                0x06017e1c                _close
                0x06017e2c                _link
                0x06017e30                _sbrk
                0x06017e88                _fstat
                0x06017e92                _open
                0x06017ea4                _creat
                0x06017eb4                _unlink
                0x06017eb8                isatty
                0x06017ebc                _isatty
                0x06017ec0                _exit
                0x06017ed0                _kill
                0x06017ee4                _getpid
                0x06017ee8                _raise
                0x06017eec                _stat
                0x06017efc                _chmod
                0x06017f0c                _chown
                0x06017f1c                _utime
                0x06017f30                _fork
                0x06017f3c                _wait
                0x06017f4c                _execve
                0x06017f5c                _execv
                0x06017f6c                _pipe
                0x06017f78                _times
                0x06017f7c                _gettimeofday
                0x06017fa4                __setup_argv_and_call_main
 .text          0x06017fd0       0x14 c:/users/usuario/desktop/joengine-master/joengine-master/compiler/windows/bin/../lib/gcc/sh-elf/9.3.0/../../../../sh-elf/lib\libc.a(lib_a-trap.o)
                0x06017fd0                __trap34
 .text          0x06017fe4       0x34 c:/users/usuario/desktop/joengine-master/joengine-master/compiler/windows/bin/../lib/gcc/sh-elf/9.3.0/../../../../sh-elf/lib\libc.a(lib_a-writer.o)
                0x06017fe4                _write_r
 .text          0x06018018       0x18 c:/users/usuario/desktop/joengine-master/joengine-master/compiler/windows/bin/../lib/gcc/sh-elf/9.3.0/../../../../sh-elf/lib\libc.a(lib_a-abort.o)
                0x06018018                abort
 .text          0x06018030       0x30 c:/users/usuario/desktop/joengine-master/joengine-master/compiler/windows/bin/../lib/gcc/sh-elf/9.3.0/../../../../sh-elf/lib\libc.a(lib_a-closer.o)
                0x06018030                _close_r
 .text          0x06018060       0x34 c:/users/usuario/desktop/joengine-master/joengine-master/compiler/windows/bin/../lib/gcc/sh-elf/9.3.0/../../../../sh-elf/lib\libc.a(lib_a-fstatr.o)
                0x06018060                _fstat_r
 .text          0x06018094       0x30 c:/users/usuario/desktop/joengine-master/joengine-master/compiler/windows/bin/../lib/gcc/sh-elf/9.3.0/../../../../sh-elf/lib\libc.a(lib_a-isattyr.o)
                0x06018094                _isatty_r
 .text          0x060180c4       0x34 c:/users/usuario/desktop/joengine-master/joengine-master/compiler/windows/bin/../lib/gcc/sh-elf/9.3.0/../../../../sh-elf/lib\libc.a(lib_a-lseekr.o)
                0x060180c4                _lseek_r
 .text          0x060180f8       0x1c c:/users/usuario/desktop/joengine-master/joengine-master/compiler/windows/bin/../lib/gcc/sh-elf/9.3.0/../../../../sh-elf/lib\libc.a(lib_a-memchr.o)
                0x060180f8                memchr
 .text          0x06018114       0x3c c:/users/usuario/desktop/joengine-master/joengine-master/compiler/windows/bin/../lib/gcc/sh-elf/9.3.0/../../../../sh-elf/lib\libc.a(lib_a-memmove.o)
                0x06018114                memmove
 .text          0x06018150        0x8 c:/users/usuario/desktop/joengine-master/joengine-master/compiler/windows/bin/../lib/gcc/sh-elf/9.3.0/../../../../sh-elf/lib\libc.a(lib_a-mlock.o)
                0x06018150                __malloc_lock
                0x06018154                __malloc_unlock
 .text          0x06018158       0x7c c:/users/usuario/desktop/joengine-master/joengine-master/compiler/windows/bin/../lib/gcc/sh-elf/9.3.0/../../../../sh-elf/lib\libc.a(lib_a-nano-reallocr.o)
                0x06018158                _realloc_r
 .text          0x060181d4       0x34 c:/users/usuario/desktop/joengine-master/joengine-master/compiler/windows/bin/../lib/gcc/sh-elf/9.3.0/../../../../sh-elf/lib\libc.a(lib_a-readr.o)
                0x060181d4                _read_r
 .text          0x06018208      0x1b4 c:/users/usuario/desktop/joengine-master/joengine-master/compiler/windows/bin/../lib/gcc/sh-elf/9.3.0/../../../../sh-elf/lib\libc.a(lib_a-signal.o)
                0x06018208                _init_signal_r
                0x06018248                _signal_r
                0x06018294                _raise_r
                0x0601830c                __sigtramp_r
                0x06018370                raise
                0x06018384                signal
                0x06018398                _init_signal
                0x060183a8                __sigtramp
 .text          0x060183bc       0x40 c:/users/usuario/desktop/joengine-master/joengine-master/compiler/windows/bin/../lib/gcc/sh-elf/9.3.0/../../../../sh-elf/lib\libc.a(lib_a-signalr.o)
                0x060183bc                _kill_r
                0x060183f0                _getpid_r
 .text          0x060183fc       0x16 c:/users/usuario/desktop/joengine-master/joengine-master/compiler/windows/bin/../lib/gcc/sh-elf/9.3.0/../../../../sh-elf/lib\libc.a(lib_a-nano-msizer.o)
                0x060183fc                _malloc_usable_size_r
 *(.strings)
 *(SEGA_P)
 *(.eh_frame_hdr)
 *(.eh_frame)
                0x06018412                __etext = .

.text.startup   0x06018420       0x40
 .text.startup  0x06018420       0x40 ../../jo_engine/core.o
                0x06018420                main

SLPROG          0x06018460    0x120e0
                0x06018460                __slprog_start = .
 *(SLPROG)
 SLPROG         0x06018460     0x6540 ../../Compiler/COMMON/SGL_302j/LIB_ELF/SGLAREA.O
                0x06018460                MasterStack
                0x06018464                SlaveStack
                0x06018468                MaxVertices
                0x0601846a                MaxPolygons
                0x0601846c                SortList
                0x06018470                SortListSize
                0x06018474                TransList
                0x06018478                Zbuffer
                0x0601847c                SpriteBuf
                0x06018480                SpriteBufSize
                0x06018484                Pbuffer
                0x06018488                CommandBuf
                0x0601848c                CLOfstBuf
                0x06018490                PCM_Work
                0x06018494                PCM_WkSize
                0x06018498                MaxEvents
                0x0601849a                EventSize
                0x0601849c                MaxWorks
                0x0601849e                WorkSize
                0x060184a0                RemainEvent
                0x060185a0                RemainWork
                0x060189a0                EventBuf
                0x0601a9a0                WorkBuf
 SLPROG         0x0601e9a0     0x411e ../../Compiler/COMMON/SGL_302j/LIB_ELF/LIBSGL.A(sglA01.o)
                0x0601e9a0                slSin
                0x0601e9c4                slCos
                0x0601e9e8                GetSinCos
                0x0601ea7c                sin_cos_index_tbl
                0x0601eabc                sin_tbl
 *fill*         0x06022abe        0x2 
 SLPROG         0x06022ac0      0x42c ../../Compiler/COMMON/SGL_302j/LIB_ELF/LIBSGL.A(sglA20.o)
                0x06022ac0                slInitMatrix
                0x06022aca                slPushUnitMatrix
                0x06022ade                slUnitMatrix
 *fill*         0x06022eec        0x4 
 SLPROG         0x06022ef0       0x48 ../../Compiler/COMMON/SGL_302j/LIB_ELF/LIBSGL.A(sglA21.o)
                0x06022ef0                slPushMatrix
                0x06022f24                slDecMatrixPtr
                0x06022f24                slPopMatrix
 *fill*         0x06022f38        0x8 
 SLPROG         0x06022f40       0x50 ../../Compiler/COMMON/SGL_302j/LIB_ELF/LIBSGL.A(sglA27.o)
                0x06022f40                slTranslate
 SLPROG         0x06022f90       0x20 ../../Compiler/COMMON/SGL_302j/LIB_ELF/LIBSGL.A(sglB001.o)
                0x06022f90                slTVOn
                0x06022f9a                slTVOff
 SLPROG         0x06022fb0       0x24 ../../Compiler/COMMON/SGL_302j/LIB_ELF/LIBSGL.A(sglB011.o)
                0x06022fb0                slBitMapNbg1
 *fill*         0x06022fd4        0xc 
 SLPROG         0x06022fe0        0x8 ../../Compiler/COMMON/SGL_302j/LIB_ELF/LIBSGL.A(sglB014.o)
                0x06022fe0                slScrTransparent
 *fill*         0x06022fe8        0x8 
 SLPROG         0x06022ff0      0x40c ../../Compiler/COMMON/SGL_302j/LIB_ELF/LIBSGL.A(sglB015.o)
                0x06022ff0                slScrAutoDisp
 *fill*         0x060233fc        0x4 
 SLPROG         0x06023400        0xc ../../Compiler/COMMON/SGL_302j/LIB_ELF/LIBSGL.A(sglB016.o)
                0x06023400                slBack1ColSet
 *fill*         0x0602340c        0x4 
 SLPROG         0x06023410       0x10 ../../Compiler/COMMON/SGL_302j/LIB_ELF/LIBSGL.A(sglB020.o)
                0x06023410                slColorCalc
 SLPROG         0x06023420        0xc ../../Compiler/COMMON/SGL_302j/LIB_ELF/LIBSGL.A(sglB021.o)
                0x06023420                slColorCalcOn
 *fill*         0x0602342c        0x4 
 SLPROG         0x06023430        0xc ../../Compiler/COMMON/SGL_302j/LIB_ELF/LIBSGL.A(sglB023.o)
                0x06023430                slColRate
 *fill*         0x0602343c        0x4 
 SLPROG         0x06023440       0xb4 ../../Compiler/COMMON/SGL_302j/LIB_ELF/LIBSGL.A(sglB032.o)
                0x06023440                slMapNbg1
 *fill*         0x060234f4        0xc 
 SLPROG         0x06023500       0xd4 ../../Compiler/COMMON/SGL_302j/LIB_ELF/LIBSGL.A(sglB035.o)
                0x06023500                sl1MapRA
                0x06023592                rbank_set
 *fill*         0x060235d4        0xc 
 SLPROG         0x060235e0       0xa0 ../../Compiler/COMMON/SGL_302j/LIB_ELF/LIBSGL.A(sglB036.o)
                0x060235e0                sl1MapRB
 SLPROG         0x06023680       0x70 ../../Compiler/COMMON/SGL_302j/LIB_ELF/LIBSGL.A(sglB038.o)
                0x06023680                slRparaInitSet
 SLPROG         0x060236f0       0x7e ../../Compiler/COMMON/SGL_302j/LIB_ELF/LIBSGL.A(sglB039.o)
                0x060236f0                slMakeKtable
 *fill*         0x0602376e        0x2 
 SLPROG         0x06023770       0x58 ../../Compiler/COMMON/SGL_302j/LIB_ELF/LIBSGL.A(sglB040.o)
                0x06023770                slKtableRA
 *fill*         0x060237c8        0x8 
 SLPROG         0x060237d0       0x5c ../../Compiler/COMMON/SGL_302j/LIB_ELF/LIBSGL.A(sglB041.o)
                0x060237d0                slKtableRB
 *fill*         0x0602382c        0x4 
 SLPROG         0x06023830        0x8 ../../Compiler/COMMON/SGL_302j/LIB_ELF/LIBSGL.A(sglB043.o)
                0x06023830                slRparaMode
 *fill*         0x06023838        0x8 
 SLPROG         0x06023840        0xc ../../Compiler/COMMON/SGL_302j/LIB_ELF/LIBSGL.A(sglB047.o)
                0x06023840                slOverRA
 *fill*         0x0602384c        0x4 
 SLPROG         0x06023850       0x10 ../../Compiler/COMMON/SGL_302j/LIB_ELF/LIBSGL.A(sglB048.o)
                0x06023850                slOverRB
 SLPROG         0x06023860        0xc ../../Compiler/COMMON/SGL_302j/LIB_ELF/LIBSGL.A(sglB056.o)
                0x06023860                slPlaneNbg1
 *fill*         0x0602386c        0x4 
 SLPROG         0x06023870        0xc ../../Compiler/COMMON/SGL_302j/LIB_ELF/LIBSGL.A(sglB059.o)
                0x06023870                slPlaneRA
 *fill*         0x0602387c        0x4 
 SLPROG         0x06023880       0x10 ../../Compiler/COMMON/SGL_302j/LIB_ELF/LIBSGL.A(sglB060.o)
                0x06023880                slPlaneRB
 SLPROG         0x06023890        0xc ../../Compiler/COMMON/SGL_302j/LIB_ELF/LIBSGL.A(sglB063.o)
                0x06023890                slPriority
 *fill*         0x0602389c        0x4 
 SLPROG         0x060238a0       0x18 ../../Compiler/COMMON/SGL_302j/LIB_ELF/LIBSGL.A(sglB087.o)
                0x060238a0                slLineScrollTable0
 *fill*         0x060238b8        0x8 
 SLPROG         0x060238c0        0x8 ../../Compiler/COMMON/SGL_302j/LIB_ELF/LIBSGL.A(sglB088.o)
                0x060238c0                slLineScrollTable1
 *fill*         0x060238c8        0x8 
 SLPROG         0x060238d0        0xc ../../Compiler/COMMON/SGL_302j/LIB_ELF/LIBSGL.A(sglB090.o)
                0x060238d0                slLineScrollMode
 *fill*         0x060238dc        0x4 
 SLPROG         0x060238e0      0x114 ../../Compiler/COMMON/SGL_302j/LIB_ELF/LIBSGL.A(sglB200.o)
                0x060238e0                slCharRbg0
                0x060238ec                slCharNbg0
                0x060238f8                slCharNbg1
                0x06023904                slCharNbg2
                0x0602391a                slCharNbg3
                0x06023932                slPageRbg0
                0x06023948                slPageNbg1
                0x06023950                slPageNbg2
                0x06023958                slPageNbg3
                0x06023964                slPageNbg0
 *fill*         0x060239f4        0xc 
 SLPROG         0x06023a00       0x2c ../../Compiler/COMMON/SGL_302j/LIB_ELF/LIBSGL.A(sglC04.o)
                0x06023a00                slZdspLevel
 *fill*         0x06023a2c        0x4 
 SLPROG         0x06023a30       0x78 ../../Compiler/COMMON/SGL_302j/LIB_ELF/LIBSGL.A(sglC05.o)
                0x06023a30                slSetSprite
 *fill*         0x06023aa8        0x8 
 SLPROG         0x06023ab0       0xfa ../../Compiler/COMMON/SGL_302j/LIB_ELF/LIBSGL.A(sglC06.o)
                0x06023ab0                slDispSprite
 *fill*         0x06023baa        0x6 
 SLPROG         0x06023bb0      0x162 ../../Compiler/COMMON/SGL_302j/LIB_ELF/LIBSGL.A(sglC07.o)
                0x06023bb6                slPutSprite
 *fill*         0x06023d12        0xe 
 SLPROG         0x06023d20     0x1218 ../../Compiler/COMMON/SGL_302j/LIB_ELF/LIBSGL.A(sglC08.o)
                0x06023d20                slPutPolygon
                0x0602499c                MsCalcDepthFlat
 *fill*         0x06024f38        0x8 
 SLPROG         0x06024f40       0x54 ../../Compiler/COMMON/SGL_302j/LIB_ELF/LIBSGL.A(sglC16.o)
                0x06024f40                slDynamicFrame
 *fill*         0x06024f94        0xc 
 SLPROG         0x06024fa0       0x4c ../../Compiler/COMMON/SGL_302j/LIB_ELF/LIBSGL.A(sglC17.o)
                0x06024fa0                slDispSpriteHV
 *fill*         0x06024fec        0x4 
 SLPROG         0x06024ff0       0xd4 ../../Compiler/COMMON/SGL_302j/LIB_ELF/LIBSGL.A(sglC19.o)
                0x06024ff0                slDispSprite4P
 *fill*         0x060250c4        0xc 
 SLPROG         0x060250d0       0x40 ../../Compiler/COMMON/SGL_302j/LIB_ELF/LIBSGL.A(sglC20.o)
                0x060250d0                SpriteEntry
 SLPROG         0x06025110      0x4ae ../../Compiler/COMMON/SGL_302j/LIB_ELF/LIBSGL.A(sglC21.o)
                0x06025198                RotSprite
                0x06025226                SetSprPosition
 *fill*         0x060255be        0x2 
 SLPROG         0x060255c0       0x84 ../../Compiler/COMMON/SGL_302j/LIB_ELF/LIBSGL.A(sglD00.o)
                0x060255c0                slCpuDMACopy
                0x060255c0                slDMACopy
                0x0602561a                CSH_AllClr
                0x0602561a                slCashPurge
 *fill*         0x06025644        0xc 
 SLPROG         0x06025650       0xa0 ../../Compiler/COMMON/SGL_302j/LIB_ELF/LIBSGL.A(sglD01.o)
                0x06025650                slDMAXCopy
 SLPROG         0x060256f0       0x10 ../../Compiler/COMMON/SGL_302j/LIB_ELF/LIBSGL.A(sglD02.o)
                0x060256f0                slDMAWait
 SLPROG         0x06025700        0xc ../../Compiler/COMMON/SGL_302j/LIB_ELF/LIBSGL.A(sglD03.o)
                0x06025700                slDMAStatus
 *fill*         0x0602570c        0x4 
 SLPROG         0x06025710       0x20 ../../Compiler/COMMON/SGL_302j/LIB_ELF/LIBSGL.A(sglD15.o)
                0x06025710                CSH_Purge
 SLPROG         0x06025730       0x84 ../../Compiler/COMMON/SGL_302j/LIB_ELF/LIBSGL.A(sglD16.o)
                0x06025730                DMA_ScuSetPrm
                0x06025778                DMA_SCU_PRM0
 *fill*         0x060257b4        0xc 
 SLPROG         0x060257c0       0x88 ../../Compiler/COMMON/SGL_302j/LIB_ELF/LIBSGL.A(sglD17.o)
                0x060257c0                DMA_ScuStart
 *fill*         0x06025848        0x8 
 SLPROG         0x06025850       0x34 ../../Compiler/COMMON/SGL_302j/LIB_ELF/LIBSGL.A(sglD18.o)
                0x06025850                DMA_ScuGetStatus
 *fill*         0x06025884        0xc 
 SLPROG         0x06025890       0x4e ../../Compiler/COMMON/SGL_302j/LIB_ELF/LIBSGL.A(sglF00.o)
                0x06025890                slCurScrn
                0x060258a0                slCurColor
                0x060258aa                slLocate
                0x060258dc                CurrentScreen
 *fill*         0x060258de        0x2 
 SLPROG         0x060258e0       0x1c ../../Compiler/COMMON/SGL_302j/LIB_ELF/LIBSGL.A(sglF05.o)
                0x060258e0                slPrint
 *fill*         0x060258fc        0x4 
 SLPROG         0x06025900       0x34 ../../Compiler/COMMON/SGL_302j/LIB_ELF/LIBSGL.A(sglF08.o)
                0x06025900                slDec2Hex
 *fill*         0x06025934        0xc 
 SLPROG         0x06025940      0xfc8 ../../Compiler/COMMON/SGL_302j/LIB_ELF/LIBSGL.A(sglH00.o)
                0x06025958                slGetPortDir1
                0x06025960                slGetPortDir2
                0x06025968                slSetPortDir1
                0x06025992                slSetPortDir2
                0x060259cc                slGetPortData1
                0x060259d4                slGetPortData2
                0x060259dc                slSetPortData1
                0x060259e6                slSetPortData2
                0x060259f8                slGetPortSelect1
                0x06025a02                slGetPortSelect2
                0x06025a0c                slSetPortSelect1
                0x06025a40                slSetPortSelect2
                0x06025a7c                slGetPortExt1
                0x06025a86                slGetPortExt2
                0x06025a90                slSetPortExt1
                0x06025ac0                slSetPortExt2
                0x06025c34                slSmpcDirectAccess
                0x06025cb4                slInitPeripheral
                0x06025d46                slSetResultBuffer
                0x06025dd2                slCheckIntBackSet
                0x06025dde                slIntBackCancel
                0x06025e08                slCheckReset
                0x06025e12                slClearReset
                0x06025fd8                slSmpcCashSend
                0x06026094                slSmpcCashBlow
                0x06026170                slGetOptimize
                0x0602617a                slSetOptimize
                0x060261a0                slGetPortMode1
                0x060261ac                slGetPortMode2
                0x060261ba                slSetPortMode1
                0x060261f8                slSetPortMode2
                0x06026384                slRequestCommand
                0x060263f4                Smpc_Status
                0x060263f8                Smpc_Result
                0x060263fc                Smpc_Peripheral
                0x06026402                Per_Connect1
                0x06026403                Per_Connect2
                0x06026424                SmpcStatusBuf
 *fill*         0x06026908        0x8 
 SLPROG         0x06026910       0xa8 ../../Compiler/COMMON/SGL_302j/LIB_ELF/LIBSGL.A(sglH01.o)
                0x06026910                slGetLanguage
                0x0602691a                slSetLanguage
                0x0602693c                slGetSoundEffect
                0x06026948                slSetSoundEffect
                0x06026964                slGetSoundOutput
                0x06026970                slSetSoundOutput
                0x0602698c                slGetHelpWindow
                0x06026998                slSetHelpWindow
 *fill*         0x060269b8        0x8 
 SLPROG         0x060269c0      0x470 ../../Compiler/COMMON/SGL_302j/LIB_ELF/LIBSGL.A(sglH02.o)
                0x06026db0                smpc_pfr_tbl
                0x06026df0                smpc_ptf_tbl
 SLPROG         0x06026e30       0x60 ../../Compiler/COMMON/SGL_302j/LIB_ELF/LIBSGL.A(sglH04.o)
                0x06026e30                slComPrmIntBack
                0x06026e44                slComPrmSetMemory
                0x06026e5a                slComPrmSetTime
 SLPROG         0x06026e90      0x3a4 ../../Compiler/COMMON/SGL_302j/LIB_ELF/LIBSGL.A(sglI01.o)
                0x06026e90                slInitSynch
                0x06026eaa                slSynch
                0x06026fa0                slRandom
                0x06026fbe                PCM_EndCheck
                0x0602707a                RetPCMBuf
                0x06027114                PCM_Buf
                0x060271b4                Sound_Buf
 *fill*         0x06027234        0xc 
 SLPROG         0x06027240       0x10 ../../Compiler/COMMON/SGL_302j/LIB_ELF/LIBSGL.A(sglI04.o)
                0x06027240                slIntFunction
 SLPROG         0x06027250       0x74 ../../Compiler/COMMON/SGL_302j/LIB_ELF/LIBSGL.A(sglJ00.o)
                0x06027250                InitSlaveSH
                0x060272b8                SlaveCommand
 *fill*         0x060272c4        0xc 
 SLPROG         0x060272d0      0x3d0 ../../Compiler/COMMON/SGL_302j/LIB_ELF/LIBSGL.A(sglJ01.o)
                0x060272d0                SlaveControl
                0x0602768c                ErasePolygonData
 SLPROG         0x060276a0     0x12b8 ../../Compiler/COMMON/SGL_302j/LIB_ELF/LIBSGL.A(sglJ02.o)
                0x060276a0                sbMakePolygon
                0x06027888                sbCalcPolygon
                0x060285c0                SetTexture
                0x060285cc                SetPolygon
                0x060285d4                SetPosition
                0x0602860c                stvtc_4
                0x060286c4                stvtc_3
                0x060288d4                stvtc_1
                0x060288e8                stvtc_2
                0x060288fc                stvtc_0
 *fill*         0x06028958        0x8 
 SLPROG         0x06028960      0x140 ../../Compiler/COMMON/SGL_302j/LIB_ELF/LIBSGL.A(sglJ03.o)
                0x06028960                sbMakeDMATable
 SLPROG         0x06028aa0      0x470 ../../Compiler/COMMON/SGL_302j/LIB_ELF/LIBSGL.A(sglJ04.o)
                0x06028afe                sbMakeSprite
                0x06028b64                sbMakeRotSprite
 SLPROG         0x06028f10       0x3c ../../Compiler/COMMON/SGL_302j/LIB_ELF/LIBSGL.A(sglJ05.o)
                0x06028f10                sbSortEntry
 *fill*         0x06028f4c        0x4 
 SLPROG         0x06028f50       0x6a ../../Compiler/COMMON/SGL_302j/LIB_ELF/LIBSGL.A(sglM01.o)
                0x06028f50                slSetDepthLimit
                0x06028f7c                slSetDepthTbl
                0x06028fac                DepthWorkArea
 *fill*         0x06028fba        0x6 
 SLPROG         0x06028fc0       0x20 ../../Compiler/COMMON/SGL_302j/LIB_ELF/LIBSGL.A(sglA00.o)
                0x06028fc0                set_imask
                0x06028fc0                _builtin_set_imask
                0x06028fd4                _builtin_get_imask
                0x06028fd4                get_imask
 SLPROG         0x06028fe0      0xbd0 ../../Compiler/COMMON/SGL_302j/LIB_ELF/LIBSGL.A(sglB000.o)
                0x06028fe0                slInitScroll
                0x06029100                setASC_1to8
                0x06029130                setASC_4to8
                0x06029240                TVSizeTbl
                0x060292c0                TVModeTbl
                0x06029498                SGL_ASCII_CG
 SLPROG         0x06029bb0      0x134 ../../Compiler/COMMON/SGL_302j/LIB_ELF/LIBSGL.A(sglC00.o)
                0x06029bb0                slInitSprite
 *fill*         0x06029ce4        0xc 
 SLPROG         0x06029cf0      0x75c ../../Compiler/COMMON/SGL_302j/LIB_ELF/LIBSGL.A(sglI00.o)
                0x06029fe0                slInitInterrupt
 *fill*         0x0602a44c        0x4 
 SLPROG         0x0602a450       0xf0 ../../Compiler/COMMON/SGL_302j/LIB_ELF/LIBSGL.A(sglH03.o)
                0x0602a4b4                slSmpcIntBack
                0x0602a540                __slprog_end = .

.tors           0x0602a540        0x0
                0x0602a540                ___ctors = .
 *(.ctors)
                0x0602a540                ___ctors_end = .
                0x0602a540                ___dtors = .
 *(.dtors)
                0x0602a540                ___dtors_end = .

.data           0x0602a540      0x530
 *(.data)
 .data          0x0602a540        0x0 ../../Compiler/COMMON/SGL_302j/LIB_ELF/SGLAREA.O
 .data          0x0602a540        0x9 main.o
                0x0602a540                y_end
                0x0602a544                player_y
                0x0602a548                increasing
 *fill*         0x0602a549        0x3 
 .data          0x0602a54c        0x8 pcmsys.o
                0x0602a54c                master_volume
                0x0602a550                m68k_com
 .data          0x0602a554        0x0 ../../jo_engine/tga.o
 .data          0x0602a554       0x28 ../../jo_engine/3d.o
 .data          0x0602a57c        0x4 ../../jo_engine/fs.o
 .data          0x0602a580        0x0 ../../jo_engine/font.o
 .data          0x0602a580        0x0 ../../jo_engine/input.o
 .data          0x0602a580        0x0 ../../jo_engine/physics.o
 .data          0x0602a580        0x0 ../../jo_engine/core.o
 .data          0x0602a580        0x4 ../../jo_engine/math.o
                0x0602a580                jo_random_seed
 .data          0x0602a584        0x0 ../../jo_engine/malloc.o
 .data          0x0602a584        0x0 ../../jo_engine/tools.o
 .data          0x0602a584        0x0 ../../jo_engine/palette.o
 .data          0x0602a584       0x2c ../../jo_engine/sprites.o
                0x0602a588                __jo_gouraud_shading_runtime_index
                0x0602a58c                __jo_sprite_pos
                0x0602a598                __jo_sprite_attributes
 .data          0x0602a5b0        0x0 ../../jo_engine/map.o
 .data          0x0602a5b0        0x0 ../../jo_engine/list.o
 .data          0x0602a5b0        0x4 ../../jo_engine/sprite_animator.o
 .data          0x0602a5b4        0x0 ../../jo_engine/image.o
 .data          0x0602a5b4        0x0 ../../jo_engine/vdp2.o
 .data          0x0602a5b4        0x0 ../../jo_engine/time.o
 .data          0x0602a5b4        0x0 ../../jo_engine/vdp1_command_pipeline.o
 .data          0x0602a5b4       0x10 ../../jo_engine/vdp2_malloc.o
 *fill*         0x0602a5c4        0xc 
 .data          0x0602a5d0        0x0 ../../Compiler/COMMON/SGL_302j/LIB_ELF/SEGA_SYS.A(sys_exit.o)
 .data          0x0602a5d0        0x0 ../../Compiler/COMMON/SGL_302j/LIB_ELF/SEGA_SYS.A(sys_sub.o)
 .data          0x0602a5d0        0x0 ../../Compiler/COMMON/SGL_302j/LIB_ELF/LIBCD.A(CDC_CMN.O)
 .data          0x0602a5d0        0x0 ../../Compiler/COMMON/SGL_302j/LIB_ELF/LIBCD.A(CDC_DRV.O)
 .data          0x0602a5d0        0x0 ../../Compiler/COMMON/SGL_302j/LIB_ELF/LIBCD.A(CDC_CFS.O)
 .data          0x0602a5d0        0x0 ../../Compiler/COMMON/SGL_302j/LIB_ELF/LIBCD.A(CDC_REG.O)
 .data          0x0602a5d0        0x0 ../../Compiler/COMMON/SGL_302j/LIB_ELF/LIBCD.A(CDC_SUB.O)
 .data          0x0602a5d0        0x0 ../../Compiler/COMMON/SGL_302j/LIB_ELF/LIBCD.A(GFS.O)
 .data          0x0602a5d0        0x0 ../../Compiler/COMMON/SGL_302j/LIB_ELF/LIBCD.A(GFS_BUF.O)
 .data          0x0602a5d0        0x0 ../../Compiler/COMMON/SGL_302j/LIB_ELF/LIBCD.A(GFS_CDB.O)
 .data          0x0602a5d0        0x0 ../../Compiler/COMMON/SGL_302j/LIB_ELF/LIBCD.A(GFS_CDC.O)
 .data          0x0602a5d0        0x0 ../../Compiler/COMMON/SGL_302j/LIB_ELF/LIBCD.A(GFS_CDF.O)
 .data          0x0602a5d0        0x0 ../../Compiler/COMMON/SGL_302j/LIB_ELF/LIBCD.A(GFS_DIR.O)
 .data          0x0602a5d0        0x0 ../../Compiler/COMMON/SGL_302j/LIB_ELF/LIBCD.A(GFS_TRN.O)
 .data          0x0602a5d0        0x0 ../../Compiler/COMMON/SGL_302j/LIB_ELF/LIBCD.A(CDC_DEV.O)
 .data          0x0602a5d0        0x0 ../../Compiler/COMMON/SGL_302j/LIB_ELF/LIBCD.A(CDC_SEL.O)
 .data          0x0602a5d0        0x0 ../../Compiler/COMMON/SGL_302j/LIB_ELF/LIBCD.A(CDC_BIF.O)
 .data          0x0602a5d0        0x0 ../../Compiler/COMMON/SGL_302j/LIB_ELF/LIBCD.A(CDC_BIO.O)
 .data          0x0602a5d0        0x0 ../../Compiler/COMMON/SGL_302j/LIB_ELF/LIBSGL.A(sglA01.o)
 .data          0x0602a5d0        0x0 ../../Compiler/COMMON/SGL_302j/LIB_ELF/LIBSGL.A(sglA20.o)
 .data          0x0602a5d0        0x0 ../../Compiler/COMMON/SGL_302j/LIB_ELF/LIBSGL.A(sglA21.o)
 .data          0x0602a5d0        0x0 ../../Compiler/COMMON/SGL_302j/LIB_ELF/LIBSGL.A(sglA27.o)
 .data          0x0602a5d0        0x0 ../../Compiler/COMMON/SGL_302j/LIB_ELF/LIBSGL.A(sglB001.o)
 .data          0x0602a5d0        0x0 ../../Compiler/COMMON/SGL_302j/LIB_ELF/LIBSGL.A(sglB011.o)
 .data          0x0602a5d0        0x0 ../../Compiler/COMMON/SGL_302j/LIB_ELF/LIBSGL.A(sglB014.o)
 .data          0x0602a5d0        0x0 ../../Compiler/COMMON/SGL_302j/LIB_ELF/LIBSGL.A(sglB015.o)
 .data          0x0602a5d0        0x0 ../../Compiler/COMMON/SGL_302j/LIB_ELF/LIBSGL.A(sglB016.o)
 .data          0x0602a5d0        0x0 ../../Compiler/COMMON/SGL_302j/LIB_ELF/LIBSGL.A(sglB020.o)
 .data          0x0602a5d0        0x0 ../../Compiler/COMMON/SGL_302j/LIB_ELF/LIBSGL.A(sglB021.o)
 .data          0x0602a5d0        0x0 ../../Compiler/COMMON/SGL_302j/LIB_ELF/LIBSGL.A(sglB023.o)
 .data          0x0602a5d0        0x0 ../../Compiler/COMMON/SGL_302j/LIB_ELF/LIBSGL.A(sglB032.o)
 .data          0x0602a5d0        0x0 ../../Compiler/COMMON/SGL_302j/LIB_ELF/LIBSGL.A(sglB035.o)
 .data          0x0602a5d0        0x0 ../../Compiler/COMMON/SGL_302j/LIB_ELF/LIBSGL.A(sglB036.o)
 .data          0x0602a5d0        0x0 ../../Compiler/COMMON/SGL_302j/LIB_ELF/LIBSGL.A(sglB038.o)
 .data          0x0602a5d0        0x0 ../../Compiler/COMMON/SGL_302j/LIB_ELF/LIBSGL.A(sglB039.o)
 .data          0x0602a5d0        0x0 ../../Compiler/COMMON/SGL_302j/LIB_ELF/LIBSGL.A(sglB040.o)
 .data          0x0602a5d0        0x0 ../../Compiler/COMMON/SGL_302j/LIB_ELF/LIBSGL.A(sglB041.o)
 .data          0x0602a5d0        0x0 ../../Compiler/COMMON/SGL_302j/LIB_ELF/LIBSGL.A(sglB043.o)
 .data          0x0602a5d0        0x0 ../../Compiler/COMMON/SGL_302j/LIB_ELF/LIBSGL.A(sglB047.o)
 .data          0x0602a5d0        0x0 ../../Compiler/COMMON/SGL_302j/LIB_ELF/LIBSGL.A(sglB048.o)
 .data          0x0602a5d0        0x0 ../../Compiler/COMMON/SGL_302j/LIB_ELF/LIBSGL.A(sglB056.o)
 .data          0x0602a5d0        0x0 ../../Compiler/COMMON/SGL_302j/LIB_ELF/LIBSGL.A(sglB059.o)
 .data          0x0602a5d0        0x0 ../../Compiler/COMMON/SGL_302j/LIB_ELF/LIBSGL.A(sglB060.o)
 .data          0x0602a5d0        0x0 ../../Compiler/COMMON/SGL_302j/LIB_ELF/LIBSGL.A(sglB063.o)
 .data          0x0602a5d0        0x0 ../../Compiler/COMMON/SGL_302j/LIB_ELF/LIBSGL.A(sglB087.o)
 .data          0x0602a5d0        0x0 ../../Compiler/COMMON/SGL_302j/LIB_ELF/LIBSGL.A(sglB088.o)
 .data          0x0602a5d0        0x0 ../../Compiler/COMMON/SGL_302j/LIB_ELF/LIBSGL.A(sglB090.o)
 .data          0x0602a5d0        0x0 ../../Compiler/COMMON/SGL_302j/LIB_ELF/LIBSGL.A(sglB200.o)
 .data          0x0602a5d0        0x0 ../../Compiler/COMMON/SGL_302j/LIB_ELF/LIBSGL.A(sglC04.o)
 .data          0x0602a5d0        0x0 ../../Compiler/COMMON/SGL_302j/LIB_ELF/LIBSGL.A(sglC05.o)
 .data          0x0602a5d0        0x0 ../../Compiler/COMMON/SGL_302j/LIB_ELF/LIBSGL.A(sglC06.o)
 .data          0x0602a5d0        0x0 ../../Compiler/COMMON/SGL_302j/LIB_ELF/LIBSGL.A(sglC07.o)
 .data          0x0602a5d0        0x0 ../../Compiler/COMMON/SGL_302j/LIB_ELF/LIBSGL.A(sglC08.o)
 .data          0x0602a5d0        0x0 ../../Compiler/COMMON/SGL_302j/LIB_ELF/LIBSGL.A(sglC16.o)
 .data          0x0602a5d0        0x0 ../../Compiler/COMMON/SGL_302j/LIB_ELF/LIBSGL.A(sglC17.o)
 .data          0x0602a5d0        0x0 ../../Compiler/COMMON/SGL_302j/LIB_ELF/LIBSGL.A(sglC19.o)
 .data          0x0602a5d0        0x0 ../../Compiler/COMMON/SGL_302j/LIB_ELF/LIBSGL.A(sglC20.o)
 .data          0x0602a5d0        0x0 ../../Compiler/COMMON/SGL_302j/LIB_ELF/LIBSGL.A(sglC21.o)
 .data          0x0602a5d0        0x0 ../../Compiler/COMMON/SGL_302j/LIB_ELF/LIBSGL.A(sglD00.o)
 .data          0x0602a5d0        0x0 ../../Compiler/COMMON/SGL_302j/LIB_ELF/LIBSGL.A(sglD01.o)
 .data          0x0602a5d0        0x0 ../../Compiler/COMMON/SGL_302j/LIB_ELF/LIBSGL.A(sglD02.o)
 .data          0x0602a5d0        0x0 ../../Compiler/COMMON/SGL_302j/LIB_ELF/LIBSGL.A(sglD03.o)
 .data          0x0602a5d0        0x0 ../../Compiler/COMMON/SGL_302j/LIB_ELF/LIBSGL.A(sglD15.o)
 .data          0x0602a5d0        0x0 ../../Compiler/COMMON/SGL_302j/LIB_ELF/LIBSGL.A(sglD16.o)
 .data          0x0602a5d0        0x0 ../../Compiler/COMMON/SGL_302j/LIB_ELF/LIBSGL.A(sglD17.o)
 .data          0x0602a5d0        0x0 ../../Compiler/COMMON/SGL_302j/LIB_ELF/LIBSGL.A(sglD18.o)
 .data          0x0602a5d0        0x0 ../../Compiler/COMMON/SGL_302j/LIB_ELF/LIBSGL.A(sglF00.o)
 .data          0x0602a5d0        0x0 ../../Compiler/COMMON/SGL_302j/LIB_ELF/LIBSGL.A(sglF05.o)
 .data          0x0602a5d0        0x0 ../../Compiler/COMMON/SGL_302j/LIB_ELF/LIBSGL.A(sglF08.o)
 .data          0x0602a5d0        0x0 ../../Compiler/COMMON/SGL_302j/LIB_ELF/LIBSGL.A(sglH00.o)
 .data          0x0602a5d0        0x0 ../../Compiler/COMMON/SGL_302j/LIB_ELF/LIBSGL.A(sglH01.o)
 .data          0x0602a5d0        0x0 ../../Compiler/COMMON/SGL_302j/LIB_ELF/LIBSGL.A(sglH02.o)
 .data          0x0602a5d0        0x0 ../../Compiler/COMMON/SGL_302j/LIB_ELF/LIBSGL.A(sglH04.o)
 .data          0x0602a5d0        0x0 ../../Compiler/COMMON/SGL_302j/LIB_ELF/LIBSGL.A(sglI01.o)
 .data          0x0602a5d0        0x0 ../../Compiler/COMMON/SGL_302j/LIB_ELF/LIBSGL.A(sglI04.o)
 .data          0x0602a5d0       0x80 ../../Compiler/COMMON/SGL_302j/LIB_ELF/LIBSGL.A(sglIc0.o)
                0x0602a5d0                IntPrioMask
 .data          0x0602a650        0x0 ../../Compiler/COMMON/SGL_302j/LIB_ELF/LIBSGL.A(sglJ00.o)
 .data          0x0602a650        0x0 ../../Compiler/COMMON/SGL_302j/LIB_ELF/LIBSGL.A(sglJ01.o)
 .data          0x0602a650        0x0 ../../Compiler/COMMON/SGL_302j/LIB_ELF/LIBSGL.A(sglJ02.o)
 .data          0x0602a650        0x0 ../../Compiler/COMMON/SGL_302j/LIB_ELF/LIBSGL.A(sglJ03.o)
 .data          0x0602a650        0x0 ../../Compiler/COMMON/SGL_302j/LIB_ELF/LIBSGL.A(sglJ04.o)
 .data          0x0602a650        0x0 ../../Compiler/COMMON/SGL_302j/LIB_ELF/LIBSGL.A(sglJ05.o)
 .data          0x0602a650        0x0 ../../Compiler/COMMON/SGL_302j/LIB_ELF/LIBSGL.A(sglK01.o)
 .data          0x0602a650        0x0 ../../Compiler/COMMON/SGL_302j/LIB_ELF/LIBSGL.A(sglM01.o)
 .data          0x0602a650        0x0 ../../Compiler/COMMON/SGL_302j/LIB_ELF/LIBSGL.A(sglA00.o)
 .data          0x0602a650        0x0 ../../Compiler/COMMON/SGL_302j/LIB_ELF/LIBSGL.A(sglB000.o)
 .data          0x0602a650        0x0 ../../Compiler/COMMON/SGL_302j/LIB_ELF/LIBSGL.A(sglC00.o)
 .data          0x0602a650        0x0 ../../Compiler/COMMON/SGL_302j/LIB_ELF/LIBSGL.A(sglI00.o)
 .data          0x0602a650        0x0 ../../Compiler/COMMON/SGL_302j/LIB_ELF/LIBSGL.A(sglH03.o)
 .data          0x0602a650        0x0 c:/users/usuario/desktop/joengine-master/joengine-master/compiler/windows/bin/../lib/gcc/sh-elf/9.3.0\libgcc.a(_ashiftrt.o)
 .data          0x0602a650        0x0 c:/users/usuario/desktop/joengine-master/joengine-master/compiler/windows/bin/../lib/gcc/sh-elf/9.3.0\libgcc.a(_ashiftrt_n.o)
 .data          0x0602a650        0x0 c:/users/usuario/desktop/joengine-master/joengine-master/compiler/windows/bin/../lib/gcc/sh-elf/9.3.0\libgcc.a(_ashiftlt.o)
 .data          0x0602a650        0x0 c:/users/usuario/desktop/joengine-master/joengine-master/compiler/windows/bin/../lib/gcc/sh-elf/9.3.0\libgcc.a(_lshiftrt.o)
 .data          0x0602a650        0x0 c:/users/usuario/desktop/joengine-master/joengine-master/compiler/windows/bin/../lib/gcc/sh-elf/9.3.0\libgcc.a(_sdivsi3.o)
 .data          0x0602a650        0x0 c:/users/usuario/desktop/joengine-master/joengine-master/compiler/windows/bin/../lib/gcc/sh-elf/9.3.0\libgcc.a(_udivsi3.o)
 .data          0x0602a650        0x0 c:/users/usuario/desktop/joengine-master/joengine-master/compiler/windows/bin/../lib/gcc/sh-elf/9.3.0\libgcc.a(_addsub_sf.o)
 .data          0x0602a650        0x0 c:/users/usuario/desktop/joengine-master/joengine-master/compiler/windows/bin/../lib/gcc/sh-elf/9.3.0\libgcc.a(_mul_sf.o)