Archive member included to satisfy reference by file (symbol)

../../Compiler/COMMON/SGL_302j/LIB_ELF/SEGA_SYS.A(sys_exit.o)
                              ../../jo_engine/core.o (SYS_Exit)
../../Compiler/COMMON/SGL_302j/LIB_ELF/SEGA_SYS.A(sys_sub.o)
                              ../../Compiler/COMMON/SGL_302j/LIB_ELF/SEGA_SYS.A(sys_exit.o) (SYSUB_SetStackptr)
../../Compiler/COMMON/SGL_302j/LIB_ELF/LIBCD.A(CDC_CMN.O)
                              pcmsys.o (CDC_GetCurStat)
../../Compiler/COMMON/SGL_302j/LIB_ELF/LIBCD.A(CDC_DRV.O)
                              pcmsys.o (CDC_CdPlay)
../../Compiler/COMMON/SGL_302j/LIB_ELF/LIBCD.A(CDC_CFS.O)
                              ../../Compiler/COMMON/SGL_302j/LIB_ELF/SEGA_SYS.A(sys_exit.o) (CDC_ChgDir)
../../Compiler/COMMON/SGL_302j/LIB_ELF/LIBCD.A(CDC_REG.O)
                              ../../Compiler/COMMON/SGL_302j/LIB_ELF/SEGA_SYS.A(sys_exit.o) (CDC_GetHirqReq)
../../Compiler/COMMON/SGL_302j/LIB_ELF/LIBCD.A(CDC_SUB.O)
                              ../../Compiler/COMMON/SGL_302j/LIB_ELF/LIBCD.A(CDC_CMN.O) (CDSUB_UpdStatus)
../../Compiler/COMMON/SGL_302j/LIB_ELF/LIBCD.A(GFS.O)
                              pcmsys.o (GFS_Init)
../../Compiler/COMMON/SGL_302j/LIB_ELF/LIBCD.A(GFS_BUF.O)
                              ../../Compiler/COMMON/SGL_302j/LIB_ELF/LIBCD.A(GFS.O) (GFBF_GetNumData)
../../Compiler/COMMON/SGL_302j/LIB_ELF/LIBCD.A(GFS_CDB.O)
                              ../../Compiler/COMMON/SGL_302j/LIB_ELF/LIBCD.A(GFS.O) (GFCB_Close)
../../Compiler/COMMON/SGL_302j/LIB_ELF/LIBCD.A(GFS_CDC.O)
                              ../../Compiler/COMMON/SGL_302j/LIB_ELF/LIBCD.A(GFS.O) (GFCD_SetCdbfs)
../../Compiler/COMMON/SGL_302j/LIB_ELF/LIBCD.A(GFS_CDF.O)
                              ../../Compiler/COMMON/SGL_302j/LIB_ELF/LIBCD.A(GFS.O) (GFCF_Init)
../../Compiler/COMMON/SGL_302j/LIB_ELF/LIBCD.A(GFS_DIR.O)
                              ../../Compiler/COMMON/SGL_302j/LIB_ELF/LIBCD.A(GFS.O) (GFDR_SetupDirTbl)
../../Compiler/COMMON/SGL_302j/LIB_ELF/LIBCD.A(GFS_TRN.O)
                              ../../Compiler/COMMON/SGL_302j/LIB_ELF/LIBCD.A(GFS.O) (GFTR_Setup)
../../Compiler/COMMON/SGL_302j/LIB_ELF/LIBCD.A(CDC_DEV.O)
                              ../../Compiler/COMMON/SGL_302j/LIB_ELF/LIBCD.A(GFS_CDC.O) (CDC_CdSetCon)
../../Compiler/COMMON/SGL_302j/LIB_ELF/LIBCD.A(CDC_SEL.O)
                              ../../Compiler/COMMON/SGL_302j/LIB_ELF/LIBCD.A(GFS_CDC.O) (CDC_SetFiltRange)
../../Compiler/COMMON/SGL_302j/LIB_ELF/LIBCD.A(CDC_BIF.O)
                              ../../Compiler/COMMON/SGL_302j/LIB_ELF/LIBCD.A(GFS_CDC.O) (CDC_GetBufSiz)
../../Compiler/COMMON/SGL_302j/LIB_ELF/LIBCD.A(CDC_BIO.O)
                              ../../Compiler/COMMON/SGL_302j/LIB_ELF/LIBCD.A(GFS_CDC.O) (CDC_SetSctLen)
../../Compiler/COMMON/SGL_302j/LIB_ELF/LIBSGL.A(sglA01.o)
                              ../../jo_engine/math.o (slSin)
../../Compiler/COMMON/SGL_302j/LIB_ELF/LIBSGL.A(sglA20.o)
                              ../../jo_engine/core.o (slUnitMatrix)
../../Compiler/COMMON/SGL_302j/LIB_ELF/LIBSGL.A(sglA21.o)
                              ../../jo_engine/map.o (slPushMatrix)
../../Compiler/COMMON/SGL_302j/LIB_ELF/LIBSGL.A(sglA27.o)
                              ../../jo_engine/map.o (slTranslate)
../../Compiler/COMMON/SGL_302j/LIB_ELF/LIBSGL.A(sglB001.o)
                              ../../jo_engine/core.o (slTVOn)
../../Compiler/COMMON/SGL_302j/LIB_ELF/LIBSGL.A(sglB011.o)
                              ../../jo_engine/vdp2.o (slBitMapNbg1)
../../Compiler/COMMON/SGL_302j/LIB_ELF/LIBSGL.A(sglB014.o)
                              ../../jo_engine/vdp2.o (slScrTransparent)
../../Compiler/COMMON/SGL_302j/LIB_ELF/LIBSGL.A(sglB015.o)
                              ../../jo_engine/vdp2.o (slScrAutoDisp)
../../Compiler/COMMON/SGL_302j/LIB_ELF/LIBSGL.A(sglB016.o)
                              ../../jo_engine/vdp2.o (slBack1ColSet)
../../Compiler/COMMON/SGL_302j/LIB_ELF/LIBSGL.A(sglB020.o)
                              ../../jo_engine/vdp2.o (slColorCalc)
../../Compiler/COMMON/SGL_302j/LIB_ELF/LIBSGL.A(sglB021.o)
                              ../../jo_engine/vdp2.o (slColorCalcOn)
../../Compiler/COMMON/SGL_302j/LIB_ELF/LIBSGL.A(sglB023.o)
                              ../../jo_engine/vdp2.o (slColRate)
../../Compiler/COMMON/SGL_302j/LIB_ELF/LIBSGL.A(sglB032.o)
                              ../../jo_engine/vdp2.o (slMapNbg1)
../../Compiler/COMMON/SGL_302j/LIB_ELF/LIBSGL.A(sglB035.o)
                              ../../jo_engine/vdp2.o (sl1MapRA)
../../Compiler/COMMON/SGL_302j/LIB_ELF/LIBSGL.A(sglB036.o)
                              ../../jo_engine/vdp2.o (sl1MapRB)
../../Compiler/COMMON/SGL_302j/LIB_ELF/LIBSGL.A(sglB038.o)
                              ../../jo_engine/vdp2.o (slRparaInitSet)
../../Compiler/COMMON/SGL_302j/LIB_ELF/LIBSGL.A(sglB039.o)
                              ../../jo_engine/vdp2.o (slMakeKtable)
[...]
Memory Configuration

Name             Origin             Length             Attributes
*default*        0x00000000         0xffffffff

Linker script and memory map


SLSTART         0x06004000       0x30
                0x06004000                ___Start = .
 *(SLSTART)
 SLSTART        0x06004000       0x28 ../../Compiler/COMMON/SGL_302j/LIB_ELF/LIBSGL.A(sglI00.o)
                0x06004000                SGL_Start
                0x06004002                slStartSGL

.text           0x06004040    0x12e70
 *(.text)
 .text          0x06004040        0x0 ../../Compiler/COMMON/SGL_302j/LIB_ELF/SGLAREA.O
 .text          0x06004040      0xd0c main.o
                0x060040dc                random_in_range
                0x06004114                jo_main
                0x060043cc                title_fruits
                0x06004528                frutordia_title
                0x060045cc                draw_menu
                0x060047a8                draw_story
                0x06004814                game_fruits
                0x06004a68                draw_game
                0x06004cd4                state_loop
                0x06004d0c                play_track
                0x06004d28                player_jump
 .text          0x06004d4c      0xa88 pcmsys.o
                0x06004d4c                set_master_volume
                0x06004d74                pcm_play
                0x06004dac                pcm_parameter_change
                0x06004ddc                pcm_cease
                0x06004e14                pcm_reset
                0x06004eac                cd_init
                0x06004ee4                smpc_wait_till_ready
                0x06004ef8                smpc_issue_command
                0x06004f0c                load_driver_binary
                0x06004ff8                load_drv
                0x0600507c                calculate_bytes_per_blank
                0x060050cc                convert_bitrate_to_pitchword
                0x06005128                load_16bit_pcm
                0x060052a4                load_8bit_pcm
                0x06005420                gcd
                0x0600544c                lcm
                0x06005490                load_adx
                0x060056b8                sdrv_vblank_rq
                0x060056c8                CDDA_SetVolume
                0x060056f0                CDDA_SetChannelVolPan
                0x06005704                CDGetTableOfContents
                0x06005710                CDDA_Play
                0x0600579c                CDDA_Stop
                0x060057c4                CDDA_PlaySingle
 .text          0x060057d4      0xaf0 ../../jo_engine/tga.o
                0x06005a50                jo_set_tga_default_palette
                0x06005a5c                jo_set_tga_palette_handling
                0x06005a68                __jo_tga_load
                0x06005b88                __jo_tga_any_loader_from_stream
                0x06005bd0                jo_tga_8bits_loader_from_stream
                0x06005be8                jo_tga_loader_from_stream
                0x06005c00                __jo_tga_any_loader
                0x06005c50                jo_tga_8bits_loader
                0x06005c6c                jo_tga_loader
                0x06005c88                jo_tga_8bits_tileset_loader
                0x06005ec4                jo_sprite_add_tga_tileset
                0x0600611c                jo_sprite_add_tga_from_stream
                0x060061d4                jo_sprite_add_tga
 .text          0x060062c4      0x4cc ../../jo_engine/audio.o
                0x06006338                jo_audio_play_cd_track
                0x06006378                jo_audio_set_volume
                0x06006384                jo_audio_stop_cd
                0x060063a0                jo_audio_init
                0x060063f0                jo_audio_is_channel_playing
                0x06006440                jo_audio_play_sound_on_channel
                0x06006500                jo_audio_play_sound
                0x0600659c                jo_audio_usage_percent
                0x06006600                jo_audio_free_pcm
                0x06006638                jo_audio_stop_sound
                0x060066cc                jo_audio_load_pcm_async
                0x06006714                jo_audio_load_pcm
 .text          0x06006790      0xa3c ../../jo_engine/3d.o
                0x060067f8                jo_3d_init
                0x06006828                jo_3d_create_triangle
                0x06006864                jo_3d_create_plane
                0x060068a4                jo_3d_create_mesh_from_vertices_and_normals
                0x060069b8                jo_3d_free_mesh
                0x06006a0c                jo_3d_create_cube
                0x06006a68                jo_3d_set_mesh_polygon_transparency
                0x06006adc                jo_3d_set_mesh_transparency
                0x06006b48                jo_3d_set_mesh_polygon_screen_doors
                0x06006bc0                jo_3d_set_mesh_polygon_high_speed_shrink
                0x06006c38                jo_3d_set_mesh_high_speed_shrink
                0x06006ca4                jo_3d_set_mesh_screen_doors
                0x06006d10                jo_3d_set_mesh_polygon_light
                0x06006d80                jo_3d_set_mesh_light
                0x06006dec                jo_3d_set_mesh_polygon_texture
                0x06006eb8                jo_3d_set_mesh_texture
                0x06006f24                jo_3d_set_mesh_polygon_wireframe
                0x06006f78                jo_3d_set_mesh_polygon_color_ex
                0x06007034                jo_3d_set_mesh_color
                0x060070a4                jo_3d_free_sprite_quad
                0x060070d0                jo_3d_create_sprite_quad
 .text          0x060071cc      0x960 ../../jo_engine/fs.o
                0x06007234                jo_fs_init
                0x060072e4                jo_fs_do_background_jobs
                0x060073a0                jo_fs_read_file_async_ptr
                0x06007544                jo_fs_cd
                0x060075b4                jo_fs_read_file_ptr
                0x06007750                jo_fs_read_file_in_dir
                0x0600779c                jo_fs_open
                0x06007898                jo_fs_seek_forward
                0x060079a8                jo_fs_read_next_bytes
                0x06007aa0                jo_fs_close
                0x06007aec                jo_fs_set_read_sector_count
 .text          0x06007b2c      0x574 ../../jo_engine/font.o
                0x06007b94                jo_font_load
                0x06007e24                jo_font_print
                0x06007f48                jo_font_print_centered
 .text          0x060080a0      0x224 ../../jo_engine/input.o
                0x06008108                jo_get_inputs_vblank
                0x06008150                jo_get_input_type
                0x060081e4                jo_get_input_count
                0x06008218                jo_get_input_axis
 .text          0x060082c4        0x0 ../../jo_engine/physics.o
 .text          0x060082c4      0x89c ../../jo_engine/core.o
                0x06008350                __jo_core_set_screens_order
                0x06008488                jo_goto_boot_menu
                0x06008494                jo_core_suspend
                0x06008574                __jo_core_error
                0x06008694                jo_core_add_vblank_callback
                0x06008718                jo_core_init
                0x06008918                jo_core_remove_vblank_callback
                0x06008978                jo_core_add_callback
                0x060089c8                jo_core_remove_callback
                0x06008a08                jo_core_set_restart_game_callback
                0x06008a14                jo_core_run
                0x06008aa8                jo_dump_vdp1_registers
                0x06008b04                jo_dump_vdp2_registers
 .text          0x06008b60      0xb90 ../../jo_engine/math.o
                0x06008bc8                jo_fixed_mult
                0x06008bdc                jo_fixed_dot
                0x06008bf4                jo_fixed_pow
                0x06008c2c                jo_fixed_div
                0x06008c54                jo_fixed_sin
                0x06008cb0                jo_fixed_cos
                0x06008d0c                jo_gcd
                0x06008d74                jo_atan2f_rad
                0x06008f38                jo_planar_rotate
                0x06009130                jo_random
                0x060091a0                jo_vector_fixed_compute_bezier_point
                0x06009330                jo_vectorf_compute_bezier_point
                0x06009480                jo_fixed_sqrt
                0x06009530                jo_sqrt
                0x06009570                jo_fixed_rsqrt
                0x06009680                jo_rsqrt
 .text          0x060096f0      0x4b4 ../../jo_engine/malloc.o
                0x06009758                jo_add_memory_zone
                0x060097c8                jo_malloc_with_behaviour
                0x06009914                jo_reduce_memory_fragmentation
                0x06009988                jo_free
                0x06009a04                jo_memory_usage_percent
                0x06009b08                jo_memory_fragmentation
 .text          0x06009ba4      0x4a8 ../../jo_engine/tools.o
                0x06009c0c                jo_print
                0x06009c5c                jo_clear_screen_line
                0x06009ca4                jo_clear_screen
                0x06009cc8                jo_getdate
                0x06009d64                jo_get_current_language
                0x06009d88                jo_tools_atoi
                0x06009e08                jo_strlen
                0x06009e58                jo_endwith
                0x06009f04                jo_strcmp
                0x06009f34                jo_memset
                0x06009fd8                jo_map_to_vram
 .text          0x0600a04c      0x134 ../../jo_engine/palette.o
                0x0600a0b4                jo_create_palette
                0x0600a108                jo_set_palette_register
                0x0600a16c                jo_get_palette_register
 .text          0x0600a180      0xa30 ../../jo_engine/sprites.o
                0x0600a31c                jo_sprite_usage_percent
                0x0600a3a8                jo_get_last_sprite_id
                0x0600a3b4                jo_sprite_init
                0x0600a438                jo_sprite_name2id
                0x0600a4b0                jo_sprite_replace
                0x0600a5d0                jo_sprite_add
                0x0600a61c                jo_sprite_add_8bits_image
                0x0600a668                jo_sprite_free_from
                0x0600a710                jo_set_gouraud_shading_colors
                0x0600a738                jo_set_gouraud_shading_brightness
                0x0600a778                jo_sprite_draw_4p_fixed
                0x0600a890                jo_sprite_draw
                0x0600a9dc                jo_sprite_draw_rotate
                0x0600ab7c                jo_sprite_set_clipping_area
 .text          0x0600abb0      0xb38 ../../jo_engine/map.o
                0x0600ace0                jo_map_per_pixel_vertical_collision
                0x0600ae74                jo_map_hitbox_detection_custom_boundaries
                0x0600aee4                jo_map_create
                0x0600af60                jo_map_add_tile
                0x0600af84                jo_map_add_animated_tile
                0x0600afa8                jo_map_draw_background
                0x0600b040                jo_map_3d_draw
                0x0600b17c                jo_map_draw
                0x0600b278                jo_map_free
                0x0600b290                jo_map_load_from_file
                0x0600b668                jo_map_move_tiles_by_attribute
 .text          0x0600b6e8      0x200 ../../jo_engine/list.o
                0x0600b750                jo_list_init
                0x0600b760                jo_list_add
                0x0600b7d8                jo_list_insert_at
                0x0600b888                jo_list_remove
 .text          0x0600b8e8      0x358 ../../jo_engine/sprite_animator.o
                0x0600b9fc                jo_replace_sprite_anim
                0x0600bab0                jo_create_sprite_anim
                0x0600bb7c                jo_remove_sprite_anim
                0x0600bc10                jo_clear_all_sprite_anim
 .text          0x0600bc40      0x7b0 ../../jo_engine/image.o
                0x0600bca8                __jo_bin_load
                0x0600bcf8                jo_free_img
                0x0600bd40                jo_bin_loader_from_stream
                0x0600be10                jo_bin_loader
                0x0600be94                jo_replace_color
                0x0600bf00                jo_sprite_add_bin_tileset
                0x0600c0f8                jo_sprite_add_bin
                0x0600c1c4                jo_sprite_add_bin_from_stream
                0x0600c25c                jo_sprite_add_image_pack
 .text          0x0600c3f0      0xcfc ../../jo_engine/vdp2.o
                0x0600c4d4                jo_set_default_background_color
                0x0600c514                jo_img_to_vdp2_cells
                0x0600c638                jo_vdp2_replace_rbg0_plane_a_8bits_image
                0x0600c64c                jo_vdp2_replace_rbg0_plane_b_8bits_image
                0x0600c660                jo_vdp2_set_rbg0_plane_a_8bits_image
                0x0600c728                jo_vdp2_set_rbg0_plane_b_8bits_image
                0x0600c7f0                jo_vdp2_enable_rbg0
                0x0600c8c4                jo_vdp2_disable_rbg0
                0x0600c920                jo_init_nbg0_printf
                0x0600c9a4                __jo_init_vdp2
                0x0600ca08                jo_vdp2_disable_nbg0_line_scroll
                0x0600ca2c                jo_vdp2_compute_nbg0_line_scroll
                0x0600ca44                jo_vdp2_enable_nbg0_line_scroll
                0x0600cab4                jo_vdp2_draw_bitmap_nbg1_line
                0x0600cb88                jo_vdp2_clear_bitmap_nbg1
                0x0600cbf8                jo_vdp2_set_nbg1_8bits_image
                0x0600cce8                jo_vdp2_set_nbg1_image
                0x0600ced8                jo_vdp2_disable_nbg1_line_scroll
                0x0600cefc                jo_vdp2_compute_nbg1_line_scroll
                0x0600cf14                jo_vdp2_enable_nbg1_line_scroll
                0x0600cf84                jo_set_displayed_screens
                0x0600cf94                jo_disable_all_screens_transparency
                0x0600cfb8                jo_enable_screen_transparency
 .text          0x0600d0ec      0x280 ../../jo_engine/time.o
                0x0600d154                jo_time_init
                0x0600d180                jo_get_ticks
                0x0600d260                jo_fixed_point_time
 .text          0x0600d36c       0x68 ../../jo_engine/vdp1_command_pipeline.o
 .text          0x0600d3d4      0x334 ../../jo_engine/vdp2_malloc.o
                0x0600d43c                jo_vdp2_malloc_init
                0x0600d474                jo_vdp2_free
                0x0600d534                jo_vdp2_malloc
 *fill*         0x0600d708        0x8 
 .text          0x0600d710      0x238 ../../Compiler/COMMON/SGL_302j/LIB_ELF/SEGA_SYS.A(sys_exit.o)
                0x0600d710                sys_version
                0x0600d730                SYS_Exit
 *fill*         0x0600d948        0x8 
 .text          0x0600d950        0x6 ../../Compiler/COMMON/SGL_302j/LIB_ELF/SEGA_SYS.A(sys_sub.o)
                0x0600d950                SYSUB_SetStackptr
 *fill*         0x0600d956        0xa 
 .text          0x0600d960      0x3a0 ../../Compiler/COMMON/SGL_302j/LIB_ELF/LIBCD.A(CDC_CMN.O)
                0x0600d960                CDC_GetCurStat
                0x0600d9b0                CDC_GetLastStat
                0x0600d9c8                CDC_GetPeriStat
                0x0600da9c                CDC_GetHwInfo
                0x0600db04                CDC_TgetToc
                0x0600db54                CDC_GetSes
                0x0600db90                CDC_CdInit
                0x0600dc14                CDC_CdOpen
                0x0600dc3c                CDC_DataReady
                0x0600dca8                CDC_DataEnd
 .text          0x0600dd00      0x130 ../../Compiler/COMMON/SGL_302j/LIB_ELF/LIBCD.A(CDC_DRV.O)
                0x0600dd00                CDC_CdPlay
                0x0600ddcc                CDC_CdSeek
                0x0600de00                CDC_CdScan
 .text          0x0600de30      0x194 ../../Compiler/COMMON/SGL_302j/LIB_ELF/LIBCD.A(CDC_CFS.O)
                0x0600de30                CDC_ChgDir
                0x0600de64                CDC_ReadDir
                0x0600de98                CDC_GetFileScope
                0x0600def8                CDC_TgetFileInfo
                0x0600df54                CDC_ReadFile
                0x0600df88                CDC_AbortFile
 *fill*         0x0600dfc4        0xc 
 .text          0x0600dfd0      0x2dc ../../Compiler/COMMON/SGL_302j/LIB_ELF/LIBCD.A(CDC_REG.O)
                0x0600dfd0                CDC_GetDataPtr
                0x0600dfe0                CDC_GetHirqReq
                0x0600dff4                CDC_ClrHirqReq
                0x0600e024                CDREG_ClrHirqReq
                0x0600e034                CDREG_InitHirqReq
                0x0600e05c                CDREG_SetHirqFlag
                0x0600e070                CDC_GetHirqMsk
                0x0600e084                CDC_SetHirqMsk
                0x0600e094                CDC_GetMpegPtr
                0x0600e0a4                CDREG_TgetData
                0x0600e100                CDREG_CmdRsp
                0x0600e200                CDREG_WaitHirq
                0x0600e270                CDREG_ReadRsp
 *fill*         0x0600e2ac        0x4 
 .text          0x0600e2b0      0x152 ../../Compiler/COMMON/SGL_302j/LIB_ELF/LIBCD.A(CDC_SUB.O)
                0x0600e2b0                CDSUB_UpdStatus
                0x0600e2c8                CDSUB_UpdCdstat
                0x0600e2e8                CDSUB_CdCmd
                0x0600e358                CDSUB_GetCdstat
                0x0600e398                CDSUB_RspToCdstat
                0x0600e3e0                CDSUB_SoftTimer
 *fill*         0x0600e402        0xe 
 .text          0x0600e410     0x1adc ../../Compiler/COMMON/SGL_302j/LIB_ELF/LIBCD.A(GFS.O)
                0x0600e410                gfs_version
                0x0600e430                GFS_Init
                0x0600e518                GFS_LoadDir
                0x0600e5c0                GFS_SetDir
                0x0600e628                GFS_NameToId
                0x0600e68c                GFS_IdToName
                0x0600e6f8                GFS_GetDirInfo
                0x0600e768                GFS_Reset
                0x0600e7ec                GFS_Open
                0x0600e8a0                GFS_Close
                0x0600e8d8                GFS_Seek
                0x0600e98c                GFS_Tell
                0x0600e9dc                GFS_IsEof
                0x0600ea30                GFS_ByteToSct
                0x0600ea8c                GFS_GetFileSize
                0x0600eae8                GFS_GetFileInfo
                0x0600eb5c                GFS_GetNumCdbuf
                0x0600eb84                GFS_Load
                0x0600ec48                GFS_Fread
                0x0600ece4                gfs_waitRead
                0x0600ed8c                GFS_NwFread
                0x0600ee98                GFS_NwCdRead
                0x0600ef10                GFS_NwIsComplete
                0x0600ef48                GFS_NwStop
                0x0600efb4                GFS_NwGetStat
                0x0600f030                gfs_recovRdErr
                0x0600f060                GFS_NwExecOne
                0x0600f120                GFS_NwExecServer
                0x0600f19c                GFS_SetGmode
                0x0600f200                GFS_SetTmode
                0x0600f26c                GFS_SetReadPara
                0x0600f2d0                GFS_SetTransPara
                0x0600f33c                GFS_SetTrFunc
                0x0600f3a0                GFS_StartTrans
                0x0600f3ec                GFS_CdMovePickup
                0x0600f458                GFS_SetErrFunc
                0x0600f484                GFS_GetErrStat
                0x0600f4a8                GFS_ConvTno
                0x0600f4d0                gfs_chgRoot
                0x0600f59c                gfs_aborttrans
                0x0600f5a8                gfs_mngSetupFuncTbl
                0x0600f5dc                gfs_mngInitWork
                0x0600f680                gfs_mngGetNumFile
                0x0600f6e8                GFS_mngAllocGrp
                0x0600f730                gfs_mngFreeGrp
                0x0600f73c                gfs_mngTermAccess
                0x0600f7c0                gfs_mngSetErrCode
                0x0600f840                gfs_svrSearchHndl
                0x0600f880                gfs_svrAddHndl
                0x0600f8bc                gfs_svrRemoveHndl
                0x0600f918                GFS_OpenSub
                0x0600f970                gfs_loadVol
                0x0600fa34                gfs_getRootDir
                0x0600fb30                gfs_loadRootDir
                0x0600fbb8                gfs_flowIn
                0x0600fc60                gfs_transData
                0x0600fd04                GFS_GetFad
                0x0600fd5c                gfs_SetSct
                0x0600fd9c                gfs_GetFinfo
                0x0600fddc                gfs_closeSub
                0x0600fe18                gfs_getGmode
                0x0600fe24                gfs_isTaskDone
                0x0600fe78                gfs_convFinStat
 *fill*         0x0600feec        0x4 
 .text          0x0600fef0      0x106 ../../Compiler/COMMON/SGL_302j/LIB_ELF/LIBCD.A(GFS_BUF.O)
                0x0600ff20                GFBF_GetTranData
                0x0600ff48                GFBF_GetNumData
                0x0600ff78                GFBF_GetSrcPk
                0x0600ffa0                GFBF_GetSctData
                0x0600ffc4                GFBF_RtnPk
                0x0600ffec                gfbf_getSctDt
 *fill*         0x0600fff6        0xa 
 .text          0x06010000      0x600 ../../Compiler/COMMON/SGL_302j/LIB_ELF/LIBCD.A(GFS_CDB.O)
                0x06010000                GFCB_Setup
                0x06010120                GFCB_Close
                0x06010148                GFCB_GetLenData
                0x060101f4                GFCB_GetLenRoom
                0x06010200                GFCB_SetFilt
                0x06010268                GFCB_DeleteAllData
                0x06010290                GFCB_Tell
                0x060102a0                gfcb_getSctNum
                0x060102f0                GFCB_Seek
                0x060103ec                GFCB_GetSrcPack
                0x060104cc                GFCB_GetSctData
                0x06010504                GFCB_GetDstPack
                0x06010510                GFCB_RtnPk
                0x06010558                GFCB_MovePickup
                0x06010574                GFCB_SetCon
                0x060105a8                GFCB_GetPickup
                0x060105d0                GFCB_IsPuOwner
                0x060105e8                GFCB_UngetPickup
 .text          0x06010600     0x1a10 ../../Compiler/COMMON/SGL_302j/LIB_ELF/LIBCD.A(GFS_CDC.O)
                0x06010600                GFCD_SetCdbfs
                0x0601062c                GFCD_Init
                0x06010830                GFCD_AllocFilt
                0x0601086c                GFCD_FreeFilt
                0x0601089c                GFCD_AllocBuf
                0x060108d0                GFCD_FreeBuf
                0x06010974                GFCD_GetBaseFad
                0x060109a8                GFCD_GetPickup
                0x060109dc                GFCD_UngetPickup
                0x06010a08                GFCD_IsPuOwner
                0x06010a2c                GFCD_SetFilt
                0x06010af0                GFCD_GetFilt
                0x06010b38                GFCD_SetCon
                0x06010b90                GFCD_Play
                0x06010bf0                GFCD_GetLenData
                0x06010c58                GFCD_ReqData
                0x06010cb4                GFCD_EndData
                0x06010cfc                GFCD_DelSctData
                0x06010d54                GFCD_CheckDelSctData
                0x06010d84                GFCD_GetStat
                0x06010e38                GFCD_MovePickup
                0x06010e84                GFCD_MoveSctData
                0x06010ef8                GFCD_CheckMove
                0x06010f1c                GFCD_GetSctInfo
                0x06010f64                GFCD_ChgDir
                0x06010fd8                GFCD_SetFiltCon
                0x060110c0                GFCD_GetFileInfo
                0x0601119c                GFCD_GetBufSiz
                0x060111d4                GFCD_ExecServer
                0x060112a8                gfcd_isIdleTask
                0x06011334                gfcd_doTask
                0x060113e0                GFCD_SetTimer
                0x060113f4                GFCD_WaitServer
                0x06011430                gfcd_doSetFiltTsk
                0x060115f4                gfcd_doSetConTsk
                0x06011684                gfcd_doGetLenDataTsk
                0x060117d8                gfcd_doReqDataTsk
                0x06011878                gfcd_doDelSctDataTsk
                0x060119ac                gfcd_doMoveSctTsk
                0x06011b10                gfcd_doChgDirTsk
                0x06011d0c                gfcd_doSetFiltConTsk
                0x06011e50                gfcd_checkEflag
                0x06011e74                gfcd_initCdbMng
                0x06011ef4                gfcd_setStat
                0x06011f20                GFCD_SetCsctFunc
                0x06011f3c                GFCD_ChkScdqFlag
                0x06011f60                GFCD_ClrScdqFlag
                0x06011f7c                GFCD_WaitScdqFlag
                0x06011fc0                GFCD_WaitPause
 .text          0x06012010      0x8d8 ../../Compiler/COMMON/SGL_302j/LIB_ELF/LIBCD.A(GFS_CDF.O)
                0x06012010                GFCF_Init
                0x060120b0                GFCF_Setup
                0x060121f8                GFCF_SetSct
                0x0601223c                GFCF_GetFileInfo
                0x060122b0                GFCF_FlowInBuf
                0x06012404                GFCF_StopInBuf
                0x060124a4                GFCF_Recover
                0x060124ec                GFCF_Tell
                0x06012504                GFCF_Seek
                0x0601251c                GFCF_MovePickup
                0x060125b8                GFCF_cnvIntlvOfs
                0x0601260c                GFCF_GetStat
                0x060126a4                gfcf_getSctSize
                0x060126e0                gfcf_isCdOk
                0x060127a0                gfcf_getPlayRange
 *fill*         0x060128e8        0x8 
 .text          0x060128f0      0x92c ../../Compiler/COMMON/SGL_302j/LIB_ELF/LIBCD.A(GFS_DIR.O)
                0x060128f0                GFDR_SetupDirTbl
                0x06012964                GFDR_NameToId
                0x060129c4                GFDR_GetInfoDirId
                0x060129d8                GFDR_GetInfoDirName
                0x060129ec                GFDR_GetAtrDirId
                0x06012a04                GFDR_GetAtrDirName
                0x06012a1c                GFDR_ChgRoot
                0x06012a34                GFDR_ChgDir
                0x06012aa8                gfdr_setupDirIdTbl
                0x06012b2c                gfdr_setupDirNameTbl
                0x06012bd8                gfdr_open
                0x06012c00                gfdr_read
                0x06012cc0                gfdr_readByte
                0x06012cec                gfdr_readWord
                0x06012d18                gfdr_readWordNB
                0x06012d6c                gfdr_readLongNB
                0x06012db8                gfdr_readLongNM
                0x06012de0                gfdr_setNextRec
                0x06012e64                gfdr_readDirEnt
                0x060131e0                gfdr_setDirrecCd
 *fill*         0x0601321c        0x4 
 .text          0x06013220      0x9c6 ../../Compiler/COMMON/SGL_302j/LIB_ELF/LIBCD.A(GFS_TRN.O)
                0x06013250                GFTR_Setup
                0x06013294                GFTR_SetMode
                0x060132a8                GFTR_SetUnit
                0x060132b4                GFTR_SetTransPara
                0x060132e8                GFTR_GetTransPara
                0x060132f4                GFTR_GetNumTrans
                0x06013300                GFTR_SetTransMax
                0x0601330c                GFTR_Start
                0x06013318                GFTR_Pause
                0x06013324                GFTR_Stop
                0x060133dc                GFTR_Exec
                0x06013460                GFTR_Idle
                0x060134d8                GFTR_ExecSvr
                0x060135e0                gftr_getSrcPack
                0x06013668                gftr_getDstPack
                0x060136c4                gftr_reqScu
                0x060136d0                gftr_execScu
                0x0601376c                gftr_remScu
                0x060137a0                gfdma_canUse
                0x060137ac                gfdma_exec
                0x0601381c                gfdma_getBytecnt
                0x06013854                gftr_reqDma0
                0x0601386c                gftr_execSdma0
                0x06013890                gftr_remDma0
                0x060138a8                gftr_reqDma1
                0x060138c0                gftr_execSdma1
                0x060138e4                gftr_remDma1
                0x060138fc                gftr_reqCpu
                0x06013908                gftr_execCpu
                0x06013948                gftr_remCpu
                0x06013954                gftr_reqTrn
                0x060139c4                gftr_execTrn
                0x06013a9c                gftr_remTrn
                0x06013b10                gftr_copyFrac
                0x06013b38                GFTR_GetLenData
                0x06013b44                GFTR_GetLenRoom
                0x06013b5c                GFTR_GetDstPack
                0x06013b90                GFTR_RtnDstPk
                0x06013bac                GFTR_GetData
                0x06013bc0                GFTR_SetData
                0x06013bd4                GFTR_SetTransFunc
 *fill*         0x06013be6        0xa 
 .text          0x06013bf0       0xa8 ../../Compiler/COMMON/SGL_302j/LIB_ELF/LIBCD.A(CDC_DEV.O)
                0x06013bf0                CDC_CdSetCon
                0x06013c20                CDC_CdGetCon
                0x06013c5c                CDC_CdGetLastBuf
 *fill*         0x06013c98        0x8 
 .text          0x06013ca0      0x2b8 ../../Compiler/COMMON/SGL_302j/LIB_ELF/LIBCD.A(CDC_SEL.O)
                0x06013ca0                CDC_SetFiltRange
                0x06013cd4                CDC_GetFiltRange
                0x06013d2c                CDC_SetFiltSubh
                0x06013d9c                CDC_GetFiltSubh
                0x06013e18                CDC_SetFiltMode
                0x06013e4c                CDC_GetFiltMode
                0x06013e90                CDC_SetFiltCon
                0x06013ed0                CDC_GetFiltCon
                0x06013f24                CDC_ResetSelector
 *fill*         0x06013f58        0x8 
 .text          0x06013f60      0x270 ../../Compiler/COMMON/SGL_302j/LIB_ELF/LIBCD.A(CDC_BIF.O)
                0x06013f60                CDC_GetBufSiz
                0x06013fbc                CDC_GetSctNum
                0x06014000                CDC_CalActSiz
                0x0601403c                CDC_GetActSiz
                0x060140bc                CDC_GetSctInfo
                0x0601413c                CDC_ExeFadSearch
                0x06014174                CDC_GetFadSearch
 .text          0x060141d0      0x1e4 ../../Compiler/COMMON/SGL_302j/LIB_ELF/LIBCD.A(CDC_BIO.O)
                0x060141d0                CDC_SetSctLen
                0x06014204                CDC_GetSctData
                0x06014240                CDC_DelSctData
                0x0601427c                CDC_GetdelSctData
                0x060142b8                CDC_PutSctData
                0x060142f0                CDC_CopySctData
                0x06014334                CDC_MoveSctData
                0x06014378                CDC_GetCopyErr
 *fill*         0x060143b4        0xc 
 .text          0x060143c0        0x0 ../../Compiler/COMMON/SGL_302j/LIB_ELF/LIBSGL.A(sglA01.o)
 .text          0x060143c0        0x0 ../../Compiler/COMMON/SGL_302j/LIB_ELF/LIBSGL.A(sglA20.o)
 .text          0x060143c0        0x0 ../../Compiler/COMMON/SGL_302j/LIB_ELF/LIBSGL.A(sglA21.o)
 .text          0x060143c0        0x0 ../../Compiler/COMMON/SGL_302j/LIB_ELF/LIBSGL.A(sglA27.o)
 .text          0x060143c0        0x0 ../../Compiler/COMMON/SGL_302j/LIB_ELF/LIBSGL.A(sglB001.o)
 .text          0x060143c0        0x0 ../../Compiler/COMMON/SGL_302j/LIB_ELF/LIBSGL.A(sglB011.o)
 .text          0x060143c0        0x0 ../../Compiler/COMMON/SGL_302j/LIB_ELF/LIBSGL.A(sglB014.o)
 .text          0x060143c0        0x0 ../../Compiler/COMMON/SGL_302j/LIB_ELF/LIBSGL.A(sglB015.o)
 .text          0x060143c0        0x0 ../../Compiler/COMMON/SGL_302j/LIB_ELF/LIBSGL.A(sglB016.o)
 .text          0x060143c0        0x0 ../../Compiler/COMMON/SGL_302j/LIB_ELF/LIBSGL.A(sglB020.o)
 .text          0x060143c0        0x0 ../../Compiler/COMMON/SGL_302j/LIB_ELF/LIBSGL.A(sglB021.o)
 .text          0x060143c0        0x0 ../../Compiler/COMMON/SGL_302j/LIB_ELF/LIBSGL.A(sglB023.o)
 .text          0x060143c0        0x0 ../../Compiler/COMMON/SGL_302j/LIB_ELF/LIBSGL.A(sglB032.o)
 .text          0x060143c0        0x0 ../../Compiler/COMMON/SGL_302j/LIB_ELF/LIBSGL.A(sglB035.o)
 .text          0x060143c0        0x0 ../../Compiler/COMMON/SGL_302j/LIB_ELF/LIBSGL.A(sglB036.o)
 .text          0x060143c0        0x0 ../../Compiler/COMMON/SGL_302j/LIB_ELF/LIBSGL.A(sglB038.o)
 .text          0x060143c0        0x0 ../../Compiler/COMMON/SGL_302j/LIB_ELF/LIBSGL.A(sglB039.o)
 .text          0x060143c0        0x0 ../../Compiler/COMMON/SGL_302j/LIB_ELF/LIBSGL.A(sglB040.o)
 .text          0x060143c0        0x0 ../../Compiler/COMMON/SGL_302j/LIB_ELF/LIBSGL.A(sglB041.o)
 .text          0x060143c0        0x0 ../../Compiler/COMMON/SGL_302j/LIB_ELF/LIBSGL.A(sglB043.o)
 .text          0x060143c0        0x0 ../../Compiler/COMMON/SGL_302j/LIB_ELF/LIBSGL.A(sglB047.o)
 .text          0x060143c0        0x0 ../../Compiler/COMMON/SGL_302j/LIB_ELF/LIBSGL.A(sglB048.o)
 .text          0x060143c0        0x0 ../../Compiler/COMMON/SGL_302j/LIB_ELF/LIBSGL.A(sglB056.o)
 .text          0x060143c0        0x0 ../../Compiler/COMMON/SGL_302j/LIB_ELF/LIBSGL.A(sglB059.o)
 .text          0x060143c0        0x0 ../../Compiler/COMMON/SGL_302j/LIB_ELF/LIBSGL.A(sglB060.o)
 .text          0x060143c0        0x0 ../../Compiler/COMMON/SGL_302j/LIB_ELF/LIBSGL.A(sglB063.o)
 .text          0x060143c0        0x0 ../../Compiler/COMMON/SGL_302j/LIB_ELF/LIBSGL.A(sglB087.o)
 .text          0x060143c0        0x0 ../../Compiler/COMMON/SGL_302j/LIB_ELF/LIBSGL.A(sglB088.o)
 .text          0x060143c0        0x0 ../../Compiler/COMMON/SGL_302j/LIB_ELF/LIBSGL.A(sglB090.o)
 .text          0x060143c0        0x0 ../../Compiler/COMMON/SGL_302j/LIB_ELF/LIBSGL.A(sglB200.o)
 .text          0x060143c0        0x0 ../../Compiler/COMMON/SGL_302j/LIB_ELF/LIBSGL.A(sglC04.o)
 .text          0x060143c0        0x0 ../../Compiler/COMMON/SGL_302j/LIB_ELF/LIBSGL.A(sglC05.o)
 .text          0x060143c0        0x0 ../../Compiler/COMMON/SGL_302j/LIB_ELF/LIBSGL.A(sglC06.o)
 .text          0x060143c0        0x0 ../../Compiler/COMMON/SGL_302j/LIB_ELF/LIBSGL.A(sglC07.o)
 .text          0x060143c0        0x0 ../../Compiler/COMMON/SGL_302j/LIB_ELF/LIBSGL.A(sglC08.o)
 .text          0x060143c0        0x0 ../../Compiler/COMMON/SGL_302j/LIB_ELF/LIBSGL.A(sglC16.o)
 .text          0x060143c0        0x0 ../../Compiler/COMMON/SGL_302j/LIB_ELF/LIBSGL.A(sglC17.o)
 .text          0x060143c0        0x0 ../../Compiler/COMMON/SGL_302j/LIB_ELF/LIBSGL.A(sglC19.o)
 .text          0x060143c0        0x0 ../../Compiler/COMMON/SGL_302j/LIB_ELF/LIBSGL.A(sglC20.o)
 .text          0x060143c0        0x0 ../../Compiler/COMMON/SGL_302j/LIB_ELF/LIBSGL.A(sglC21.o)
 .text          0x060143c0        0x0 ../../Compiler/COMMON/SGL_302j/LIB_ELF/LIBSGL.A(sglD00.o)
 .text          0x060143c0        0x0 ../../Compiler/COMMON/SGL_302j/LIB_ELF/LIBSGL.A(sglD01.o)
 .text          0x060143c0        0x0 ../../Compiler/COMMON/SGL_302j/LIB_ELF/LIBSGL.A(sglD02.o)
 .text          0x060143c0        0x0 ../../Compiler/COMMON/SGL_302j/LIB_ELF/LIBSGL.A(sglD03.o)
 .text          0x060143c0        0x0 ../../Compiler/COMMON/SGL_302j/LIB_ELF/LIBSGL.A(sglD15.o)
 .text          0x060143c0        0x0 ../../Compiler/COMMON/SGL_302j/LIB_ELF/LIBSGL.A(sglD16.o)
 .text          0x060143c0        0x0 ../../Compiler/COMMON/SGL_302j/LIB_ELF/LIBSGL.A(sglD17.o)
 .text          0x060143c0        0x0 ../../Compiler/COMMON/SGL_302j/LIB_ELF/LIBSGL.A(sglD18.o)
 .text          0x060143c0        0x0 ../../Compiler/COMMON/SGL_302j/LIB_ELF/LIBSGL.A(sglF00.o)
 .text          0x060143c0        0x0 ../../Compiler/COMMON/SGL_302j/LIB_ELF/LIBSGL.A(sglF05.o)
 .text          0x060143c0        0x0 ../../Compiler/COMMON/SGL_302j/LIB_ELF/LIBSGL.A(sglF08.o)
 .text          0x060143c0        0x0 ../../Compiler/COMMON/SGL_302j/LIB_ELF/LIBSGL.A(sglG00.o)
 .text          0x060143c0        0x0 ../../Compiler/COMMON/SGL_302j/LIB_ELF/LIBSGL.A(sglG01.o)
 .text          0x060143c0        0x0 ../../Compiler/COMMON/SGL_302j/LIB_ELF/LIBSGL.A(sglG19.o)
 .text          0x060143c0        0x0 ../../Compiler/COMMON/SGL_302j/LIB_ELF/LIBSGL.A(sglG21.o)
 .text          0x060143c0        0x0 ../../Compiler/COMMON/SGL_302j/LIB_ELF/LIBSGL.A(sglG22.o)
 .text          0x060143c0        0x0 ../../Compiler/COMMON/SGL_302j/LIB_ELF/LIBSGL.A(sglG25.o)
 .text          0x060143c0        0x0 ../../Compiler/COMMON/SGL_302j/LIB_ELF/LIBSGL.A(sglH00.o)
 .text          0x060143c0        0x0 ../../Compiler/COMMON/SGL_302j/LIB_ELF/LIBSGL.A(sglH01.o)
 .text          0x060143c0        0x0 ../../Compiler/COMMON/SGL_302j/LIB_ELF/LIBSGL.A(sglH02.o)
 .text          0x060143c0        0x0 ../../Compiler/COMMON/SGL_302j/LIB_ELF/LIBSGL.A(sglH04.o)
 .text          0x060143c0        0x0 ../../Compiler/COMMON/SGL_302j/LIB_ELF/LIBSGL.A(sglI01.o)
 .text          0x060143c0        0x0 ../../Compiler/COMMON/SGL_302j/LIB_ELF/LIBSGL.A(sglI04.o)
 .text          0x060143c0      0x128 ../../Compiler/COMMON/SGL_302j/LIB_ELF/LIBSGL.A(sglIc0.o)
                0x060143c0                slInitSystem
 *fill*         0x060144e8        0x8 
 .text          0x060144f0        0x0 ../../Compiler/COMMON/SGL_302j/LIB_ELF/LIBSGL.A(sglJ00.o)
 .text          0x060144f0        0x0 ../../Compiler/COMMON/SGL_302j/LIB_ELF/LIBSGL.A(sglJ01.o)
 .text          0x060144f0        0x0 ../../Compiler/COMMON/SGL_302j/LIB_ELF/LIBSGL.A(sglJ02.o)
 .text          0x060144f0        0x0 ../../Compiler/COMMON/SGL_302j/LIB_ELF/LIBSGL.A(sglJ03.o)
 .text          0x060144f0        0x0 ../../Compiler/COMMON/SGL_302j/LIB_ELF/LIBSGL.A(sglJ04.o)
 .text          0x060144f0        0x0 ../../Compiler/COMMON/SGL_302j/LIB_ELF/LIBSGL.A(sglJ05.o)
 .text          0x060144f0        0x0 ../../Compiler/COMMON/SGL_302j/LIB_ELF/LIBSGL.A(sglK01.o)
 .text          0x060144f0        0x0 ../../Compiler/COMMON/SGL_302j/LIB_ELF/LIBSGL.A(sglM01.o)
 .text          0x060144f0        0x0 ../../Compiler/COMMON/SGL_302j/LIB_ELF/LIBSGL.A(sglA00.o)
 .text          0x060144f0        0x0 ../../Compiler/COMMON/SGL_302j/LIB_ELF/LIBSGL.A(sglB000.o)
 .text          0x060144f0        0x0 ../../Compiler/COMMON/SGL_302j/LIB_ELF/LIBSGL.A(sglC00.o)
 .text          0x060144f0        0x0 ../../Compiler/COMMON/SGL_302j/LIB_ELF/LIBSGL.A(sglI00.o)
 .text          0x060144f0        0x0 ../../Compiler/COMMON/SGL_302j/LIB_ELF/LIBSGL.A(sglH03.o)
 .text          0x060144f0       0x52 c:/users/usuario/desktop/joengine-master/joengine-master/compiler/windows/bin/../lib/gcc/sh-elf/9.3.0\libgcc.a(_ashiftrt.o)
                0x060144f0                __ashiftrt_r4_31
                0x060144f0                __ashiftrt_r4_32
                0x060144f6                __ashiftrt_r4_30
                0x060144f8                __ashiftrt_r4_29
                0x060144fa                __ashiftrt_r4_28
                0x060144fc                __ashiftrt_r4_27
                0x060144fe                __ashiftrt_r4_26
                0x06014500                __ashiftrt_r4_25
                0x06014502                __ashiftrt_r4_24
                0x0601450a                __ashiftrt_r4_23
                0x0601450c                __ashiftrt_r4_22
                0x0601450e                __ashiftrt_r4_21
                0x06014510                __ashiftrt_r4_20
                0x06014512                __ashiftrt_r4_19
                0x06014514                __ashiftrt_r4_18
                0x06014516                __ashiftrt_r4_17
                0x06014518                __ashiftrt_r4_16
                0x0601451e                __ashiftrt_r4_15
                0x06014520                __ashiftrt_r4_14
                0x06014522                __ashiftrt_r4_13
                0x06014524                __ashiftrt_r4_12
                0x06014526                __ashiftrt_r4_11
                0x06014528                __ashiftrt_r4_10
                0x0601452a                __ashiftrt_r4_9
                0x0601452c                __ashiftrt_r4_8
                0x0601452e                __ashiftrt_r4_7
                0x06014530                __ashiftrt_r4_6
                0x06014532                __ashiftrt_r4_5
                0x06014534                __ashiftrt_r4_4
                0x06014536                __ashiftrt_r4_3
                0x06014538                __ashiftrt_r4_2
                0x0601453a                __ashiftrt_r4_1
                0x0601453e                __ashiftrt_r4_0
 *fill*         0x06014542        0x2 
 .text          0x06014544       0x80 c:/users/usuario/desktop/joengine-master/joengine-master/compiler/windows/bin/../lib/gcc/sh-elf/9.3.0\libgcc.a(_ashiftrt_n.o)
                0x06014544                __ashrsi3
 .text          0x060145c4       0xbc c:/users/usuario/desktop/joengine-master/joengine-master/compiler/windows/bin/../lib/gcc/sh-elf/9.3.0\libgcc.a(_ashiftlt.o)
                0x060145c4                __ashlsi3
                0x060145c8                __ashlsi3_r0
 .text          0x06014680       0xbc c:/users/usuario/desktop/joengine-master/joengine-master/compiler/windows/bin/../lib/gcc/sh-elf/9.3.0\libgcc.a(_lshiftrt.o)
                0x06014680                __lshrsi3
                0x06014684                __lshrsi3_r0
 .text          0x0601473c       0xa0 c:/users/usuario/desktop/joengine-master/joengine-master/compiler/windows/bin/../lib/gcc/sh-elf/9.3.0\libgcc.a(_sdivsi3.o)
                0x0601473c                __sdivsi3
 .text          0x060147dc       0x6c c:/users/usuario/desktop/joengine-master/joengine-master/compiler/windows/bin/../lib/gcc/sh-elf/9.3.0\libgcc.a(_udivsi3.o)
                0x060147fe                __udivsi3
 .text          0x06014848      0x21c c:/users/usuario/desktop/joengine-master/joengine-master/compiler/windows/bin/../lib/gcc/sh-elf/9.3.0\libgcc.a(_addsub_sf.o)
                0x060149c8                __addsf3
                0x06014a14                __subsf3
 .text          0x06014a64      0x134 c:/users/usuario/desktop/joengine-master/joengine-master/compiler/windows/bin/../lib/gcc/sh-elf/9.3.0\libgcc.a(_mul_sf.o)
                0x06014a64                __mulsf3
 .text          0x06014b98       0xdc c:/users/usuario/desktop/joengine-master/joengine-master/compiler/windows/bin/../lib/gcc/sh-elf/9.3.0\libgcc.a(_div_sf.o)
                0x06014b98                __divsf3
 .text          0x06014c74       0x54 c:/users/usuario/desktop/joengine-master/joengine-master/compiler/windows/bin/../lib/gcc/sh-elf/9.3.0\libgcc.a(_gt_sf.o)
                0x06014c74                __gtsf2
 .text          0x06014cc8       0x54 c:/users/usuario/desktop/joengine-master/joengine-master/compiler/windows/bin/../lib/gcc/sh-elf/9.3.0\libgcc.a(_ge_sf.o)
                0x06014cc8                __gesf2
 .text          0x06014d1c       0x54 c:/users/usuario/desktop/joengine-master/joengine-master/compiler/windows/bin/../lib/gcc/sh-elf/9.3.0\libgcc.a(_lt_sf.o)
                0x06014d1c                __ltsf2
 .text          0x06014d70       0x54 c:/users/usuario/desktop/joengine-master/joengine-master/compiler/windows/bin/../lib/gcc/sh-elf/9.3.0\libgcc.a(_le_sf.o)
                0x06014d70                __lesf2
 .text          0x06014dc4       0x84 c:/users/usuario/desktop/joengine-master/joengine-master/compiler/windows/bin/../lib/gcc/sh-elf/9.3.0\libgcc.a(_si_to_sf.o)
                0x06014dc4                __floatsisf
 .text          0x06014e48       0x70 c:/users/usuario/desktop/joengine-master/joengine-master/compiler/windows/bin/../lib/gcc/sh-elf/9.3.0\libgcc.a(_sf_to_si.o)
                0x06014e48                __fixsfsi
 .text          0x06014eb8       0x3c c:/users/usuario/desktop/joengine-master/joengine-master/compiler/windows/bin/../lib/gcc/sh-elf/9.3.0\libgcc.a(_sf_to_df.o)
                0x06014eb8                __extendsfdf2
 .text          0x06014ef4        0x0 c:/users/usuario/desktop/joengine-master/joengine-master/compiler/windows/bin/../lib/gcc/sh-elf/9.3.0\libgcc.a(_thenan_sf.o)
 .text          0x06014ef4       0x94 c:/users/usuario/desktop/joengine-master/joengine-master/compiler/windows/bin/../lib/gcc/sh-elf/9.3.0\libgcc.a(_usi_to_sf.o)
                0x06014ef4                __floatunsisf
 .text          0x06014f88      0x3e0 c:/users/usuario/desktop/joengine-master/joengine-master/compiler/windows/bin/../lib/gcc/sh-elf/9.3.0\libgcc.a(_addsub_df.o)
                0x060152c4                __adddf3
                0x06015314                __subdf3
 .text          0x06015368      0x208 c:/users/usuario/desktop/joengine-master/joengine-master/compiler/windows/bin/../lib/gcc/sh-elf/9.3.0\libgcc.a(_mul_df.o)
                0x06015368                __muldf3
 .text          0x06015570       0xa8 c:/users/usuario/desktop/joengine-master/joengine-master/compiler/windows/bin/../lib/gcc/sh-elf/9.3.0\libgcc.a(_si_to_df.o)
                0x06015570                __floatsidf
 .text          0x06015618       0xa0 c:/users/usuario/desktop/joengine-master/joengine-master/compiler/windows/bin/../lib/gcc/sh-elf/9.3.0\libgcc.a(_df_to_si.o)
                0x06015618                __fixdfsi
 .text          0x060156b8       0x28 c:/users/usuario/desktop/joengine-master/joengine-master/compiler/windows/bin/../lib/gcc/sh-elf/9.3.0\libgcc.a(_make_df.o)
                0x060156b8                __make_dp
 .text          0x060156e0       0x4c c:/users/usuario/desktop/joengine-master/joengine-master/compiler/windows/bin/../lib/gcc/sh-elf/9.3.0\libgcc.a(_df_to_sf.o)
                0x060156e0                __truncdfsf2
 .text          0x0601572c        0x0 c:/users/usuario/desktop/joengine-master/joengine-master/compiler/windows/bin/../lib/gcc/sh-elf/9.3.0\libgcc.a(_thenan_df.o)
 .text          0x0601572c       0x54 c:/users/usuario/desktop/joengine-master/joengine-master/compiler/windows/bin/../lib/gcc/sh-elf/9.3.0\libgcc.a(_clzsi2.o)
                0x0601572c                __clzsi2
 .text          0x06015780      0x11c c:/users/usuario/desktop/joengine-master/joengine-master/compiler/windows/bin/../lib/gcc/sh-elf/9.3.0\libgcc.a(_pack_sf.o)
                0x06015780                __pack_f
 .text          0x0601589c       0xa0 c:/users/usuario/desktop/joengine-master/joengine-master/compiler/windows/bin/../lib/gcc/sh-elf/9.3.0\libgcc.a(_unpack_sf.o)
                0x0601589c                __unpack_f
 .text          0x0601593c       0xac c:/users/usuario/desktop/joengine-master/joengine-master/compiler/windows/bin/../lib/gcc/sh-elf/9.3.0\libgcc.a(_fpcmp_parts_sf.o)
                0x0601593c                __fpcmp_parts_f
 .text          0x060159e8       0x20 c:/users/usuario/desktop/joengine-master/joengine-master/compiler/windows/bin/../lib/gcc/sh-elf/9.3.0\libgcc.a(_make_sf.o)
                0x060159e8                __make_fp
 .text          0x06015a08      0x274 c:/users/usuario/desktop/joengine-master/joengine-master/compiler/windows/bin/../lib/gcc/sh-elf/9.3.0\libgcc.a(_pack_df.o)
                0x06015a08                __pack_d
 .text          0x06015c7c       0xcc c:/users/usuario/desktop/joengine-master/joengine-master/compiler/windows/bin/../lib/gcc/sh-elf/9.3.0\libgcc.a(_unpack_df.o)
                0x06015c7c                __unpack_d
 .text          0x06015d48        0x0 c:/users/usuario/desktop/joengine-master/joengine-master/compiler/windows/bin/../lib/gcc/sh-elf/9.3.0\libgcc.a(_clz.o)
 .text          0x06015d48       0x1e c:/users/usuario/desktop/joengine-master/joengine-master/compiler/windows/bin/../lib/gcc/sh-elf/9.3.0/../../../../sh-elf/lib\libc.a(lib_a-memcmp.o)
                0x06015d48                memcmp
 *fill*         0x06015d66        0x2 
 .text          0x06015d68       0x94 c:/users/usuario/desktop/joengine-master/joengine-master/compiler/windows/bin/../lib/gcc/sh-elf/9.3.0/../../../../sh-elf/lib\libc.a(lib_a-memcpy.o)
                0x06015d68                memcpy
 .text          0x06015dfc       0x40 c:/users/usuario/desktop/joengine-master/joengine-master/compiler/windows/bin/../lib/gcc/sh-elf/9.3.0/../../../../sh-elf/lib\libc.a(lib_a-memset.o)
                0x06015dfc                memset
 .text          0x06015e3c       0x58 c:/users/usuario/desktop/joengine-master/joengine-master/compiler/windows/bin/../lib/gcc/sh-elf/9.3.0/../../../../sh-elf/lib\libc.a(lib_a-rand.o)
                0x06015e3c                srand
                0x06015e50                rand
 .text          0x06015e94       0x8c c:/users/usuario/desktop/joengine-master/joengine-master/compiler/windows/bin/../lib/gcc/sh-elf/9.3.0/../../../../sh-elf/lib\libc.a(lib_a-sprintf.o)
                0x06015e94                _siprintf_r
                0x06015e94                _sprintf_r
                0x06015ed4                siprintf
                0x06015ed4                sprintf
 .text          0x06015f20       0x2a c:/users/usuario/desktop/joengine-master/joengine-master/compiler/windows/bin/../lib/gcc/sh-elf/9.3.0/../../../../sh-elf/lib\libc.a(lib_a-strncmp.o)
                0x06015f20                strncmp
 .text          0x06015f4a       0x36 c:/users/usuario/desktop/joengine-master/joengine-master/compiler/windows/bin/../lib/gcc/sh-elf/9.3.0/../../../../sh-elf/lib\libc.a(lib_a-strncpy.o)
                0x06015f4a                strncpy
 .text          0x06015f80        0x0 c:/users/usuario/desktop/joengine-master/joengine-master/compiler/windows/bin/../lib/gcc/sh-elf/9.3.0/../../../../sh-elf/lib\libc.a(lib_a-impure.o)
 .text          0x06015f80      0x444 c:/users/usuario/desktop/joengine-master/joengine-master/compiler/windows/bin/../lib/gcc/sh-elf/9.3.0/../../../../sh-elf/lib\libc.a(lib_a-nano-svfprintf.o)
                0x06015f80                __ssputs_r
                0x06016074                __ssprint_r
                0x060161a8                _svfprintf_r
                0x060161a8                _svfiprintf_r
 .text          0x060163c4      0x380 c:/users/usuario/desktop/joengine-master/joengine-master/compiler/windows/bin/../lib/gcc/sh-elf/9.3.0/../../../../sh-elf/lib\libc.a(lib_a-nano-vfprintf_i.o)
                0x060163c4                _printf_common
                0x060164c4                _printf_i
 .text          0x06016744       0x1c c:/users/usuario/desktop/joengine-master/joengine-master/compiler/windows/bin/../lib/gcc/sh-elf/9.3.0/../../../../sh-elf/lib\libc.a(lib_a-memchr.o)
                0x06016744                memchr
 .text          0x06016760       0x3c c:/users/usuario/desktop/joengine-master/joengine-master/compiler/windows/bin/../lib/gcc/sh-elf/9.3.0/../../../../sh-elf/lib\libc.a(lib_a-memmove.o)
                0x06016760                memmove
 .text          0x0601679c       0xd0 c:/users/usuario/desktop/joengine-master/joengine-master/compiler/windows/bin/../lib/gcc/sh-elf/9.3.0/../../../../sh-elf/lib\libc.a(lib_a-nano-freer.o)
                0x0601679c                _free_r
 .text          0x0601686c       0xf8 c:/users/usuario/desktop/joengine-master/joengine-master/compiler/windows/bin/../lib/gcc/sh-elf/9.3.0/../../../../sh-elf/lib\libc.a(lib_a-nano-mallocr.o)
                0x0601686c                _malloc_r
 .text          0x06016964       0x7c c:/users/usuario/desktop/joengine-master/joengine-master/compiler/windows/bin/../lib/gcc/sh-elf/9.3.0/../../../../sh-elf/lib\libc.a(lib_a-nano-reallocr.o)
                0x06016964                _realloc_r
 .text          0x060169e0       0x30 c:/users/usuario/desktop/joengine-master/joengine-master/compiler/windows/bin/../lib/gcc/sh-elf/9.3.0/../../../../sh-elf/lib\libc.a(lib_a-sbrkr.o)
                0x060169e0                _sbrk_r
 .text          0x06016a10      0x25c c:/users/usuario/desktop/joengine-master/joengine-master/compiler/windows/bin/../lib/gcc/sh-elf/9.3.0/../../../../sh-elf/lib\libc.a(lib_a-syscalls.o)
                0x06016a88                _read
                0x06016a98                _lseek
                0x06016aa8                _write
                0x06016ab8                _close
                0x06016ac8                _link
                0x06016acc                _sbrk
                0x06016b24                _fstat
                0x06016b2e                _open
                0x06016b40                _creat
                0x06016b50                _unlink
                0x06016b54                isatty
                0x06016b58                _isatty
                0x06016b5c                _exit
                0x06016b6c                _kill
                0x06016b80                _getpid
                0x06016b84                _raise
                0x06016b88                _stat
                0x06016b98                _chmod
                0x06016ba8                _chown
                0x06016bb8                _utime
                0x06016bcc                _fork
                0x06016bd8                _wait
                0x06016be8                _execve
                0x06016bf8                _execv
                0x06016c08                _pipe
                0x06016c14                _times
                0x06016c18                _gettimeofday
                0x06016c40                __setup_argv_and_call_main
 .text          0x06016c6c       0x14 c:/users/usuario/desktop/joengine-master/joengine-master/compiler/windows/bin/../lib/gcc/sh-elf/9.3.0/../../../../sh-elf/lib\libc.a(lib_a-trap.o)
                0x06016c6c                __trap34
 .text          0x06016c80       0x18 c:/users/usuario/desktop/joengine-master/joengine-master/compiler/windows/bin/../lib/gcc/sh-elf/9.3.0/../../../../sh-elf/lib\libc.a(lib_a-abort.o)
                0x06016c80                abort
 .text          0x06016c98        0x8 c:/users/usuario/desktop/joengine-master/joengine-master/compiler/windows/bin/../lib/gcc/sh-elf/9.3.0/../../../../sh-elf/lib\libc.a(lib_a-mlock.o)
                0x06016c98                __malloc_lock
                0x06016c9c                __malloc_unlock
 .text          0x06016ca0       0x16 c:/users/usuario/desktop/joengine-master/joengine-master/compiler/windows/bin/../lib/gcc/sh-elf/9.3.0/../../../../sh-elf/lib\libc.a(lib_a-nano-msizer.o)
                0x06016ca0                _malloc_usable_size_r
 *fill*         0x06016cb6        0x2 
 .text          0x06016cb8      0x1b4 c:/users/usuario/desktop/joengine-master/joengine-master/compiler/windows/bin/../lib/gcc/sh-elf/9.3.0/../../../../sh-elf/lib\libc.a(lib_a-signal.o)
                0x06016cb8                _init_signal_r
                0x06016cf8                _signal_r
                0x06016d44                _raise_r
                0x06016dbc                __sigtramp_r
                0x06016e20                raise
                0x06016e34                signal
                0x06016e48                _init_signal
                0x06016e58                __sigtramp
 .text          0x06016e6c       0x40 c:/users/usuario/desktop/joengine-master/joengine-master/compiler/windows/bin/../lib/gcc/sh-elf/9.3.0/../../../../sh-elf/lib\libc.a(lib_a-signalr.o)
                0x06016e6c                _kill_r
                0x06016ea0                _getpid_r
 *(.strings)
 *(SEGA_P)
 *(.eh_frame_hdr)
 *(.eh_frame)
                0x06016eac                __etext = .

.text.startup   0x06016eb0       0x40
 .text.startup  0x06016eb0       0x40 ../../jo_engine/core.o
                0x06016eb0                main

SLPROG          0x06016f00    0x12570
                0x06016f00                __slprog_start = .
 *(SLPROG)
 SLPROG         0x06016f00     0x6540 ../../Compiler/COMMON/SGL_302j/LIB_ELF/SGLAREA.O
                0x06016f00                MasterStack
                0x06016f04                SlaveStack
                0x06016f08                MaxVertices
                0x06016f0a                MaxPolygons
                0x06016f0c                SortList
                0x06016f10                SortListSize
                0x06016f14                TransList
                0x06016f18                Zbuffer
                0x06016f1c                SpriteBuf
                0x06016f20                SpriteBufSize
                0x06016f24                Pbuffer
                0x06016f28                CommandBuf
                0x06016f2c                CLOfstBuf
                0x06016f30                PCM_Work
                0x06016f34                PCM_WkSize
                0x06016f38                MaxEvents
                0x06016f3a                EventSize
                0x06016f3c                MaxWorks
                0x06016f3e                WorkSize
                0x06016f40                RemainEvent
                0x06017040                RemainWork
                0x06017440                EventBuf
                0x06019440                WorkBuf
 SLPROG         0x0601d440     0x411e ../../Compiler/COMMON/SGL_302j/LIB_ELF/LIBSGL.A(sglA01.o)
                0x0601d440                slSin
                0x0601d464                slCos
                0x0601d488                GetSinCos
                0x0601d51c                sin_cos_index_tbl
                0x0601d55c                sin_tbl
 *fill*         0x0602155e        0x2 
 SLPROG         0x06021560      0x42c ../../Compiler/COMMON/SGL_302j/LIB_ELF/LIBSGL.A(sglA20.o)
                0x06021560                slInitMatrix
                0x0602156a                slPushUnitMatrix
                0x0602157e                slUnitMatrix
 *fill*         0x0602198c        0x4 
 SLPROG         0x06021990       0x48 ../../Compiler/COMMON/SGL_302j/LIB_ELF/LIBSGL.A(sglA21.o)
                0x06021990                slPushMatrix
                0x060219c4                slDecMatrixPtr
                0x060219c4                slPopMatrix
 *fill*         0x060219d8        0x8 
 SLPROG         0x060219e0       0x50 ../../Compiler/COMMON/SGL_302j/LIB_ELF/LIBSGL.A(sglA27.o)
                0x060219e0                slTranslate
 SLPROG         0x06021a30       0x20 ../../Compiler/COMMON/SGL_302j/LIB_ELF/LIBSGL.A(sglB001.o)
                0x06021a30                slTVOn
                0x06021a3a                slTVOff
 SLPROG         0x06021a50       0x24 ../../Compiler/COMMON/SGL_302j/LIB_ELF/LIBSGL.A(sglB011.o)
                0x06021a50                slBitMapNbg1
 *fill*         0x06021a74        0xc 
 SLPROG         0x06021a80        0x8 ../../Compiler/COMMON/SGL_302j/LIB_ELF/LIBSGL.A(sglB014.o)
                0x06021a80                slScrTransparent
 *fill*         0x06021a88        0x8 
 SLPROG         0x06021a90      0x40c ../../Compiler/COMMON/SGL_302j/LIB_ELF/LIBSGL.A(sglB015.o)
                0x06021a90                slScrAutoDisp
 *fill*         0x06021e9c        0x4 
 SLPROG         0x06021ea0        0xc ../../Compiler/COMMON/SGL_302j/LIB_ELF/LIBSGL.A(sglB016.o)
                0x06021ea0                slBack1ColSet
 *fill*         0x06021eac        0x4 
 SLPROG         0x06021eb0       0x10 ../../Compiler/COMMON/SGL_302j/LIB_ELF/LIBSGL.A(sglB020.o)
                0x06021eb0                slColorCalc
 SLPROG         0x06021ec0        0xc ../../Compiler/COMMON/SGL_302j/LIB_ELF/LIBSGL.A(sglB021.o)
                0x06021ec0                slColorCalcOn
 *fill*         0x06021ecc        0x4 
 SLPROG         0x06021ed0        0xc ../../Compiler/COMMON/SGL_302j/LIB_ELF/LIBSGL.A(sglB023.o)
                0x06021ed0                slColRate
 *fill*         0x06021edc        0x4 
 SLPROG         0x06021ee0       0xb4 ../../Compiler/COMMON/SGL_302j/LIB_ELF/LIBSGL.A(sglB032.o)
                0x06021ee0                slMapNbg1
 *fill*         0x06021f94        0xc 
 SLPROG         0x06021fa0       0xd4 ../../Compiler/COMMON/SGL_302j/LIB_ELF/LIBSGL.A(sglB035.o)
                0x06021fa0                sl1MapRA
                0x06022032                rbank_set
 *fill*         0x06022074        0xc 
 SLPROG         0x06022080       0xa0 ../../Compiler/COMMON/SGL_302j/LIB_ELF/LIBSGL.A(sglB036.o)
                0x06022080                sl1MapRB
 SLPROG         0x06022120       0x70 ../../Compiler/COMMON/SGL_302j/LIB_ELF/LIBSGL.A(sglB038.o)
                0x06022120                slRparaInitSet
 SLPROG         0x06022190       0x7e ../../Compiler/COMMON/SGL_302j/LIB_ELF/LIBSGL.A(sglB039.o)
                0x06022190                slMakeKtable
 *fill*         0x0602220e        0x2 
 SLPROG         0x06022210       0x58 ../../Compiler/COMMON/SGL_302j/LIB_ELF/LIBSGL.A(sglB040.o)
                0x06022210                slKtableRA
 *fill*         0x06022268        0x8 
 SLPROG         0x06022270       0x5c ../../Compiler/COMMON/SGL_302j/LIB_ELF/LIBSGL.A(sglB041.o)
                0x06022270                slKtableRB
 *fill*         0x060222cc        0x4 
 SLPROG         0x060222d0        0x8 ../../Compiler/COMMON/SGL_302j/LIB_ELF/LIBSGL.A(sglB043.o)
                0x060222d0                slRparaMode
 *fill*         0x060222d8        0x8 
 SLPROG         0x060222e0        0xc ../../Compiler/COMMON/SGL_302j/LIB_ELF/LIBSGL.A(sglB047.o)
                0x060222e0                slOverRA
 *fill*         0x060222ec        0x4 
 SLPROG         0x060222f0       0x10 ../../Compiler/COMMON/SGL_302j/LIB_ELF/LIBSGL.A(sglB048.o)
                0x060222f0                slOverRB
 SLPROG         0x06022300        0xc ../../Compiler/COMMON/SGL_302j/LIB_ELF/LIBSGL.A(sglB056.o)
                0x06022300                slPlaneNbg1
 *fill*         0x0602230c        0x4 
 SLPROG         0x06022310        0xc ../../Compiler/COMMON/SGL_302j/LIB_ELF/LIBSGL.A(sglB059.o)
                0x06022310                slPlaneRA
 *fill*         0x0602231c        0x4 
 SLPROG         0x06022320       0x10 ../../Compiler/COMMON/SGL_302j/LIB_ELF/LIBSGL.A(sglB060.o)
                0x06022320                slPlaneRB
 SLPROG         0x06022330        0xc ../../Compiler/COMMON/SGL_302j/LIB_ELF/LIBSGL.A(sglB063.o)
                0x06022330                slPriority
 *fill*         0x0602233c        0x4 
 SLPROG         0x06022340       0x18 ../../Compiler/COMMON/SGL_302j/LIB_ELF/LIBSGL.A(sglB087.o)
                0x06022340                slLineScrollTable0
 *fill*         0x06022358        0x8 
 SLPROG         0x06022360        0x8 ../../Compiler/COMMON/SGL_302j/LIB_ELF/LIBSGL.A(sglB088.o)
                0x06022360                slLineScrollTable1
 *fill*         0x06022368        0x8 
 SLPROG         0x06022370        0xc ../../Compiler/COMMON/SGL_302j/LIB_ELF/LIBSGL.A(sglB090.o)
                0x06022370                slLineScrollMode
 *fill*         0x0602237c        0x4 
 SLPROG         0x06022380      0x114 ../../Compiler/COMMON/SGL_302j/LIB_ELF/LIBSGL.A(sglB200.o)
                0x06022380                slCharRbg0
                0x0602238c                slCharNbg0
                0x06022398                slCharNbg1
                0x060223a4                slCharNbg2
                0x060223ba                slCharNbg3
                0x060223d2                slPageRbg0
                0x060223e8                slPageNbg1
                0x060223f0                slPageNbg2
                0x060223f8                slPageNbg3
                0x06022404                slPageNbg0
 *fill*         0x06022494        0xc 
 SLPROG         0x060224a0       0x2c ../../Compiler/COMMON/SGL_302j/LIB_ELF/LIBSGL.A(sglC04.o)
                0x060224a0                slZdspLevel
 *fill*         0x060224cc        0x4 
 SLPROG         0x060224d0       0x78 ../../Compiler/COMMON/SGL_302j/LIB_ELF/LIBSGL.A(sglC05.o)
                0x060224d0                slSetSprite
 *fill*         0x06022548        0x8 
 SLPROG         0x06022550       0xfa ../../Compiler/COMMON/SGL_302j/LIB_ELF/LIBSGL.A(sglC06.o)
                0x06022550                slDispSprite
 *fill*         0x0602264a        0x6 
 SLPROG         0x06022650      0x162 ../../Compiler/COMMON/SGL_302j/LIB_ELF/LIBSGL.A(sglC07.o)
                0x06022656                slPutSprite
 *fill*         0x060227b2        0xe 
 SLPROG         0x060227c0     0x1218 ../../Compiler/COMMON/SGL_302j/LIB_ELF/LIBSGL.A(sglC08.o)
                0x060227c0                slPutPolygon
                0x0602343c                MsCalcDepthFlat
 *fill*         0x060239d8        0x8 
 SLPROG         0x060239e0       0x54 ../../Compiler/COMMON/SGL_302j/LIB_ELF/LIBSGL.A(sglC16.o)
                0x060239e0                slDynamicFrame
 *fill*         0x06023a34        0xc 
 SLPROG         0x06023a40       0x4c ../../Compiler/COMMON/SGL_302j/LIB_ELF/LIBSGL.A(sglC17.o)
                0x06023a40                slDispSpriteHV
 *fill*         0x06023a8c        0x4 
 SLPROG         0x06023a90       0xd4 ../../Compiler/COMMON/SGL_302j/LIB_ELF/LIBSGL.A(sglC19.o)
                0x06023a90                slDispSprite4P
 *fill*         0x06023b64        0xc 
 SLPROG         0x06023b70       0x40 ../../Compiler/COMMON/SGL_302j/LIB_ELF/LIBSGL.A(sglC20.o)
                0x06023b70                SpriteEntry
 SLPROG         0x06023bb0      0x4ae ../../Compiler/COMMON/SGL_302j/LIB_ELF/LIBSGL.A(sglC21.o)
                0x06023c38                RotSprite
                0x06023cc6                SetSprPosition
 *fill*         0x0602405e        0x2 
 SLPROG         0x06024060       0x84 ../../Compiler/COMMON/SGL_302j/LIB_ELF/LIBSGL.A(sglD00.o)
                0x06024060                slCpuDMACopy
                0x06024060                slDMACopy
                0x060240ba                CSH_AllClr
                0x060240ba                slCashPurge
 *fill*         0x060240e4        0xc 
 SLPROG         0x060240f0       0xa0 ../../Compiler/COMMON/SGL_302j/LIB_ELF/LIBSGL.A(sglD01.o)
                0x060240f0                slDMAXCopy
 SLPROG         0x06024190       0x10 ../../Compiler/COMMON/SGL_302j/LIB_ELF/LIBSGL.A(sglD02.o)
                0x06024190                slDMAWait
 SLPROG         0x060241a0        0xc ../../Compiler/COMMON/SGL_302j/LIB_ELF/LIBSGL.A(sglD03.o)
                0x060241a0                slDMAStatus
 *fill*         0x060241ac        0x4 
 SLPROG         0x060241b0       0x20 ../../Compiler/COMMON/SGL_302j/LIB_ELF/LIBSGL.A(sglD15.o)
                0x060241b0                CSH_Purge
 SLPROG         0x060241d0       0x84 ../../Compiler/COMMON/SGL_302j/LIB_ELF/LIBSGL.A(sglD16.o)
                0x060241d0                DMA_ScuSetPrm
                0x06024218                DMA_SCU_PRM0
 *fill*         0x06024254        0xc 
 SLPROG         0x06024260       0x88 ../../Compiler/COMMON/SGL_302j/LIB_ELF/LIBSGL.A(sglD17.o)
                0x06024260                DMA_ScuStart
 *fill*         0x060242e8        0x8 
 SLPROG         0x060242f0       0x34 ../../Compiler/COMMON/SGL_302j/LIB_ELF/LIBSGL.A(sglD18.o)
                0x060242f0                DMA_ScuGetStatus
 *fill*         0x06024324        0xc 
 SLPROG         0x06024330       0x4e ../../Compiler/COMMON/SGL_302j/LIB_ELF/LIBSGL.A(sglF00.o)
                0x06024330                slCurScrn
                0x06024340                slCurColor
                0x0602434a                slLocate
                0x0602437c                CurrentScreen
 *fill*         0x0602437e        0x2 
 SLPROG         0x06024380       0x1c ../../Compiler/COMMON/SGL_302j/LIB_ELF/LIBSGL.A(sglF05.o)
                0x06024380                slPrint
 *fill*         0x0602439c        0x4 
 SLPROG         0x060243a0       0x34 ../../Compiler/COMMON/SGL_302j/LIB_ELF/LIBSGL.A(sglF08.o)
                0x060243a0                slDec2Hex
 *fill*         0x060243d4        0xc 
 SLPROG         0x060243e0      0x1d0 ../../Compiler/COMMON/SGL_302j/LIB_ELF/LIBSGL.A(sglG00.o)
                0x060243e0                slInitSound
                0x060244e4                slWaitSound
                0x060244fc                slSndFlush
 SLPROG         0x060245b0       0x18 ../../Compiler/COMMON/SGL_302j/LIB_ELF/LIBSGL.A(sglG01.o)
                0x060245b0                slSndVolume
 *fill*         0x060245c8        0x8 
 SLPROG         0x060245d0       0x4c ../../Compiler/COMMON/SGL_302j/LIB_ELF/LIBSGL.A(sglG19.o)
                0x060245d0                slCDDAOn
 *fill*         0x0602461c        0x4 
 SLPROG         0x06024620      0x1e0 ../../Compiler/COMMON/SGL_302j/LIB_ELF/LIBSGL.A(sglG21.o)
                0x06024628                slPCMOn
                0x06024746                slSndPCMNum
 SLPROG         0x06024800       0x48 ../../Compiler/COMMON/SGL_302j/LIB_ELF/LIBSGL.A(sglG22.o)
                0x06024800                slPCMOff
 *fill*         0x06024848        0x8 
 SLPROG         0x06024850       0x18 ../../Compiler/COMMON/SGL_302j/LIB_ELF/LIBSGL.A(sglG25.o)
                0x06024850                slPCMStat
 *fill*         0x06024868        0x8 
 SLPROG         0x06024870      0xfc8 ../../Compiler/COMMON/SGL_302j/LIB_ELF/LIBSGL.A(sglH00.o)
                0x06024888                slGetPortDir1
                0x06024890                slGetPortDir2
                0x06024898                slSetPortDir1
                0x060248c2                slSetPortDir2
                0x060248fc                slGetPortData1
                0x06024904                slGetPortData2
                0x0602490c                slSetPortData1
                0x06024916                slSetPortData2
                0x06024928                slGetPortSelect1
                0x06024932                slGetPortSelect2
                0x0602493c                slSetPortSelect1
                0x06024970                slSetPortSelect2
                0x060249ac                slGetPortExt1
                0x060249b6                slGetPortExt2
                0x060249c0                slSetPortExt1
                0x060249f0                slSetPortExt2
                0x06024b64                slSmpcDirectAccess
                0x06024be4                slInitPeripheral
                0x06024c76                slSetResultBuffer
                0x06024d02                slCheckIntBackSet
                0x06024d0e                slIntBackCancel
                0x06024d38                slCheckReset
                0x06024d42                slClearReset
                0x06024f08                slSmpcCashSend
                0x06024fc4                slSmpcCashBlow
                0x060250a0                slGetOptimize
                0x060250aa                slSetOptimize
                0x060250d0                slGetPortMode1
                0x060250dc                slGetPortMode2
                0x060250ea                slSetPortMode1
                0x06025128                slSetPortMode2
                0x060252b4                slRequestCommand
                0x06025324                Smpc_Status
                0x06025328                Smpc_Result
                0x0602532c                Smpc_Peripheral
                0x06025332                Per_Connect1
                0x06025333                Per_Connect2
                0x06025354                SmpcStatusBuf
 *fill*         0x06025838        0x8 
 SLPROG         0x06025840       0xa8 ../../Compiler/COMMON/SGL_302j/LIB_ELF/LIBSGL.A(sglH01.o)
                0x06025840                slGetLanguage
                0x0602584a                slSetLanguage
                0x0602586c                slGetSoundEffect
                0x06025878                slSetSoundEffect
                0x06025894                slGetSoundOutput
                0x060258a0                slSetSoundOutput
                0x060258bc                slGetHelpWindow
                0x060258c8                slSetHelpWindow
 *fill*         0x060258e8        0x8 
 SLPROG         0x060258f0      0x470 ../../Compiler/COMMON/SGL_302j/LIB_ELF/LIBSGL.A(sglH02.o)
                0x06025ce0                smpc_pfr_tbl
                0x06025d20                smpc_ptf_tbl
 SLPROG         0x06025d60       0x60 ../../Compiler/COMMON/SGL_302j/LIB_ELF/LIBSGL.A(sglH04.o)
                0x06025d60                slComPrmIntBack
                0x06025d74                slComPrmSetMemory
                0x06025d8a                slComPrmSetTime
 SLPROG         0x06025dc0      0x3a4 ../../Compiler/COMMON/SGL_302j/LIB_ELF/LIBSGL.A(sglI01.o)
                0x06025dc0                slInitSynch
                0x06025dda                slSynch
                0x06025ed0                slRandom
                0x06025eee                PCM_EndCheck
                0x06025faa                RetPCMBuf
                0x06026044                PCM_Buf
                0x060260e4                Sound_Buf
 *fill*         0x06026164        0xc 
 SLPROG         0x06026170       0x10 ../../Compiler/COMMON/SGL_302j/LIB_ELF/LIBSGL.A(sglI04.o)
                0x06026170                slIntFunction
 SLPROG         0x06026180       0x74 ../../Compiler/COMMON/SGL_302j/LIB_ELF/LIBSGL.A(sglJ00.o)
                0x06026180                InitSlaveSH
                0x060261e8                SlaveCommand
 *fill*         0x060261f4        0xc 
 SLPROG         0x06026200      0x3d0 ../../Compiler/COMMON/SGL_302j/LIB_ELF/LIBSGL.A(sglJ01.o)
                0x06026200                SlaveControl
                0x060265bc                ErasePolygonData
 SLPROG         0x060265d0     0x12b8 ../../Compiler/COMMON/SGL_302j/LIB_ELF/LIBSGL.A(sglJ02.o)
                0x060265d0                sbMakePolygon
                0x060267b8                sbCalcPolygon
                0x060274f0                SetTexture
                0x060274fc                SetPolygon
                0x06027504                SetPosition
                0x0602753c                stvtc_4
                0x060275f4                stvtc_3
                0x06027804                stvtc_1
                0x06027818                stvtc_2
                0x0602782c                stvtc_0
 *fill*         0x06027888        0x8 
 SLPROG         0x06027890      0x140 ../../Compiler/COMMON/SGL_302j/LIB_ELF/LIBSGL.A(sglJ03.o)
                0x06027890                sbMakeDMATable
 SLPROG         0x060279d0      0x470 ../../Compiler/COMMON/SGL_302j/LIB_ELF/LIBSGL.A(sglJ04.o)
                0x06027a2e                sbMakeSprite
                0x06027a94                sbMakeRotSprite
 SLPROG         0x06027e40       0x3c ../../Compiler/COMMON/SGL_302j/LIB_ELF/LIBSGL.A(sglJ05.o)
                0x06027e40                sbSortEntry
 *fill*         0x06027e7c        0x4 
 SLPROG         0x06027e80       0x6a ../../Compiler/COMMON/SGL_302j/LIB_ELF/LIBSGL.A(sglM01.o)
                0x06027e80                slSetDepthLimit
                0x06027eac                slSetDepthTbl
                0x06027edc                DepthWorkArea
 *fill*         0x06027eea        0x6 
 SLPROG         0x06027ef0       0x20 ../../Compiler/COMMON/SGL_302j/LIB_ELF/LIBSGL.A(sglA00.o)
                0x06027ef0                set_imask
                0x06027ef0                _builtin_set_imask
                0x06027f04                _builtin_get_imask
                0x06027f04                get_imask
 SLPROG         0x06027f10      0xbd0 ../../Compiler/COMMON/SGL_302j/LIB_ELF/LIBSGL.A(sglB000.o)
                0x06027f10                slInitScroll
                0x06028030                setASC_1to8
                0x06028060                setASC_4to8
                0x06028170                TVSizeTbl
                0x060281f0                TVModeTbl
                0x060283c8                SGL_ASCII_CG
 SLPROG         0x06028ae0      0x134 ../../Compiler/COMMON/SGL_302j/LIB_ELF/LIBSGL.A(sglC00.o)
                0x06028ae0                slInitSprite
 *fill*         0x06028c14        0xc 
 SLPROG         0x06028c20      0x75c ../../Compiler/COMMON/SGL_302j/LIB_ELF/LIBSGL.A(sglI00.o)
                0x06028f10                slInitInterrupt
 *fill*         0x0602937c        0x4 
 SLPROG         0x06029380       0xf0 ../../Compiler/COMMON/SGL_302j/LIB_ELF/LIBSGL.A(sglH03.o)
                0x060293e4                slSmpcIntBack
                0x06029470                __slprog_end = .

.tors           0x06029470        0x0
                0x06029470                ___ctors = .
 *(.ctors)
                0x06029470                ___ctors_end = .
                0x06029470                ___dtors = .
 *(.dtors)
                0x06029470                ___dtors_end = .

.data           0x06029470     0x6d50
 *(.data)
 .data          0x06029470        0x0 ../../Compiler/COMMON/SGL_302j/LIB_ELF/SGLAREA.O
 .data          0x06029470        0x5 main.o
                0x06029470                player_y
                0x06029474                increasing
 *fill*         0x06029475        0x3 
 .data          0x06029478        0x8 pcmsys.o
                0x06029478                master_volume
                0x0602947c                m68k_com
 .data          0x06029480        0x0 ../../jo_engine/tga.o
 .data          0x06029480     0x682f ../../jo_engine/audio.o
                0x060294bc                sddrvstsk
 *fill*         0x0602fcaf        0x1 
 .data          0x0602fcb0       0x28 ../../jo_engine/3d.o
 .data          0x0602fcd8        0x4 ../../jo_engine/fs.o
 .data          0x0602fcdc        0x0 ../../jo_engine/font.o
 .data          0x0602fcdc        0x0 ../../jo_engine/input.o
 .data          0x0602fcdc        0x0 ../../jo_engine/physics.o
 .data          0x0602fcdc        0x0 ../../jo_engine/core.o
 .data          0x0602fcdc        0x4 ../../jo_engine/math.o
                0x0602fcdc                jo_random_seed
 .data          0x0602fce0        0x0 ../../jo_engine/malloc.o
 .data          0x0602fce0        0x0 ../../jo_engine/tools.o
 .data          0x0602fce0        0x0 ../../jo_engine/palette.o
 .data          0x0602fce0       0x2c ../../jo_engine/sprites.o
                0x0602fce4                __jo_gouraud_shading_runtime_index
                0x0602fce8                __jo_sprite_pos
                0x0602fcf4                __jo_sprite_attributes
 .data          0x0602fd0c        0x0 ../../jo_engine/map.o
 .data          0x0602fd0c        0x0 ../../jo_engine/list.o
 .data          0x0602fd0c        0x4 ../../jo_engine/sprite_animator.o
 .data          0x0602fd10        0x0 ../../jo_engine/image.o
 .data          0x0602fd10        0x0 ../../jo_engine/vdp2.o
 .data          0x0602fd10        0x0 ../../jo_engine/time.o
 .data          0x0602fd10        0x0 ../../jo_engine/vdp1_command_pipeline.o
 .data          0x0602fd10       0x10 ../../jo_engine/vdp2_malloc.o
 .data          0x0602fd20        0x0 ../../Compiler/COMMON/SGL_302j/LIB_ELF/SEGA_SYS.A(sys_exit.o)
 .data          0x0602fd20        0x0 ../../Compiler/COMMON/SGL_302j/LIB_ELF/SEGA_SYS.A(sys_sub.o)
 .data          0x0602fd20        0x0 ../../Compiler/COMMON/SGL_302j/LIB_ELF/LIBCD.A(CDC_CMN.O)
 .data          0x0602fd20        0x0 ../../Compiler/COMMON/SGL_302j/LIB_ELF/LIBCD.A(CDC_DRV.O)
 .data          0x0602fd20        0x0 ../../Compiler/COMMON/SGL_302j/LIB_ELF/LIBCD.A(CDC_CFS.O)
 .data          0x0602fd20        0x0 ../../Compiler/COMMON/SGL_302j/LIB_ELF/LIBCD.A(CDC_REG.O)
 .data          0x0602fd20        0x0 ../../Compiler/COMMON/SGL_302j/LIB_ELF/LIBCD.A(CDC_SUB.O)
 .data          0x0602fd20        0x0 ../../Compiler/COMMON/SGL_302j/LIB_ELF/LIBCD.A(GFS.O)
 .data          0x0602fd20        0x0 ../../Compiler/COMMON/SGL_302j/LIB_ELF/LIBCD.A(GFS_BUF.O)
 .data          0x0602fd20        0x0 ../../Compiler/COMMON/SGL_302j/LIB_ELF/LIBCD.A(GFS_CDB.O)
 .data          0x0602fd20        0x0 ../../Compiler/COMMON/SGL_302j/LIB_ELF/LIBCD.A(GFS_CDC.O)
 .data          0x0602fd20        0x0 ../../Compiler/COMMON/SGL_302j/LIB_ELF/LIBCD.A(GFS_CDF.O)
 .data          0x0602fd20        0x0 ../../Compiler/COMMON/SGL_302j/LIB_ELF/LIBCD.A(GFS_DIR.O)
 .data          0x0602fd20        0x0 ../../Compiler/COMMON/SGL_302j/LIB_ELF/LIBCD.A(GFS_TRN.O)
 .data          0x0602fd20        0x0 ../../Compiler/COMMON/SGL_302j/LIB_ELF/LIBCD.A(CDC_DEV.O)
 .data          0x0602fd20        0x0 ../../Compiler/COMMON/SGL_302j/LIB_ELF/LIBCD.A(CDC_SEL.O)
 .data          0x0602fd20        0x0 ../../Compiler/COMMON/SGL_302j/LIB_ELF/LIBCD.A(CDC_BIF.O)
 .data          0x0602fd20        0x0 ../../Compiler/COMMON/SGL_302j/LIB_ELF/LIBCD.A(CDC_BIO.O)
 .data          0x0602fd20        0x0 ../../Compiler/COMMON/SGL_302j/LIB_ELF/LIBSGL.A(sglA01.o)
 .data          0x0602fd20        0x0 ../../Compiler/COMMON/SGL_302j/LIB_ELF/LIBSGL.A(sglA20.o)
 .data          0x0602fd20        0x0 ../../Compiler/COMMON/SGL_302j/LIB_ELF/LIBSGL.A(sglA21.o)
 .data          0x0602fd20        0x0 ../../Compiler/COMMON/SGL_302j/LIB_ELF/LIBSGL.A(sglA27.o)
 .data          0x0602fd20        0x0 ../../Compiler/COMMON/SGL_302j/LIB_ELF/LIBSGL.A(sglB001.o)
 .data          0x0602fd20        0x0 ../../Compiler/COMMON/SGL_302j/LIB_ELF/LIBSGL.A(sglB011.o)
 .data          0x0602fd20        0x0 ../../Compiler/COMMON/SGL_302j/LIB_ELF/LIBSGL.A(sglB014.o)
 .data          0x0602fd20        0x0 ../../Compiler/COMMON/SGL_302j/LIB_ELF/LIBSGL.A(sglB015.o)
 .data          0x0602fd20        0x0 ../../Compiler/COMMON/SGL_302j/LIB_ELF/LIBSGL.A(sglB016.o)
 .data          0x0602fd20        0x0 ../../Compiler/COMMON/SGL_302j/LIB_ELF/LIBSGL.A(sglB020.o)
 .data          0x0602fd20        0x0 ../../Compiler/COMMON/SGL_302j/LIB_ELF/LIBSGL.A(sglB021.o)
 .data          0x0602fd20        0x0 ../../Compiler/COMMON/SGL_302j/LIB_ELF/LIBSGL.A(sglB023.o)
 .data          0x0602fd20        0x0 ../../Compiler/COMMON/SGL_302j/LIB_ELF/LIBSGL.A(sglB032.o)
 .data          0x0602fd20        0x0 ../../Compiler/COMMON/SGL_302j/LIB_ELF/LIBSGL.A(sglB035.o)
 .data          0x0602fd20        0x0 ../../Compiler/COMMON/SGL_302j/LIB_ELF/LIBSGL.A(sglB036.o)
 .data          0x0602fd20        0x0 ../../Compiler/COMMON/SGL_302j/LIB_ELF/LIBSGL.A(sglB038.o)
 .data          0x0602fd20        0x0 ../../Compiler/COMMON/SGL_302j/LIB_ELF/LIBSGL.A(sglB039.o)
 .data          0x0602fd20        0x0 ../../Compiler/COMMON/SGL_302j/LIB_ELF/LIBSGL.A(sglB040.o)
 .data          0x0602fd20        0x0 ../../Compiler/COMMON/SGL_302j/LIB_ELF/LIBSGL.A(sglB041.o)
 .data          0x0602fd20        0x0 ../../Compiler/COMMON/SGL_302j/LIB_ELF/LIBSGL.A(sglB043.o)
 .data          0x0602fd20        0x0 ../../Compiler/COMMON/SGL_302j/LIB_ELF/LIBSGL.A(sglB047.o)
 .data          0x0602fd20        0x0 ../../Compiler/COMMON/SGL_302j/LIB_ELF/LIBSGL.A(sglB048.o)
 .data          0x0602fd20        0x0 ../../Compiler/COMMON/SGL_302j/LIB_ELF/LIBSGL.A(sglB056.o)
 .data          0x0602fd20        0x0 ../../Compiler/COMMON/SGL_302j/LIB_ELF/LIBSGL.A(sglB059.o)
 .data          0x0602fd20        0x0 ../../Compiler/COMMON/SGL_302j/LIB_ELF/LIBSGL.A(sglB060.o)
 .data          0x0602fd20        0x0 ../../Compiler/COMMON/SGL_302j/LIB_ELF/LIBSGL.A(sglB063.o)
 .data          0x0602fd20        0x0 ../../Compiler/COMMON/SGL_302j/LIB_ELF/LIBSGL.A(sglB087.o)
 .data          0x0602fd20        0x0 ../../Compiler/COMMON/SGL_302j/LIB_ELF/LIBSGL.A(sglB088.o)
 .data          0x0602fd20        0x0 ../../Compiler/COMMON/SGL_302j/LIB_ELF/LIBSGL.A(sglB090.o)
 .data          0x0602fd20        0x0 ../../Compiler/COMMON/SGL_302j/LIB_ELF/LIBSGL.A(sglB200.o)
 .data          0x0602fd20        0x0 ../../Compiler/COMMON/SGL_302j/LIB_ELF/LIBSGL.A(sglC04.o)
 .data          0x0602fd20        0x0 ../../Compiler/COMMON/SGL_302j/LIB_ELF/LIBSGL.A(sglC05.o)
 .data          0x0602fd20        0x0 ../../Compiler/COMMON/SGL_302j/LIB_ELF/LIBSGL.A(sglC06.o)
 .data          0x0602fd20        0x0 ../../Compiler/COMMON/SGL_302j/LIB_ELF/LIBSGL.A(sglC07.o)
 .data          0x0602fd20        0x0 ../../Compiler/COMMON/SGL_302j/LIB_ELF/LIBSGL.A(sglC08.o)
 .data          0x0602fd20        0x0 ../../Compiler/COMMON/SGL_302j/LIB_ELF/LIBSGL.A(sglC16.o)
 .data          0x0602fd20        0x0 ../../Compiler/COMMON/SGL_302j/LIB_ELF/LIBSGL.A(sglC17.o)
 .data          0x0602fd20        0x0 ../../Compiler/COMMON/SGL_302j/LIB_ELF/LIBSGL.A(sglC19.o)
 .data          0x0602fd20        0x0 ../../Compiler/COMMON/SGL_302j/LIB_ELF/LIBSGL.A(sglC20.o)
 .data          0x0602fd20        0x0 ../../Compiler/COMMON/SGL_302j/LIB_ELF/LIBSGL.A(sglC21.o)
 .data          0x0602fd20        0x0 ../../Compiler/COMMON/SGL_302j/LIB_ELF/LIBSGL.A(sglD00.o)
 .data          0x0602fd20        0x0 ../../Compiler/COMMON/SGL_302j/LIB_ELF/LIBSGL.A(sglD01.o)
 .data          0x0602fd20        0x0 ../../Compiler/COMMON/SGL_302j/LIB_ELF/LIBSGL.A(sglD02.o)
 .data          0x0602fd20        0x0 ../../Compiler/COMMON/SGL_302j/LIB_ELF/LIBSGL.A(sglD03.o)
 .data          0x0602fd20        0x0 ../../Compiler/COMMON/SGL_302j/LIB_ELF/LIBSGL.A(sglD15.o)
 .data          0x0602fd20        0x0 ../../Compiler/COMMON/SGL_302j/LIB_ELF/LIBSGL.A(sglD16.o)
 .data          0x0602fd20        0x0 ../../Compiler/COMMON/SGL_302j/LIB_ELF/LIBSGL.A(sglD17.o)
 .data          0x0602fd20        0x0 ../../Compiler/COMMON/SGL_302j/LIB_ELF/LIBSGL.A(sglD18.o)
 .data          0x0602fd20        0x0 ../../Compiler/COMMON/SGL_302j/LIB_ELF/LIBSGL.A(sglF00.o)
 .data          0x0602fd20        0x0 ../../Compiler/COMMON/SGL_302j/LIB_ELF/LIBSGL.A(sglF05.o)
 .data          0x0602fd20        0x0 ../../Compiler/COMMON/SGL_302j/LIB_ELF/LIBSGL.A(sglF08.o)
 .data          0x0602fd20        0x0 ../../Compiler/COMMON/SGL_302j/LIB_ELF/LIBSGL.A(sglG00.o)
 .data          0x0602fd20        0x0 ../../Compiler/COMMON/SGL_302j/LIB_ELF/LIBSGL.A(sglG01.o)
 .data          0x0602fd20        0x0 ../../Compiler/COMMON/SGL_302j/LIB_ELF/LIBSGL.A(sglG19.o)
 .data          0x0602fd20        0x0 ../../Compiler/COMMON/SGL_302j/LIB_ELF/LIBSGL.A(sglG21.o)
 .data          0x0602fd20        0x0 ../../Compiler/COMMON/SGL_302j/LIB_ELF/LIBSGL.A(sglG22.o)
 .data          0x0602fd20        0x0 ../../Compiler/COMMON/SGL_302j/LIB_ELF/LIBSGL.A(sglG25.o)
 .data          0x0602fd20        0x0 ../../Compiler/COMMON/SGL_302j/LIB_ELF/LIBSGL.A(sglH00.o)
 .data          0x0602fd20        0x0 ../../Compiler/COMMON/SGL_302j/LIB_ELF/LIBSGL.A(sglH01.o)
 .data          0x0602fd20        0x0 ../../Compiler/COMMON/SGL_302j/LIB_ELF/LIBSGL.A(sglH02.o)
 .data          0x0602fd20        0x0 ../../Compiler/COMMON/SGL_302j/LIB_ELF/LIBSGL.A(sglH04.o)
 .data          0x0602fd20        0x0 ../../Compiler/COMMON/SGL_302j/LIB_ELF/LIBSGL.A(sglI01.o)
 .data          0x0602fd20        0x0 ../../Compiler/COMMON/SGL_302j/LIB_ELF/LIBSGL.A(sglI04.o)
 .data          0x0602fd20       0x80 ../../Compiler/COMMON/SGL_302j/LIB_ELF/LIBSGL.A(sglIc0.o)
                0x0602fd20                IntPrioMask
 .data          0x0602fda0        0x0 ../../Compiler/COMMON/SGL_302j/LIB_ELF/LIBSGL.A(sglJ00.o)
 .data          0x0602fda0        0x0 ../../Compiler/COMMON/SGL_302j/LIB_ELF/LIBSGL.A(sglJ01.o)
 .data          0x0602fda0        0x0 ../../Compiler/COMMON/SGL_302j/LIB_ELF/LIBSGL.A(sglJ02.o)
 .data          0x0602fda0        0x0 ../../Compiler/COMMON/SGL_302j/LIB_ELF/LIBSGL.A(sglJ03.o)
 .data          0x0602fda0        0x0 ../../Compiler/COMMON/SGL_302j/LIB_ELF/LIBSGL.A(sglJ04.o)
 .data          0x0602fda0        0x0 ../../Compiler/COMMON/SGL_302j/LIB_ELF/LIBSGL.A(sglJ05.o)
 .data          0x0602fda0        0x0 ../../Compiler/COMMON/SGL_302j/LIB_ELF/LIBSGL.A(sglK01.o)
 .data          0x0602fda0        0x0 ../../Compiler/COMMON/SGL_302j/LIB_ELF/LIBSGL.A(sglM01.o)
 .data          0x0602fda0        0x0 ../../Compiler/COMMON/SGL_302j/LIB_ELF/LIBSGL.A(sglA00.o)
 .data          0x0602fda0        0x0 ../../Compiler/COMMON/SGL_302j/LIB_ELF/LIBSGL.A(sglB000.o)
 .data          0x0602fda0        0x0 ../../Compiler/COMMON/SGL_302j/LIB_ELF/LIBSGL.A(sglC00.o)
 .data          0x0602fda0        0x0 ../../Compiler/COMMON/SGL_302j/LIB_ELF/LIBSGL.A(sglI00.o)
 .data          0x0602fda0        0x0 ../../Compiler/COMMON/SGL_302j/LIB_ELF/LIBSGL.A(sglH03.o)
 .data          0x0602fda0        0x0 c:/users/usuario/desktop/joengine-master/joengine-master/compiler/windows/bin/../lib/gcc/sh-elf/9.3.0\libgcc.a(_ashiftrt.o)
 .data          0x0602fda0        0x0 c:/users/usuario/desktop/joengine-master/joengine-master/compiler/windows/bin/../lib/gcc/sh-elf/9.3.0\libgcc.a(_ashiftrt_n.o)
 .data          0x0602fda0        0x0 c:/users/usuario/desktop/joengine-master/joengine-master/compiler/windows/bin/../lib/gcc/sh-elf/9.3.0\libgcc.a(_ashiftlt.o)
 .data          0x0602fda0        0x0 c:/users/usuario/desktop/joengine-master/joengine-master/compiler/windows/bin/../lib/gcc/sh-elf/9.3.0\libgcc.a(_lshiftrt.o)
 .data          0x0602fda0        0x0 c:/users/usuario/desktop/joengine-master/joengine-master/compiler/windows/bin/../lib/gcc/sh-elf/9.3.0\libgcc.a(_sdivsi3.o)
 .data          0x0602fda0        0x0 c:/users/usuario/desktop/joengine-master/joengine-master/compiler/windows/bin/../lib/gcc/sh-elf/9.3.0\libgcc.a(_udivsi3.o)
 .data          0x0602fda0        0x0 c:/users/usuario/desktop/joengine-master/joengine-master/compiler/windows/bin/../lib/gcc/sh-elf/9.3.0\libgcc.a(_addsub_sf.o)
 .data          0x0602fda0        0x0 c:/users/usuario/desktop/joengine-master/joengine-master/compiler/windows/bin/../lib/gcc/sh-elf/9.3.0\libgcc.a(_mul_sf.o)
 .data          0x0602fda0        0x0 c:/users/usuario/desktop/joengine-master/joengine-master/compiler/windows/bin/../lib/gcc/sh-elf/9.3.0\libgcc.a(_div_sf.o)
 .data          0x0602fda0        0x0 c:/users/usuario/desktop/joengine-master/joengine-master/compiler/windows/bin/../lib/gcc/sh-elf/9.3.0\libgcc.a(_gt_sf.o)
 .data          0x0602fda0        0x0 c:/users/usuario/desktop/joengine-master/joengine-master/compiler/windows/bin/../lib/gcc/sh-elf/9.3.0\libgcc.a(_ge_sf.o)
 .data          0x0602fda0        0x0 c:/users/usuario/desktop/joengine-master/joengine-master/compiler/windows/bin/../lib/gcc/sh-elf/9.3.0\libgcc.a(_lt_sf.o)
 .data          0x0602fda0        0x0 c:/users/usuario/desktop/joengine-master/joengine-master/compiler/windows/bin/../lib/gcc/sh-elf/9.3.0\libgcc.a(_le_sf.o)
 .data          0x0602fda0        0x0 c:/users/usuario/desktop/joengine-master/joengine-master/compiler/windows/bin/../lib/gcc/sh-elf/9.3.0\libgcc.a(_si_to_sf.o)
 .data          0x0602fda0        0x0 c:/users/usuario/desktop/joengine-master/joengine-master/compiler/windows/bin/../lib/gcc/sh-elf/9.3.0\libgcc.a(_sf_to_si.o)
 .data          0x0602fda0        0x0 c:/users/usuario/desktop/joengine-master/joengine-master/compiler/windows/bin/../lib/gcc/sh-elf/9.3.0\libgcc.a(_sf_to_df.o)
 .data          0x0602fda0        0x0 c:/users/usuario/desktop/joengine-master/joengine-master/compiler/windows/bin/../lib/gcc/sh-elf/9.3.0\libgcc.a(_thenan_sf.o)
 .data          0x0602fda0        0x0 c:/users/usuario/desktop/joengine-master/joengine-master/compiler/windows/bin/../lib/gcc/sh-elf/9.3.0\libgcc.a(_usi_to_sf.o)